******************************************************************************
                  TI ARM Linker PC v16.9.6                     
******************************************************************************
>> Linked Wed Feb 07 12:06:30 2018

OUTPUT FILE NAME:   <Lab3.out>
ENTRY POINT SYMBOL: "_c_int00"  address: 000025cd


MEMORY CONFIGURATION

         name            origin    length      used     unused   attr    fill
----------------------  --------  ---------  --------  --------  ----  --------
  FLASH                 00000000   00040000  00002a07  0003d5f9  R  X
  SRAM                  20000000   00008000  00001074  00006f8c  RW X


SEGMENT ALLOCATION MAP

run origin  load origin   length   init length attrs members
----------  ----------- ---------- ----------- ----- -------
00000000    00000000    00002a08   00002a08    r-x
  00000000    00000000    0000026c   0000026c    r-- .intvecs
  0000026c    0000026c    0000265a   0000265a    r-x .text
  000028c6    000028c6    00000109   00000109    r-- .const
  000029d0    000029d0    00000038   00000038    r-- .cinit
20000000    20000000    00001077   00000000    rw-
  20000000    20000000    00001000   00000000    rw- .stack
  20001000    20001000    00000055   00000000    rw- .bss
  20001058    20001058    0000001f   00000000    rw- .data


SECTION ALLOCATION MAP

 output                                  attributes/
section   page    origin      length       input sections
--------  ----  ----------  ----------   ----------------
.intvecs   0    00000000    0000026c     
                  00000000    0000026c     tm4c123gh6pm_startup_ccs.obj (.intvecs)

.text      0    0000026c    0000265a     
                  0000026c    0000113e     rtsv7M4_T_le_v4SPD16_eabi.lib : _printfi.obj (.text)
                  000013aa    00000002                                   : mpu_init.obj (.text)
                  000013ac    00000334     lcd_stepper.obj (.text)
                  000016e0    000001f4     rtsv7M4_T_le_v4SPD16_eabi.lib : ull_div_t2.obj (.text)
                  000018d4    000001d8     lab3_template.obj (.text)
                  00001aac    000001b6     rtsv7M4_T_le_v4SPD16_eabi.lib : fd_add_t2.obj (.text)
                  00001c62    00000002                                   : startup.obj (.text)
                  00001c64    00000158     Timer.obj (.text)
                  00001dbc    00000136     rtsv7M4_T_le_v4SPD16_eabi.lib : fd_div_t2.obj (.text)
                  00001ef2    000000fc                                   : fd_mul_t2.obj (.text)
                  00001fee    00000002     --HOLE-- [fill = 0]
                  00001ff0    000000fc                                   : s_scalbn.obj (.text)
                  000020ec    000000f8     button.obj (.text)
                  000021e4    0000009c     rtsv7M4_T_le_v4SPD16_eabi.lib : memcpy_t2.obj (.text)
                  00002280    00000088                                   : vsnprintf.obj (.text)
                  00002308    00000086                                   : fd_cmp_t2.obj (.text:__aeabi_cdcmple)
                  0000238e    00000086                                   : fd_cmp_t2.obj (.text:__aeabi_cdrcmple)
                  00002414    0000007a                                   : memset_t2.obj (.text)
                  0000248e    00000002     --HOLE-- [fill = 0]
                  00002490    00000070                                   : autoinit.obj (.text)
                  00002500    00000068                                   : copy_decompress_lzss.obj (.text:decompress:lzss)
                  00002568    00000064                                   : s_frexp.obj (.text)
                  000025cc    00000054                                   : boot.obj (.text)
                  00002620    00000054                                   : exit.obj (.text)
                  00002674    00000054                                   : ltoa.obj (.text)
                  000026c8    0000004c                                   : atoi.obj (.text)
                  00002714    0000004c                                   : cpy_tbl.obj (.text)
                  00002760    00000048                                   : fd_toi_t2.obj (.text)
                  000027a8    0000002e                                   : i_tofd_t2.obj (.text)
                  000027d6    0000001c                                   : memccpy.obj (.text)
                  000027f2    00000002     --HOLE-- [fill = 0]
                  000027f4    00000018                                   : args_main.obj (.text)
                  0000280c    00000018                                   : strcmp.obj (.text)
                  00002824    00000016                                   : strchr.obj (.text)
                  0000283a    00000002     --HOLE-- [fill = 0]
                  0000283c    00000014                                   : _lock.obj (.text)
                  00002850    00000014                                   : s_copysign.obj (.text)
                  00002864    00000014                                   : strcpy.obj (.text)
                  00002878    00000014                                   : strlen.obj (.text)
                  0000288c    00000010     lcd_stepper.obj (.text:lcd_clear)
                  0000289c    0000000e     rtsv7M4_T_le_v4SPD16_eabi.lib : copy_decompress_none.obj (.text:decompress:none)
                  000028aa    0000000c                                   : copy_zero_init.obj (.text:decompress:ZI)
                  000028b6    0000000c     tm4c123gh6pm_startup_ccs.obj (.text)
                  000028c2    00000004     rtsv7M4_T_le_v4SPD16_eabi.lib : pre_init.obj (.text)

.const     0    000028c6    00000109     
                  000028c6    00000101     rtsv7M4_T_le_v4SPD16_eabi.lib : ctype.obj (.const:.string:_ctypes_)
                  000029c7    00000004     lcd_stepper.obj (.const:.string:lineAddress$1)
                  000029cb    00000004     lcd_stepper.obj (.const:.string:lineAddresses$2)

.cinit     0    000029d0    00000038     
                  000029d0    00000014     (.cinit..data.load) [load image, compression = lzss]
                  000029e4    0000000c     (__TI_handler_table)
                  000029f0    00000008     (.cinit..bss.load) [load image, compression = zero_init]
                  000029f8    00000010     (__TI_cinit_table)

.init_array 
*          0    00000000    00000000     UNINITIALIZED

.stack     0    20000000    00001000     UNINITIALIZED
                  20000000    00001000     --HOLE--

.bss       0    20001000    00000055     UNINITIALIZED
                  20001000    00000054     lcd_stepper.obj (.bss:lastbuffer$3)
                  20001054    00000001     (.common:_prevButton)

.data      0    20001058    0000001f     UNINITIALIZED
                  20001058    0000000c     rtsv7M4_T_le_v4SPD16_eabi.lib : exit.obj (.data:$O1$$)
                  20001064    00000008                                   : _lock.obj (.data:$O1$$)
                  2000106c    00000004                                   : errno.obj (.data)
                  20001070    00000004                                   : stkdepth_vars.obj (.data)
                  20001074    00000002     lab3_template.obj (.data)
                  20001076    00000001     button.obj (.data)

MODULE SUMMARY

       Module                         code   ro data   rw data
       ------                         ----   -------   -------
    .\
       lcd_stepper.obj                836    8         84     
       tm4c123gh6pm_startup_ccs.obj   12     620       0      
       lab3_template.obj              472    0         2      
       Timer.obj                      344    0         0      
       button.obj                     248    0         2      
    +--+------------------------------+------+---------+---------+
       Total:                         1912   628       88     
                                                              
    C:\ti\ccsv7\tools\compiler\ti-cgt-arm_16.9.6.LTS\lib\rtsv7M4_T_le_v4SPD16_eabi.lib
       _printfi.obj                   4414   0         0      
       ull_div_t2.obj                 500    0         0      
       fd_add_t2.obj                  438    0         0      
       fd_div_t2.obj                  310    0         0      
       fd_cmp_t2.obj                  268    0         0      
       ctype.obj                      0      257       0      
       fd_mul_t2.obj                  252    0         0      
       s_scalbn.obj                   252    0         0      
       memcpy_t2.obj                  156    0         0      
       vsnprintf.obj                  136    0         0      
       memset_t2.obj                  122    0         0      
       autoinit.obj                   112    0         0      
       copy_decompress_lzss.obj       104    0         0      
       s_frexp.obj                    100    0         0      
       exit.obj                       84     0         12     
       boot.obj                       84     0         0      
       ltoa.obj                       84     0         0      
       atoi.obj                       76     0         0      
       cpy_tbl.obj                    76     0         0      
       fd_toi_t2.obj                  72     0         0      
       i_tofd_t2.obj                  46     0         0      
       _lock.obj                      20     0         8      
       memccpy.obj                    28     0         0      
       args_main.obj                  24     0         0      
       strcmp.obj                     24     0         0      
       strchr.obj                     22     0         0      
       s_copysign.obj                 20     0         0      
       strcpy.obj                     20     0         0      
       strlen.obj                     20     0         0      
       copy_decompress_none.obj       14     0         0      
       copy_zero_init.obj             12     0         0      
       errno.obj                      0      0         4      
       pre_init.obj                   4      0         0      
       stkdepth_vars.obj              0      0         4      
       mpu_init.obj                   2      0         0      
       startup.obj                    2      0         0      
    +--+------------------------------+------+---------+---------+
       Total:                         7898   257       28     
                                                              
       Stack:                         0      0         4096   
       Linker Generated:              0      56        0      
    +--+------------------------------+------+---------+---------+
       Grand Total:                   9810   941       4212   


LINKER GENERATED COPY TABLES

__TI_cinit_table @ 000029f8 records: 2, size/record: 8, table size: 16
	.data: load addr=000029d0, load size=00000014 bytes, run addr=20001058, run size=0000001f bytes, compression=lzss
	.bss: load addr=000029f0, load size=00000008 bytes, run addr=20001000, run size=00000055 bytes, compression=zero_init


LINKER GENERATED HANDLER TABLE

__TI_handler_table @ 000029e4 records: 3, size/record: 4, table size: 12
	index: 0, handler: __TI_decompress_lzss
	index: 1, handler: __TI_decompress_none
	index: 2, handler: __TI_zero_init


GLOBAL SYMBOLS: SORTED ALPHABETICALLY BY Name 

address   name                           
-------   ----                           
00002621  C$$EXIT                        
000028b7  ResetISR                       
UNDEFED   SHT$$INIT_ARRAY$$Base          
UNDEFED   SHT$$INIT_ARRAY$$Limit         
20001000  __STACK_END                    
00001000  __STACK_SIZE                   
20000200  __STACK_TOP                    
000029f8  __TI_CINIT_Base                
00002a08  __TI_CINIT_Limit               
000029e4  __TI_Handler_Table_Base        
000029f0  __TI_Handler_Table_Limit       
00002491  __TI_auto_init                 
20001058  __TI_cleanup_ptr               
00002501  __TI_decompress_lzss           
0000289d  __TI_decompress_none           
2000105c  __TI_dtors_ptr                 
20001060  __TI_enable_exit_profile_output
ffffffff  __TI_pprof_out_hndl            
00000ab1  __TI_printfi                   
ffffffff  __TI_prof_data_size            
ffffffff  __TI_prof_data_start           
00000000  __TI_static_base__             
000028ab  __TI_zero_init                 
00002309  __aeabi_cdcmpeq                
00002309  __aeabi_cdcmple                
0000238f  __aeabi_cdrcmple               
00002761  __aeabi_d2iz                   
00001ab7  __aeabi_dadd                   
00001dbd  __aeabi_ddiv                   
00001ef3  __aeabi_dmul                   
00001aad  __aeabi_dsub                   
000027a9  __aeabi_i2d                    
00002415  __aeabi_memclr                 
00002415  __aeabi_memclr4                
00002415  __aeabi_memclr8                
000021e5  __aeabi_memcpy                 
000021e5  __aeabi_memcpy4                
000021e5  __aeabi_memcpy8                
00002417  __aeabi_memset                 
00002417  __aeabi_memset4                
00002417  __aeabi_memset8                
000016e1  __aeabi_uldivmod               
ffffffff  __binit__                      
ffffffff  __c_args__                     
000013ab  __mpu_init                     
20000000  __stack                        
000027f5  _args_main                     
000025cd  _c_int00                       
000028c6  _ctypes_                       
20001064  _lock                          
0000284b  _nop                           
20001054  _prevButton                    
00002843  _register_lock                 
0000283d  _register_unlock               
00001c63  _system_post_cinit             
000028c3  _system_pre_init               
20001068  _unlock                        
00002625  abort                          
000026c9  atoi                           
ffffffff  binit                          
00002119  button_checkButtons            
00002123  button_getButton               
00002179  button_getButtonBlocking       
0000218d  button_getButtonChange         
000021b7  button_getButtonChangeBlocking 
000020ed  button_init                    
00002715  copy_in                        
00002851  copysign                       
00002851  copysignl                      
2000106c  errno                          
0000262d  exit                           
00002569  frexp                          
00002569  frexpl                         
00000000  g_pfnVectors                   
0000288d  lcd_clear                      
0000158d  lcd_gotoLine                   
000013e9  lcd_init                       
000015f3  lcd_printf                     
000014a9  lcd_putc                       
000014e1  lcd_puts                       
000013ad  lcd_reverseNibble              
000014ff  lcd_sendCommand                
0000153d  lcd_sendNibble                 
000015b5  lcd_setCursorPos               
00001ff1  ldexp                          
00001ff1  ldexpl                         
00002675  ltoa                           
00001a35  main                           
20001070  main_func_sp                   
000027d7  memccpy                        
000021e5  memcpy                         
0000241d  memset                         
0000197d  move_stepper_motor_by_step     
000018ff  read_shaft_encoder             
00001ff1  scalbn                         
00001ff1  scalbnl                        
000018d5  shaft_encoder_init             
0000194b  stepper_init                   
00002825  strchr                         
0000280d  strcmp                         
00002865  strcpy                         
00002879  strlen                         
00001d75  timer_getClock                 
00001d29  timer_startClock               
00001cc3  timer_startTimer               
00001d7b  timer_stopClock                
00001d13  timer_stopTimer                
00001c99  timer_waitMicros               
00001c65  timer_waitMillis               
00002281  vsnprintf                      


GLOBAL SYMBOLS: SORTED BY Symbol Address 

address   name                           
-------   ----                           
00000000  __TI_static_base__             
00000000  g_pfnVectors                   
00000ab1  __TI_printfi                   
00001000  __STACK_SIZE                   
000013ab  __mpu_init                     
000013ad  lcd_reverseNibble              
000013e9  lcd_init                       
000014a9  lcd_putc                       
000014e1  lcd_puts                       
000014ff  lcd_sendCommand                
0000153d  lcd_sendNibble                 
0000158d  lcd_gotoLine                   
000015b5  lcd_setCursorPos               
000015f3  lcd_printf                     
000016e1  __aeabi_uldivmod               
000018d5  shaft_encoder_init             
000018ff  read_shaft_encoder             
0000194b  stepper_init                   
0000197d  move_stepper_motor_by_step     
00001a35  main                           
00001aad  __aeabi_dsub                   
00001ab7  __aeabi_dadd                   
00001c63  _system_post_cinit             
00001c65  timer_waitMillis               
00001c99  timer_waitMicros               
00001cc3  timer_startTimer               
00001d13  timer_stopTimer                
00001d29  timer_startClock               
00001d75  timer_getClock                 
00001d7b  timer_stopClock                
00001dbd  __aeabi_ddiv                   
00001ef3  __aeabi_dmul                   
00001ff1  ldexp                          
00001ff1  ldexpl                         
00001ff1  scalbn                         
00001ff1  scalbnl                        
000020ed  button_init                    
00002119  button_checkButtons            
00002123  button_getButton               
00002179  button_getButtonBlocking       
0000218d  button_getButtonChange         
000021b7  button_getButtonChangeBlocking 
000021e5  __aeabi_memcpy                 
000021e5  __aeabi_memcpy4                
000021e5  __aeabi_memcpy8                
000021e5  memcpy                         
00002281  vsnprintf                      
00002309  __aeabi_cdcmpeq                
00002309  __aeabi_cdcmple                
0000238f  __aeabi_cdrcmple               
00002415  __aeabi_memclr                 
00002415  __aeabi_memclr4                
00002415  __aeabi_memclr8                
00002417  __aeabi_memset                 
00002417  __aeabi_memset4                
00002417  __aeabi_memset8                
0000241d  memset                         
00002491  __TI_auto_init                 
00002501  __TI_decompress_lzss           
00002569  frexp                          
00002569  frexpl                         
000025cd  _c_int00                       
00002621  C$$EXIT                        
00002625  abort                          
0000262d  exit                           
00002675  ltoa                           
000026c9  atoi                           
00002715  copy_in                        
00002761  __aeabi_d2iz                   
000027a9  __aeabi_i2d                    
000027d7  memccpy                        
000027f5  _args_main                     
0000280d  strcmp                         
00002825  strchr                         
0000283d  _register_unlock               
00002843  _register_lock                 
0000284b  _nop                           
00002851  copysign                       
00002851  copysignl                      
00002865  strcpy                         
00002879  strlen                         
0000288d  lcd_clear                      
0000289d  __TI_decompress_none           
000028ab  __TI_zero_init                 
000028b7  ResetISR                       
000028c3  _system_pre_init               
000028c6  _ctypes_                       
000029e4  __TI_Handler_Table_Base        
000029f0  __TI_Handler_Table_Limit       
000029f8  __TI_CINIT_Base                
00002a08  __TI_CINIT_Limit               
20000000  __stack                        
20000200  __STACK_TOP                    
20001000  __STACK_END                    
20001054  _prevButton                    
20001058  __TI_cleanup_ptr               
2000105c  __TI_dtors_ptr                 
20001060  __TI_enable_exit_profile_output
20001064  _lock                          
20001068  _unlock                        
2000106c  errno                          
20001070  main_func_sp                   
ffffffff  __TI_pprof_out_hndl            
ffffffff  __TI_prof_data_size            
ffffffff  __TI_prof_data_start           
ffffffff  __binit__                      
ffffffff  __c_args__                     
ffffffff  binit                          
UNDEFED   SHT$$INIT_ARRAY$$Base          
UNDEFED   SHT$$INIT_ARRAY$$Limit         

[110 symbols]
