******************************************************************************
                  TI ARM Linker PC v16.9.6                     
******************************************************************************
>> Linked Sun Feb 11 17:19:32 2018

OUTPUT FILE NAME:   <Lab4.out>
ENTRY POINT SYMBOL: "_c_int00"  address: 0000257d


MEMORY CONFIGURATION

         name            origin    length      used     unused   attr    fill
----------------------  --------  ---------  --------  --------  ----  --------
  FLASH                 00000000   00040000  00002a1f  0003d5e1  R  X
  SRAM                  20000000   00008000  000012ea  00006d16  RW X


SEGMENT ALLOCATION MAP

run origin  load origin   length   init length attrs members
----------  ----------- ---------- ----------- ----- -------
00000000    00000000    00002a20   00002a20    r-x
  00000000    00000000    0000026c   0000026c    r-- .intvecs
  0000026c    0000026c    0000265a   0000265a    r-x .text
  000028c6    000028c6    00000109   00000109    r-- .const
  000029d0    000029d0    00000050   00000050    r-- .cinit
20000000    20000000    000012ed   00000000    rw-
  20000000    20000000    0000026c   00000000    rw- .vtable
  2000026c    2000026c    00001000   00000000    rw- .stack
  2000126c    2000126c    00000055   00000000    rw- .bss
  200012c4    200012c4    00000029   00000000    rw- .data


SECTION ALLOCATION MAP

 output                                  attributes/
section   page    origin      length       input sections
--------  ----  ----------  ----------   ----------------
.intvecs   0    00000000    0000026c     
                  00000000    0000026c     tm4c123gh6pm_startup_ccs.obj (.intvecs)

.text      0    0000026c    0000265a     
                  0000026c    0000113e     rtsv7M4_T_le_v4SPD16_eabi.lib : _printfi.obj (.text)
                  000013aa    00000002                                   : mpu_init.obj (.text)
                  000013ac    000002e8     lcd.obj (.text)
                  00001694    000001f4     rtsv7M4_T_le_v4SPD16_eabi.lib : ull_div_t2.obj (.text)
                  00001888    000001d4     clock_intr.obj (.text)
                  00001a5c    000001b6     rtsv7M4_T_le_v4SPD16_eabi.lib : fd_add_t2.obj (.text)
                  00001c12    00000002                                   : startup.obj (.text)
                  00001c14    00000158     Timer.obj (.text)
                  00001d6c    00000136     rtsv7M4_T_le_v4SPD16_eabi.lib : fd_div_t2.obj (.text)
                  00001ea2    000000fc                                   : fd_mul_t2.obj (.text)
                  00001f9e    00000002     --HOLE-- [fill = 0]
                  00001fa0    000000fc                                   : s_scalbn.obj (.text)
                  0000209c    000000f8     button.obj (.text)
                  00002194    0000009c     rtsv7M4_T_le_v4SPD16_eabi.lib : memcpy_t2.obj (.text)
                  00002230    00000088                                   : vsnprintf.obj (.text)
                  000022b8    00000086                                   : fd_cmp_t2.obj (.text:__aeabi_cdcmple)
                  0000233e    00000086                                   : fd_cmp_t2.obj (.text:__aeabi_cdrcmple)
                  000023c4    0000007a                                   : memset_t2.obj (.text)
                  0000243e    00000002     --HOLE-- [fill = 0]
                  00002440    00000070                                   : autoinit.obj (.text)
                  000024b0    00000068                                   : copy_decompress_lzss.obj (.text:decompress:lzss)
                  00002518    00000064                                   : s_frexp.obj (.text)
                  0000257c    00000054                                   : boot.obj (.text)
                  000025d0    00000054                                   : exit.obj (.text)
                  00002624    00000054                                   : ltoa.obj (.text)
                  00002678    0000004c                                   : atoi.obj (.text)
                  000026c4    0000004c                                   : cpy_tbl.obj (.text)
                  00002710    00000048                                   : fd_toi_t2.obj (.text)
                  00002758    00000034     driverlib.lib : interrupt.obj (.text:IntRegister)
                  0000278c    0000002e     rtsv7M4_T_le_v4SPD16_eabi.lib : i_tofd_t2.obj (.text)
                  000027ba    0000001c                                   : memccpy.obj (.text)
                  000027d6    00000002     --HOLE-- [fill = 0]
                  000027d8    00000018                                   : args_main.obj (.text)
                  000027f0    00000018                                   : strcmp.obj (.text)
                  00002808    00000016                                   : strchr.obj (.text)
                  0000281e    00000002     --HOLE-- [fill = 0]
                  00002820    00000014                                   : _lock.obj (.text)
                  00002834    00000014                                   : s_copysign.obj (.text)
                  00002848    00000014                                   : strcpy.obj (.text)
                  0000285c    00000014                                   : strlen.obj (.text)
                  00002870    00000010     driverlib.lib : interrupt.obj (.text:IntMasterEnable)
                  00002880    00000010     lcd.obj (.text:lcd_clear)
                  00002890    0000000e     rtsv7M4_T_le_v4SPD16_eabi.lib : copy_decompress_none.obj (.text:decompress:none)
                  0000289e    0000000c     driverlib.lib : cpu.obj (.text:CPUcpsie)
                  000028aa    0000000c     rtsv7M4_T_le_v4SPD16_eabi.lib : copy_zero_init.obj (.text:decompress:ZI)
                  000028b6    0000000c     tm4c123gh6pm_startup_ccs.obj (.text)
                  000028c2    00000004     rtsv7M4_T_le_v4SPD16_eabi.lib : pre_init.obj (.text)

.const     0    000028c6    00000109     
                  000028c6    00000101     rtsv7M4_T_le_v4SPD16_eabi.lib : ctype.obj (.const:.string:_ctypes_)
                  000029c7    00000004     lcd.obj (.const:.string:lineAddress$1)
                  000029cb    00000004     lcd.obj (.const:.string:lineAddresses$2)

.cinit     0    000029d0    00000050     
                  000029d0    0000001a     (.cinit..data.load) [load image, compression = lzss]
                  000029ea    00000002     --HOLE-- [fill = 0]
                  000029ec    0000000c     (__TI_handler_table)
                  000029f8    00000008     (.cinit..bss.load) [load image, compression = zero_init]
                  00002a00    00000008     (.cinit..vtable.load) [load image, compression = zero_init]
                  00002a08    00000018     (__TI_cinit_table)

.init_array 
*          0    00000000    00000000     UNINITIALIZED

.vtable    0    20000000    0000026c     UNINITIALIZED
                  20000000    0000026c     driverlib.lib : interrupt.obj (.vtable)

.stack     0    2000026c    00001000     UNINITIALIZED
                  2000026c    00001000     --HOLE--

.bss       0    2000126c    00000055     UNINITIALIZED
                  2000126c    00000054     lcd.obj (.bss:lastbuffer$3)
                  200012c0    00000001     (.common:_prevButton)

.data      0    200012c4    00000029     UNINITIALIZED
                  200012c4    0000000c     rtsv7M4_T_le_v4SPD16_eabi.lib : exit.obj (.data:$O1$$)
                  200012d0    0000000c     clock_intr.obj (.data)
                  200012dc    00000008     rtsv7M4_T_le_v4SPD16_eabi.lib : _lock.obj (.data:$O1$$)
                  200012e4    00000004                                   : errno.obj (.data)
                  200012e8    00000004                                   : stkdepth_vars.obj (.data)
                  200012ec    00000001     button.obj (.data)

MODULE SUMMARY

       Module                         code   ro data   rw data
       ------                         ----   -------   -------
    .\
       lcd.obj                        760    8         84     
       tm4c123gh6pm_startup_ccs.obj   12     620       0      
       clock_intr.obj                 468    0         12     
       Timer.obj                      344    0         0      
       button.obj                     248    0         2      
    +--+------------------------------+------+---------+---------+
       Total:                         1832   628       98     
                                                              
    C:/ti/TivaWare_C_Series-2.1.2.111/driverlib/ccs/Debug/driverlib.lib
       interrupt.obj                  68     0         620    
       cpu.obj                        12     0         0      
    +--+------------------------------+------+---------+---------+
       Total:                         80     0         620    
                                                              
    C:\ti\ccsv7\tools\compiler\ti-cgt-arm_16.9.6.LTS\lib\rtsv7M4_T_le_v4SPD16_eabi.lib
       _printfi.obj                   4414   0         0      
       ull_div_t2.obj                 500    0         0      
       fd_add_t2.obj                  438    0         0      
       fd_div_t2.obj                  310    0         0      
       fd_cmp_t2.obj                  268    0         0      
       ctype.obj                      0      257       0      
       fd_mul_t2.obj                  252    0         0      
       s_scalbn.obj                   252    0         0      
       memcpy_t2.obj                  156    0         0      
       vsnprintf.obj                  136    0         0      
       memset_t2.obj                  122    0         0      
       autoinit.obj                   112    0         0      
       copy_decompress_lzss.obj       104    0         0      
       s_frexp.obj                    100    0         0      
       exit.obj                       84     0         12     
       boot.obj                       84     0         0      
       ltoa.obj                       84     0         0      
       atoi.obj                       76     0         0      
       cpy_tbl.obj                    76     0         0      
       fd_toi_t2.obj                  72     0         0      
       i_tofd_t2.obj                  46     0         0      
       _lock.obj                      20     0         8      
       memccpy.obj                    28     0         0      
       args_main.obj                  24     0         0      
       strcmp.obj                     24     0         0      
       strchr.obj                     22     0         0      
       s_copysign.obj                 20     0         0      
       strcpy.obj                     20     0         0      
       strlen.obj                     20     0         0      
       copy_decompress_none.obj       14     0         0      
       copy_zero_init.obj             12     0         0      
       errno.obj                      0      0         4      
       pre_init.obj                   4      0         0      
       stkdepth_vars.obj              0      0         4      
       mpu_init.obj                   2      0         0      
       startup.obj                    2      0         0      
    +--+------------------------------+------+---------+---------+
       Total:                         7898   257       28     
                                                              
       Stack:                         0      0         4096   
       Linker Generated:              0      78        0      
    +--+------------------------------+------+---------+---------+
       Grand Total:                   9810   963       4842   


LINKER GENERATED COPY TABLES

__TI_cinit_table @ 00002a08 records: 3, size/record: 8, table size: 24
	.data: load addr=000029d0, load size=0000001a bytes, run addr=200012c4, run size=00000029 bytes, compression=lzss
	.bss: load addr=000029f8, load size=00000008 bytes, run addr=2000126c, run size=00000055 bytes, compression=zero_init
	.vtable: load addr=00002a00, load size=00000008 bytes, run addr=20000000, run size=0000026c bytes, compression=zero_init


LINKER GENERATED HANDLER TABLE

__TI_handler_table @ 000029ec records: 3, size/record: 4, table size: 12
	index: 0, handler: __TI_zero_init
	index: 1, handler: __TI_decompress_lzss
	index: 2, handler: __TI_decompress_none


GLOBAL SYMBOLS: SORTED ALPHABETICALLY BY Name 

address   name                           
-------   ----                           
000025d1  C$$EXIT                        
0000289f  CPUcpsie                       
00002871  IntMasterEnable                
00002759  IntRegister                    
000028b7  ResetISR                       
UNDEFED   SHT$$INIT_ARRAY$$Base          
UNDEFED   SHT$$INIT_ARRAY$$Limit         
00001889  TIMER4A_Handler                
000018c9  TIMER4B_Handler                
2000126c  __STACK_END                    
00001000  __STACK_SIZE                   
2000046c  __STACK_TOP                    
00002a08  __TI_CINIT_Base                
00002a20  __TI_CINIT_Limit               
000029ec  __TI_Handler_Table_Base        
000029f8  __TI_Handler_Table_Limit       
00002441  __TI_auto_init                 
200012c4  __TI_cleanup_ptr               
000024b1  __TI_decompress_lzss           
00002891  __TI_decompress_none           
200012c8  __TI_dtors_ptr                 
200012cc  __TI_enable_exit_profile_output
ffffffff  __TI_pprof_out_hndl            
00000ab1  __TI_printfi                   
ffffffff  __TI_prof_data_size            
ffffffff  __TI_prof_data_start           
00000000  __TI_static_base__             
000028ab  __TI_zero_init                 
000022b9  __aeabi_cdcmpeq                
000022b9  __aeabi_cdcmple                
0000233f  __aeabi_cdrcmple               
00002711  __aeabi_d2iz                   
00001a67  __aeabi_dadd                   
00001d6d  __aeabi_ddiv                   
00001ea3  __aeabi_dmul                   
00001a5d  __aeabi_dsub                   
0000278d  __aeabi_i2d                    
000023c5  __aeabi_memclr                 
000023c5  __aeabi_memclr4                
000023c5  __aeabi_memclr8                
00002195  __aeabi_memcpy                 
00002195  __aeabi_memcpy4                
00002195  __aeabi_memcpy8                
000023c7  __aeabi_memset                 
000023c7  __aeabi_memset4                
000023c7  __aeabi_memset8                
00001695  __aeabi_uldivmod               
ffffffff  __binit__                      
ffffffff  __c_args__                     
000013ab  __mpu_init                     
2000026c  __stack                        
000027d9  _args_main                     
0000257d  _c_int00                       
000028c6  _ctypes_                       
200012dc  _lock                          
0000282f  _nop                           
200012c0  _prevButton                    
00002827  _register_lock                 
00002821  _register_unlock               
00001c13  _system_post_cinit             
000028c3  _system_pre_init               
200012e0  _unlock                        
000025d5  abort                          
00002679  atoi                           
ffffffff  binit                          
000020c9  button_checkButtons            
000020d3  button_getButton               
00002129  button_getButtonBlocking       
0000213d  button_getButtonChange         
00002167  button_getButtonChangeBlocking 
0000209d  button_init                    
00001931  clock_timer_init               
000026c5  copy_in                        
00002835  copysign                       
00002835  copysignl                      
200012e4  errno                          
000025dd  exit                           
00002519  frexp                          
00002519  frexpl                         
20000000  g_pfnRAMVectors                
00000000  g_pfnVectors                   
200012d0  i                              
200012d4  j                              
200012d8  k                              
00002881  lcd_clear                      
00001541  lcd_gotoLine                   
000013ad  lcd_init                       
000015a7  lcd_printf                     
00001469  lcd_putc                       
000014a1  lcd_puts                       
000014bf  lcd_sendCommand                
000014fd  lcd_sendNibble                 
00001569  lcd_setCursorPos               
00001fa1  ldexp                          
00001fa1  ldexpl                         
00002625  ltoa                           
000019b5  main                           
200012e8  main_func_sp                   
000027bb  memccpy                        
00002195  memcpy                         
000023cd  memset                         
00001fa1  scalbn                         
00001fa1  scalbnl                        
00002809  strchr                         
000027f1  strcmp                         
00002849  strcpy                         
0000285d  strlen                         
00001d25  timer_getClock                 
00001cd9  timer_startClock               
00001c73  timer_startTimer               
00001d2b  timer_stopClock                
00001cc3  timer_stopTimer                
00001c49  timer_waitMicros               
00001c15  timer_waitMillis               
00002231  vsnprintf                      


GLOBAL SYMBOLS: SORTED BY Symbol Address 

address   name                           
-------   ----                           
00000000  __TI_static_base__             
00000000  g_pfnVectors                   
00000ab1  __TI_printfi                   
00001000  __STACK_SIZE                   
000013ab  __mpu_init                     
000013ad  lcd_init                       
00001469  lcd_putc                       
000014a1  lcd_puts                       
000014bf  lcd_sendCommand                
000014fd  lcd_sendNibble                 
00001541  lcd_gotoLine                   
00001569  lcd_setCursorPos               
000015a7  lcd_printf                     
00001695  __aeabi_uldivmod               
00001889  TIMER4A_Handler                
000018c9  TIMER4B_Handler                
00001931  clock_timer_init               
000019b5  main                           
00001a5d  __aeabi_dsub                   
00001a67  __aeabi_dadd                   
00001c13  _system_post_cinit             
00001c15  timer_waitMillis               
00001c49  timer_waitMicros               
00001c73  timer_startTimer               
00001cc3  timer_stopTimer                
00001cd9  timer_startClock               
00001d25  timer_getClock                 
00001d2b  timer_stopClock                
00001d6d  __aeabi_ddiv                   
00001ea3  __aeabi_dmul                   
00001fa1  ldexp                          
00001fa1  ldexpl                         
00001fa1  scalbn                         
00001fa1  scalbnl                        
0000209d  button_init                    
000020c9  button_checkButtons            
000020d3  button_getButton               
00002129  button_getButtonBlocking       
0000213d  button_getButtonChange         
00002167  button_getButtonChangeBlocking 
00002195  __aeabi_memcpy                 
00002195  __aeabi_memcpy4                
00002195  __aeabi_memcpy8                
00002195  memcpy                         
00002231  vsnprintf                      
000022b9  __aeabi_cdcmpeq                
000022b9  __aeabi_cdcmple                
0000233f  __aeabi_cdrcmple               
000023c5  __aeabi_memclr                 
000023c5  __aeabi_memclr4                
000023c5  __aeabi_memclr8                
000023c7  __aeabi_memset                 
000023c7  __aeabi_memset4                
000023c7  __aeabi_memset8                
000023cd  memset                         
00002441  __TI_auto_init                 
000024b1  __TI_decompress_lzss           
00002519  frexp                          
00002519  frexpl                         
0000257d  _c_int00                       
000025d1  C$$EXIT                        
000025d5  abort                          
000025dd  exit                           
00002625  ltoa                           
00002679  atoi                           
000026c5  copy_in                        
00002711  __aeabi_d2iz                   
00002759  IntRegister                    
0000278d  __aeabi_i2d                    
000027bb  memccpy                        
000027d9  _args_main                     
000027f1  strcmp                         
00002809  strchr                         
00002821  _register_unlock               
00002827  _register_lock                 
0000282f  _nop                           
00002835  copysign                       
00002835  copysignl                      
00002849  strcpy                         
0000285d  strlen                         
00002871  IntMasterEnable                
00002881  lcd_clear                      
00002891  __TI_decompress_none           
0000289f  CPUcpsie                       
000028ab  __TI_zero_init                 
000028b7  ResetISR                       
000028c3  _system_pre_init               
000028c6  _ctypes_                       
000029ec  __TI_Handler_Table_Base        
000029f8  __TI_Handler_Table_Limit       
00002a08  __TI_CINIT_Base                
00002a20  __TI_CINIT_Limit               
20000000  g_pfnRAMVectors                
2000026c  __stack                        
2000046c  __STACK_TOP                    
2000126c  __STACK_END                    
200012c0  _prevButton                    
200012c4  __TI_cleanup_ptr               
200012c8  __TI_dtors_ptr                 
200012cc  __TI_enable_exit_profile_output
200012d0  i                              
200012d4  j                              
200012d8  k                              
200012dc  _lock                          
200012e0  _unlock                        
200012e4  errno                          
200012e8  main_func_sp                   
ffffffff  __TI_pprof_out_hndl            
ffffffff  __TI_prof_data_size            
ffffffff  __TI_prof_data_start           
ffffffff  __binit__                      
ffffffff  __c_args__                     
ffffffff  binit                          
UNDEFED   SHT$$INIT_ARRAY$$Base          
UNDEFED   SHT$$INIT_ARRAY$$Limit         

[115 symbols]
