******************************************************************************
                  TI ARM Linker PC v16.9.6                     
******************************************************************************
>> Linked Wed Feb 28 12:42:10 2018

OUTPUT FILE NAME:   <Lab5.out>
ENTRY POINT SYMBOL: "_c_int00"  address: 000027a5


MEMORY CONFIGURATION

         name            origin    length      used     unused   attr    fill
----------------------  --------  ---------  --------  --------  ----  --------
  FLASH                 00000000   00040000  00002c88  0003d378  R  X
  SRAM                  20000000   00008000  00001085  00006f7b  RW X


SEGMENT ALLOCATION MAP

run origin  load origin   length   init length attrs members
----------  ----------- ---------- ----------- ----- -------
00000000    00000000    00002c88   00002c88    r-x
  00000000    00000000    0000026c   0000026c    r-- .intvecs
  0000026c    0000026c    00002866   00002866    r-x .text
  00002ad2    00002ad2    0000016e   0000016e    r-- .const
  00002c40    00002c40    00000048   00000048    r-- .cinit
20000000    20000000    00001088   00000000    rw-
  20000000    20000000    00001000   00000000    rw- .stack
  20001000    20001000    00000055   00000000    rw- .bss
  20001058    20001058    00000030   00000000    rw- .data


SECTION ALLOCATION MAP

 output                                  attributes/
section   page    origin      length       input sections
--------  ----  ----------  ----------   ----------------
.intvecs   0    00000000    0000026c     
                  00000000    0000026c     tm4c123gh6pm_startup_ccs.obj (.intvecs)

.text      0    0000026c    00002866     
                  0000026c    0000113e     rtsv7M4_T_le_v4SPD16_eabi.lib : _printfi.obj (.text)
                  000013aa    00000002                                   : mpu_init.obj (.text)
                  000013ac    00000324     uart.obj (.text)
                  000016d0    000002ec     lcd.obj (.text)
                  000019bc    000001f4     rtsv7M4_T_le_v4SPD16_eabi.lib : ull_div_t2.obj (.text)
                  00001bb0    000001b6                                   : fd_add_t2.obj (.text)
                  00001d66    00000002                                   : startup.obj (.text)
                  00001d68    00000158     Timer.obj (.text)
                  00001ec0    00000136     rtsv7M4_T_le_v4SPD16_eabi.lib : fd_div_t2.obj (.text)
                  00001ff6    000000fc                                   : fd_mul_t2.obj (.text)
                  000020f2    00000002     --HOLE-- [fill = 0]
                  000020f4    000000fc                                   : s_scalbn.obj (.text)
                  000021f0    000000f8     button.obj (.text)
                  000022e8    000000d4     WiFi.obj (.text)
                  000023bc    0000009c     rtsv7M4_T_le_v4SPD16_eabi.lib : memcpy_t2.obj (.text)
                  00002458    00000088                                   : vsnprintf.obj (.text)
                  000024e0    00000086                                   : fd_cmp_t2.obj (.text:__aeabi_cdcmple)
                  00002566    00000086                                   : fd_cmp_t2.obj (.text:__aeabi_cdrcmple)
                  000025ec    0000007a                                   : memset_t2.obj (.text)
                  00002666    00000002     --HOLE-- [fill = 0]
                  00002668    00000070                                   : autoinit.obj (.text)
                  000026d8    00000068                                   : copy_decompress_lzss.obj (.text:decompress:lzss)
                  00002740    00000064                                   : s_frexp.obj (.text)
                  000027a4    00000054                                   : boot.obj (.text)
                  000027f8    00000054                                   : exit.obj (.text)
                  0000284c    00000054                                   : ltoa.obj (.text)
                  000028a0    0000004c                                   : atoi.obj (.text)
                  000028ec    0000004c                                   : cpy_tbl.obj (.text)
                  00002938    00000048                                   : fd_toi_t2.obj (.text)
                  00002980    00000036                                   : strncpy.obj (.text)
                  000029b6    0000002e                                   : i_tofd_t2.obj (.text)
                  000029e4    0000001c                                   : memccpy.obj (.text)
                  00002a00    00000018                                   : args_main.obj (.text)
                  00002a18    00000018                                   : strcmp.obj (.text)
                  00002a30    00000016                                   : strchr.obj (.text)
                  00002a46    00000002     --HOLE-- [fill = 0]
                  00002a48    00000014                                   : _lock.obj (.text)
                  00002a5c    00000014                                   : s_copysign.obj (.text)
                  00002a70    00000014                                   : strcpy.obj (.text)
                  00002a84    00000014                                   : strlen.obj (.text)
                  00002a98    00000010     lcd.obj (.text:lcd_clear)
                  00002aa8    0000000e     rtsv7M4_T_le_v4SPD16_eabi.lib : copy_decompress_none.obj (.text:decompress:none)
                  00002ab6    0000000c                                   : copy_zero_init.obj (.text:decompress:ZI)
                  00002ac2    0000000c     tm4c123gh6pm_startup_ccs.obj (.text)
                  00002ace    00000004     rtsv7M4_T_le_v4SPD16_eabi.lib : pre_init.obj (.text)

.const     0    00002ad2    0000016e     
                  00002ad2    00000101     rtsv7M4_T_le_v4SPD16_eabi.lib : ctype.obj (.const:.string:_ctypes_)
                  00002bd3    00000065     uart.obj (.const:.string:$P$T0$1)
                  00002c38    00000004     lcd.obj (.const:.string:lineAddress$1)
                  00002c3c    00000004     lcd.obj (.const:.string:lineAddresses$2)

.cinit     0    00002c40    00000048     
                  00002c40    00000023     (.cinit..data.load) [load image, compression = lzss]
                  00002c63    00000001     --HOLE-- [fill = 0]
                  00002c64    0000000c     (__TI_handler_table)
                  00002c70    00000008     (.cinit..bss.load) [load image, compression = zero_init]
                  00002c78    00000010     (__TI_cinit_table)

.init_array 
*          0    00000000    00000000     UNINITIALIZED

.stack     0    20000000    00001000     UNINITIALIZED
                  20000000    00001000     --HOLE--

.bss       0    20001000    00000055     UNINITIALIZED
                  20001000    00000054     lcd.obj (.bss:lastbuffer$3)
                  20001054    00000001     (.common:_prevButton)

.data      0    20001058    00000030     UNINITIALIZED
                  20001058    00000011     uart.obj (.data:thePassword)
                  20001069    00000001     button.obj (.data)
                  2000106a    00000002     --HOLE--
                  2000106c    0000000c     rtsv7M4_T_le_v4SPD16_eabi.lib : exit.obj (.data:$O1$$)
                  20001078    00000008                                   : _lock.obj (.data:$O1$$)
                  20001080    00000004                                   : errno.obj (.data)
                  20001084    00000004                                   : stkdepth_vars.obj (.data)

MODULE SUMMARY

       Module                         code    ro data   rw data
       ------                         ----    -------   -------
    .\
       uart.obj                       804     101       17     
       lcd.obj                        764     8         84     
       tm4c123gh6pm_startup_ccs.obj   12      620       0      
       Timer.obj                      344     0         0      
       button.obj                     248     0         2      
       WiFi.obj                       212     0         0      
    +--+------------------------------+-------+---------+---------+
       Total:                         2384    729       103    
                                                               
    C:\ti\ccsv7\tools\compiler\ti-cgt-arm_16.9.6.LTS\lib\rtsv7M4_T_le_v4SPD16_eabi.lib
       _printfi.obj                   4414    0         0      
       ull_div_t2.obj                 500     0         0      
       fd_add_t2.obj                  438     0         0      
       fd_div_t2.obj                  310     0         0      
       fd_cmp_t2.obj                  268     0         0      
       ctype.obj                      0       257       0      
       fd_mul_t2.obj                  252     0         0      
       s_scalbn.obj                   252     0         0      
       memcpy_t2.obj                  156     0         0      
       vsnprintf.obj                  136     0         0      
       memset_t2.obj                  122     0         0      
       autoinit.obj                   112     0         0      
       copy_decompress_lzss.obj       104     0         0      
       s_frexp.obj                    100     0         0      
       exit.obj                       84      0         12     
       boot.obj                       84      0         0      
       ltoa.obj                       84      0         0      
       atoi.obj                       76      0         0      
       cpy_tbl.obj                    76      0         0      
       fd_toi_t2.obj                  72      0         0      
       strncpy.obj                    54      0         0      
       i_tofd_t2.obj                  46      0         0      
       _lock.obj                      20      0         8      
       memccpy.obj                    28      0         0      
       args_main.obj                  24      0         0      
       strcmp.obj                     24      0         0      
       strchr.obj                     22      0         0      
       s_copysign.obj                 20      0         0      
       strcpy.obj                     20      0         0      
       strlen.obj                     20      0         0      
       copy_decompress_none.obj       14      0         0      
       copy_zero_init.obj             12      0         0      
       errno.obj                      0       0         4      
       pre_init.obj                   4       0         0      
       stkdepth_vars.obj              0       0         4      
       mpu_init.obj                   2       0         0      
       startup.obj                    2       0         0      
    +--+------------------------------+-------+---------+---------+
       Total:                         7952    257       28     
                                                               
       Stack:                         0       0         4096   
       Linker Generated:              0       71        0      
    +--+------------------------------+-------+---------+---------+
       Grand Total:                   10336   1057      4227   


LINKER GENERATED COPY TABLES

__TI_cinit_table @ 00002c78 records: 2, size/record: 8, table size: 16
	.data: load addr=00002c40, load size=00000023 bytes, run addr=20001058, run size=00000030 bytes, compression=lzss
	.bss: load addr=00002c70, load size=00000008 bytes, run addr=20001000, run size=00000055 bytes, compression=zero_init


LINKER GENERATED HANDLER TABLE

__TI_handler_table @ 00002c64 records: 3, size/record: 4, table size: 12
	index: 0, handler: __TI_decompress_lzss
	index: 1, handler: __TI_decompress_none
	index: 2, handler: __TI_zero_init


GLOBAL SYMBOLS: SORTED ALPHABETICALLY BY Name 

address   name                           
-------   ----                           
000027f9  C$$EXIT                        
00002ac3  ResetISR                       
UNDEFED   SHT$$INIT_ARRAY$$Base          
UNDEFED   SHT$$INIT_ARRAY$$Limit         
000022e9  WiFi_start                     
00002345  WiFi_stop                      
20001000  __STACK_END                    
00001000  __STACK_SIZE                   
20000200  __STACK_TOP                    
00002c78  __TI_CINIT_Base                
00002c88  __TI_CINIT_Limit               
00002c64  __TI_Handler_Table_Base        
00002c70  __TI_Handler_Table_Limit       
00002669  __TI_auto_init                 
2000106c  __TI_cleanup_ptr               
000026d9  __TI_decompress_lzss           
00002aa9  __TI_decompress_none           
20001070  __TI_dtors_ptr                 
20001074  __TI_enable_exit_profile_output
ffffffff  __TI_pprof_out_hndl            
00000ab1  __TI_printfi                   
ffffffff  __TI_prof_data_size            
ffffffff  __TI_prof_data_start           
00000000  __TI_static_base__             
00002ab7  __TI_zero_init                 
000024e1  __aeabi_cdcmpeq                
000024e1  __aeabi_cdcmple                
00002567  __aeabi_cdrcmple               
00002939  __aeabi_d2iz                   
00001bbb  __aeabi_dadd                   
00001ec1  __aeabi_ddiv                   
00001ff7  __aeabi_dmul                   
00001bb1  __aeabi_dsub                   
000029b7  __aeabi_i2d                    
000025ed  __aeabi_memclr                 
000025ed  __aeabi_memclr4                
000025ed  __aeabi_memclr8                
000023bd  __aeabi_memcpy                 
000023bd  __aeabi_memcpy4                
000023bd  __aeabi_memcpy8                
000025ef  __aeabi_memset                 
000025ef  __aeabi_memset4                
000025ef  __aeabi_memset8                
000019bd  __aeabi_uldivmod               
ffffffff  __binit__                      
ffffffff  __c_args__                     
000013ab  __mpu_init                     
20000000  __stack                        
00002a01  _args_main                     
000027a5  _c_int00                       
00002ad2  _ctypes_                       
20001078  _lock                          
00002a57  _nop                           
20001054  _prevButton                    
00002a4f  _register_lock                 
00002a49  _register_unlock               
00002353  _sendCommand                   
00001d67  _system_post_cinit             
00002acf  _system_pre_init               
2000107c  _unlock                        
000027fd  abort                          
000028a1  atoi                           
ffffffff  binit                          
0000221d  button_checkButtons            
00002227  button_getButton               
0000227d  button_getButtonBlocking       
00002291  button_getButtonChange         
000022bb  button_getButtonChangeBlocking 
000021f1  button_init                    
000028ed  copy_in                        
00002a5d  copysign                       
00002a5d  copysignl                      
20001080  errno                          
00002805  exit                           
00002741  frexp                          
00002741  frexpl                         
00000000  g_pfnVectors                   
00002a99  lcd_clear                      
00001869  lcd_gotoLine                   
000016d1  lcd_init                       
000018cf  lcd_printf                     
00001791  lcd_putc                       
000017c9  lcd_puts                       
000017e7  lcd_sendCommand                
00001825  lcd_sendNibble                 
00001891  lcd_setCursorPos               
000020f5  ldexp                          
000020f5  ldexpl                         
0000284d  ltoa                           
000014a9  main                           
20001084  main_func_sp                   
000029e5  memccpy                        
000023bd  memcpy                         
000025f5  memset                         
000020f5  scalbn                         
000020f5  scalbnl                        
00002a31  strchr                         
00002a19  strcmp                         
00002a71  strcpy                         
00002a85  strlen                         
00002981  strncpy                        
20001058  thePassword                    
00001e79  timer_getClock                 
00001e2d  timer_startClock               
00001dc7  timer_startTimer               
00001e7f  timer_stopClock                
00001e17  timer_stopTimer                
00001d9d  timer_waitMicros               
00001d69  timer_waitMillis               
000013ad  uart_init                      
00001451  uart_receive                   
00001435  uart_sendChar                  
00001481  uart_sendStr                   
00002459  vsnprintf                      


GLOBAL SYMBOLS: SORTED BY Symbol Address 

address   name                           
-------   ----                           
00000000  __TI_static_base__             
00000000  g_pfnVectors                   
00000ab1  __TI_printfi                   
00001000  __STACK_SIZE                   
000013ab  __mpu_init                     
000013ad  uart_init                      
00001435  uart_sendChar                  
00001451  uart_receive                   
00001481  uart_sendStr                   
000014a9  main                           
000016d1  lcd_init                       
00001791  lcd_putc                       
000017c9  lcd_puts                       
000017e7  lcd_sendCommand                
00001825  lcd_sendNibble                 
00001869  lcd_gotoLine                   
00001891  lcd_setCursorPos               
000018cf  lcd_printf                     
000019bd  __aeabi_uldivmod               
00001bb1  __aeabi_dsub                   
00001bbb  __aeabi_dadd                   
00001d67  _system_post_cinit             
00001d69  timer_waitMillis               
00001d9d  timer_waitMicros               
00001dc7  timer_startTimer               
00001e17  timer_stopTimer                
00001e2d  timer_startClock               
00001e79  timer_getClock                 
00001e7f  timer_stopClock                
00001ec1  __aeabi_ddiv                   
00001ff7  __aeabi_dmul                   
000020f5  ldexp                          
000020f5  ldexpl                         
000020f5  scalbn                         
000020f5  scalbnl                        
000021f1  button_init                    
0000221d  button_checkButtons            
00002227  button_getButton               
0000227d  button_getButtonBlocking       
00002291  button_getButtonChange         
000022bb  button_getButtonChangeBlocking 
000022e9  WiFi_start                     
00002345  WiFi_stop                      
00002353  _sendCommand                   
000023bd  __aeabi_memcpy                 
000023bd  __aeabi_memcpy4                
000023bd  __aeabi_memcpy8                
000023bd  memcpy                         
00002459  vsnprintf                      
000024e1  __aeabi_cdcmpeq                
000024e1  __aeabi_cdcmple                
00002567  __aeabi_cdrcmple               
000025ed  __aeabi_memclr                 
000025ed  __aeabi_memclr4                
000025ed  __aeabi_memclr8                
000025ef  __aeabi_memset                 
000025ef  __aeabi_memset4                
000025ef  __aeabi_memset8                
000025f5  memset                         
00002669  __TI_auto_init                 
000026d9  __TI_decompress_lzss           
00002741  frexp                          
00002741  frexpl                         
000027a5  _c_int00                       
000027f9  C$$EXIT                        
000027fd  abort                          
00002805  exit                           
0000284d  ltoa                           
000028a1  atoi                           
000028ed  copy_in                        
00002939  __aeabi_d2iz                   
00002981  strncpy                        
000029b7  __aeabi_i2d                    
000029e5  memccpy                        
00002a01  _args_main                     
00002a19  strcmp                         
00002a31  strchr                         
00002a49  _register_unlock               
00002a4f  _register_lock                 
00002a57  _nop                           
00002a5d  copysign                       
00002a5d  copysignl                      
00002a71  strcpy                         
00002a85  strlen                         
00002a99  lcd_clear                      
00002aa9  __TI_decompress_none           
00002ab7  __TI_zero_init                 
00002ac3  ResetISR                       
00002acf  _system_pre_init               
00002ad2  _ctypes_                       
00002c64  __TI_Handler_Table_Base        
00002c70  __TI_Handler_Table_Limit       
00002c78  __TI_CINIT_Base                
00002c88  __TI_CINIT_Limit               
20000000  __stack                        
20000200  __STACK_TOP                    
20001000  __STACK_END                    
20001054  _prevButton                    
20001058  thePassword                    
2000106c  __TI_cleanup_ptr               
20001070  __TI_dtors_ptr                 
20001074  __TI_enable_exit_profile_output
20001078  _lock                          
2000107c  _unlock                        
20001080  errno                          
20001084  main_func_sp                   
ffffffff  __TI_pprof_out_hndl            
ffffffff  __TI_prof_data_size            
ffffffff  __TI_prof_data_start           
ffffffff  __binit__                      
ffffffff  __c_args__                     
ffffffff  binit                          
UNDEFED   SHT$$INIT_ARRAY$$Base          
UNDEFED   SHT$$INIT_ARRAY$$Limit         

[114 symbols]
