******************************************************************************
                  TI ARM Linker PC v16.9.6                     
******************************************************************************
>> Linked Sat Mar 03 13:38:25 2018

OUTPUT FILE NAME:   <Lab6.out>
ENTRY POINT SYMBOL: "_c_int00"  address: 00002755


MEMORY CONFIGURATION

         name            origin    length      used     unused   attr    fill
----------------------  --------  ---------  --------  --------  ----  --------
  FLASH                 00000000   00040000  00002bc2  0003d43e  R  X
  SRAM                  20000000   00008000  00001070  00006f90  RW X


SEGMENT ALLOCATION MAP

run origin  load origin   length   init length attrs members
----------  ----------- ---------- ----------- ----- -------
00000000    00000000    00002bc8   00002bc8    r-x
  00000000    00000000    0000026c   0000026c    r-- .intvecs
  0000026c    0000026c    000027e2   000027e2    r-x .text
  00002a50    00002a50    0000013c   0000013c    r-- .const
  00002b90    00002b90    00000038   00000038    r-- .cinit
20000000    20000000    00001070   00000000    rw-
  20000000    20000000    00001000   00000000    rw- .stack
  20001000    20001000    00000054   00000000    rw- .bss
  20001054    20001054    0000001c   00000000    rw- .data


SECTION ALLOCATION MAP

 output                                  attributes/
section   page    origin      length       input sections
--------  ----  ----------  ----------   ----------------
.intvecs   0    00000000    0000026c     
                  00000000    0000026c     tm4c123gh6pm_startup_ccs.obj (.intvecs)

.text      0    0000026c    000027e2     
                  0000026c    0000113e     rtsv7M4_T_le_v4SPD16_eabi.lib : _printfi.obj (.text)
                  000013aa    00000002                                   : mpu_init.obj (.text)
                  000013ac    0000032c                                   : e_exp.obj (.text)
                  000016d8    000002ec     lcd.obj (.text)
                  000019c4    000001f4     rtsv7M4_T_le_v4SPD16_eabi.lib : ull_div_t2.obj (.text)
                  00001bb8    000001b6                                   : fd_add_t2.obj (.text)
                  00001d6e    00000002                                   : startup.obj (.text)
                  00001d70    00000174     ir.obj (.text)
                  00001ee4    00000158     Timer.obj (.text)
                  0000203c    00000136     rtsv7M4_T_le_v4SPD16_eabi.lib : fd_div_t2.obj (.text)
                  00002172    000000fc                                   : fd_mul_t2.obj (.text)
                  0000226e    00000002     --HOLE-- [fill = 0]
                  00002270    000000fc                                   : s_scalbn.obj (.text)
                  0000236c    0000009c                                   : memcpy_t2.obj (.text)
                  00002408    00000088                                   : vsnprintf.obj (.text)
                  00002490    00000086                                   : fd_cmp_t2.obj (.text:__aeabi_cdcmple)
                  00002516    00000086                                   : fd_cmp_t2.obj (.text:__aeabi_cdrcmple)
                  0000259c    0000007a                                   : memset_t2.obj (.text)
                  00002616    00000002     --HOLE-- [fill = 0]
                  00002618    00000070                                   : autoinit.obj (.text)
                  00002688    00000068                                   : copy_decompress_lzss.obj (.text:decompress:lzss)
                  000026f0    00000064                                   : s_frexp.obj (.text)
                  00002754    00000054                                   : boot.obj (.text)
                  000027a8    00000054                                   : exit.obj (.text)
                  000027fc    00000054                                   : ltoa.obj (.text)
                  00002850    0000004c                                   : atoi.obj (.text)
                  0000289c    0000004c                                   : cpy_tbl.obj (.text)
                  000028e8    00000048                                   : fd_toi_t2.obj (.text)
                  00002930    0000002e                                   : i_tofd_t2.obj (.text)
                  0000295e    0000001c                                   : memccpy.obj (.text)
                  0000297a    00000002     --HOLE-- [fill = 0]
                  0000297c    00000018                                   : args_main.obj (.text)
                  00002994    00000018                                   : strcmp.obj (.text)
                  000029ac    00000016                                   : strchr.obj (.text)
                  000029c2    00000002     --HOLE-- [fill = 0]
                  000029c4    00000014                                   : _lock.obj (.text)
                  000029d8    00000014                                   : s_copysign.obj (.text)
                  000029ec    00000014                                   : strcpy.obj (.text)
                  00002a00    00000014                                   : strlen.obj (.text)
                  00002a14    00000010     lcd.obj (.text:lcd_clear)
                  00002a24    0000000e     rtsv7M4_T_le_v4SPD16_eabi.lib : copy_decompress_none.obj (.text:decompress:none)
                  00002a32    0000000c                                   : copy_zero_init.obj (.text:decompress:ZI)
                  00002a3e    0000000c     tm4c123gh6pm_startup_ccs.obj (.text)
                  00002a4a    00000004     rtsv7M4_T_le_v4SPD16_eabi.lib : pre_init.obj (.text)

.const     0    00002a50    0000013c     
                  00002a50    00000101     rtsv7M4_T_le_v4SPD16_eabi.lib : ctype.obj (.const:.string:_ctypes_)
                  00002b51    00000004     lcd.obj (.const:.string:lineAddress$1)
                  00002b55    00000003     --HOLE-- [fill = 0]
                  00002b58    00000030     rtsv7M4_T_le_v4SPD16_eabi.lib : e_exp.obj (.const:$O1$$)
                  00002b88    00000004     lcd.obj (.const:.string:lineAddresses$2)

.cinit     0    00002b90    00000038     
                  00002b90    00000011     (.cinit..data.load) [load image, compression = lzss]
                  00002ba1    00000003     --HOLE-- [fill = 0]
                  00002ba4    0000000c     (__TI_handler_table)
                  00002bb0    00000008     (.cinit..bss.load) [load image, compression = zero_init]
                  00002bb8    00000010     (__TI_cinit_table)

.init_array 
*          0    00000000    00000000     UNINITIALIZED

.stack     0    20000000    00001000     UNINITIALIZED
                  20000000    00001000     --HOLE--

.bss       0    20001000    00000054     UNINITIALIZED
                  20001000    00000054     lcd.obj (.bss:lastbuffer$3)

.data      0    20001054    0000001c     UNINITIALIZED
                  20001054    0000000c     rtsv7M4_T_le_v4SPD16_eabi.lib : exit.obj (.data:$O1$$)
                  20001060    00000008                                   : _lock.obj (.data:$O1$$)
                  20001068    00000004                                   : errno.obj (.data)
                  2000106c    00000004                                   : stkdepth_vars.obj (.data)

MODULE SUMMARY

       Module                         code    ro data   rw data
       ------                         ----    -------   -------
    .\
       lcd.obj                        764     8         84     
       tm4c123gh6pm_startup_ccs.obj   12      620       0      
       ir.obj                         372     0         0      
       Timer.obj                      344     0         0      
    +--+------------------------------+-------+---------+---------+
       Total:                         1492    628       84     
                                                               
    C:\ti\ccsv7\tools\compiler\ti-cgt-arm_16.9.6.LTS\lib\rtsv7M4_T_le_v4SPD16_eabi.lib
       _printfi.obj                   4414    0         0      
       e_exp.obj                      812     48        0      
       ull_div_t2.obj                 500     0         0      
       fd_add_t2.obj                  438     0         0      
       fd_div_t2.obj                  310     0         0      
       fd_cmp_t2.obj                  268     0         0      
       ctype.obj                      0       257       0      
       fd_mul_t2.obj                  252     0         0      
       s_scalbn.obj                   252     0         0      
       memcpy_t2.obj                  156     0         0      
       vsnprintf.obj                  136     0         0      
       memset_t2.obj                  122     0         0      
       autoinit.obj                   112     0         0      
       copy_decompress_lzss.obj       104     0         0      
       s_frexp.obj                    100     0         0      
       exit.obj                       84      0         12     
       boot.obj                       84      0         0      
       ltoa.obj                       84      0         0      
       atoi.obj                       76      0         0      
       cpy_tbl.obj                    76      0         0      
       fd_toi_t2.obj                  72      0         0      
       i_tofd_t2.obj                  46      0         0      
       _lock.obj                      20      0         8      
       memccpy.obj                    28      0         0      
       args_main.obj                  24      0         0      
       strcmp.obj                     24      0         0      
       strchr.obj                     22      0         0      
       s_copysign.obj                 20      0         0      
       strcpy.obj                     20      0         0      
       strlen.obj                     20      0         0      
       copy_decompress_none.obj       14      0         0      
       copy_zero_init.obj             12      0         0      
       errno.obj                      0       0         4      
       pre_init.obj                   4       0         0      
       stkdepth_vars.obj              0       0         4      
       mpu_init.obj                   2       0         0      
       startup.obj                    2       0         0      
    +--+------------------------------+-------+---------+---------+
       Total:                         8710    305       28     
                                                               
       Stack:                         0       0         4096   
       Linker Generated:              0       53        0      
    +--+------------------------------+-------+---------+---------+
       Grand Total:                   10202   986       4208   


LINKER GENERATED COPY TABLES

__TI_cinit_table @ 00002bb8 records: 2, size/record: 8, table size: 16
	.data: load addr=00002b90, load size=00000011 bytes, run addr=20001054, run size=0000001c bytes, compression=lzss
	.bss: load addr=00002bb0, load size=00000008 bytes, run addr=20001000, run size=00000054 bytes, compression=zero_init


LINKER GENERATED HANDLER TABLE

__TI_handler_table @ 00002ba4 records: 3, size/record: 4, table size: 12
	index: 0, handler: __TI_decompress_lzss
	index: 1, handler: __TI_decompress_none
	index: 2, handler: __TI_zero_init


GLOBAL SYMBOLS: SORTED ALPHABETICALLY BY Name 

address   name                           
-------   ----                           
00001d71  ADC_init                       
00001de3  ADC_read                       
000027a9  C$$EXIT                        
00002a3f  ResetISR                       
UNDEFED   SHT$$INIT_ARRAY$$Base          
UNDEFED   SHT$$INIT_ARRAY$$Limit         
20001000  __STACK_END                    
00001000  __STACK_SIZE                   
20000200  __STACK_TOP                    
00002bb8  __TI_CINIT_Base                
00002bc8  __TI_CINIT_Limit               
00002ba4  __TI_Handler_Table_Base        
00002bb0  __TI_Handler_Table_Limit       
00002619  __TI_auto_init                 
20001054  __TI_cleanup_ptr               
00002689  __TI_decompress_lzss           
00002a25  __TI_decompress_none           
20001058  __TI_dtors_ptr                 
2000105c  __TI_enable_exit_profile_output
ffffffff  __TI_pprof_out_hndl            
00000ab1  __TI_printfi                   
ffffffff  __TI_prof_data_size            
ffffffff  __TI_prof_data_start           
00000000  __TI_static_base__             
00002a33  __TI_zero_init                 
00002491  __aeabi_cdcmpeq                
00002491  __aeabi_cdcmple                
00002517  __aeabi_cdrcmple               
000028e9  __aeabi_d2iz                   
00001bc3  __aeabi_dadd                   
0000203d  __aeabi_ddiv                   
00002173  __aeabi_dmul                   
00001bb9  __aeabi_dsub                   
00002931  __aeabi_i2d                    
0000259d  __aeabi_memclr                 
0000259d  __aeabi_memclr4                
0000259d  __aeabi_memclr8                
0000236d  __aeabi_memcpy                 
0000236d  __aeabi_memcpy4                
0000236d  __aeabi_memcpy8                
0000259f  __aeabi_memset                 
0000259f  __aeabi_memset4                
0000259f  __aeabi_memset8                
000019c5  __aeabi_uldivmod               
ffffffff  __binit__                      
ffffffff  __c_args__                     
000013ab  __mpu_init                     
20000000  __stack                        
0000297d  _args_main                     
00002755  _c_int00                       
00002a50  _ctypes_                       
20001060  _lock                          
000029d3  _nop                           
000029cb  _register_lock                 
000029c5  _register_unlock               
00001d6f  _system_post_cinit             
00002a4b  _system_pre_init               
20001064  _unlock                        
000027ad  abort                          
00002851  atoi                           
ffffffff  binit                          
0000289d  copy_in                        
000029d9  copysign                       
000029d9  copysignl                      
20001068  errno                          
000027b5  exit                           
000013ad  exp                            
000013ad  expl                           
000026f1  frexp                          
000026f1  frexpl                         
00000000  g_pfnVectors                   
00002a15  lcd_clear                      
00001871  lcd_gotoLine                   
000016d9  lcd_init                       
000018d7  lcd_printf                     
00001799  lcd_putc                       
000017d1  lcd_puts                       
000017ef  lcd_sendCommand                
0000182d  lcd_sendNibble                 
00001899  lcd_setCursorPos               
00002271  ldexp                          
00002271  ldexpl                         
000027fd  ltoa                           
00001e07  main                           
2000106c  main_func_sp                   
0000295f  memccpy                        
0000236d  memcpy                         
000025a5  memset                         
00002271  scalbn                         
00002271  scalbnl                        
000029ad  strchr                         
00002995  strcmp                         
000029ed  strcpy                         
00002a01  strlen                         
00001ff5  timer_getClock                 
00001fa9  timer_startClock               
00001f43  timer_startTimer               
00001ffb  timer_stopClock                
00001f93  timer_stopTimer                
00001f19  timer_waitMicros               
00001ee5  timer_waitMillis               
00002409  vsnprintf                      


GLOBAL SYMBOLS: SORTED BY Symbol Address 

address   name                           
-------   ----                           
00000000  __TI_static_base__             
00000000  g_pfnVectors                   
00000ab1  __TI_printfi                   
00001000  __STACK_SIZE                   
000013ab  __mpu_init                     
000013ad  exp                            
000013ad  expl                           
000016d9  lcd_init                       
00001799  lcd_putc                       
000017d1  lcd_puts                       
000017ef  lcd_sendCommand                
0000182d  lcd_sendNibble                 
00001871  lcd_gotoLine                   
00001899  lcd_setCursorPos               
000018d7  lcd_printf                     
000019c5  __aeabi_uldivmod               
00001bb9  __aeabi_dsub                   
00001bc3  __aeabi_dadd                   
00001d6f  _system_post_cinit             
00001d71  ADC_init                       
00001de3  ADC_read                       
00001e07  main                           
00001ee5  timer_waitMillis               
00001f19  timer_waitMicros               
00001f43  timer_startTimer               
00001f93  timer_stopTimer                
00001fa9  timer_startClock               
00001ff5  timer_getClock                 
00001ffb  timer_stopClock                
0000203d  __aeabi_ddiv                   
00002173  __aeabi_dmul                   
00002271  ldexp                          
00002271  ldexpl                         
00002271  scalbn                         
00002271  scalbnl                        
0000236d  __aeabi_memcpy                 
0000236d  __aeabi_memcpy4                
0000236d  __aeabi_memcpy8                
0000236d  memcpy                         
00002409  vsnprintf                      
00002491  __aeabi_cdcmpeq                
00002491  __aeabi_cdcmple                
00002517  __aeabi_cdrcmple               
0000259d  __aeabi_memclr                 
0000259d  __aeabi_memclr4                
0000259d  __aeabi_memclr8                
0000259f  __aeabi_memset                 
0000259f  __aeabi_memset4                
0000259f  __aeabi_memset8                
000025a5  memset                         
00002619  __TI_auto_init                 
00002689  __TI_decompress_lzss           
000026f1  frexp                          
000026f1  frexpl                         
00002755  _c_int00                       
000027a9  C$$EXIT                        
000027ad  abort                          
000027b5  exit                           
000027fd  ltoa                           
00002851  atoi                           
0000289d  copy_in                        
000028e9  __aeabi_d2iz                   
00002931  __aeabi_i2d                    
0000295f  memccpy                        
0000297d  _args_main                     
00002995  strcmp                         
000029ad  strchr                         
000029c5  _register_unlock               
000029cb  _register_lock                 
000029d3  _nop                           
000029d9  copysign                       
000029d9  copysignl                      
000029ed  strcpy                         
00002a01  strlen                         
00002a15  lcd_clear                      
00002a25  __TI_decompress_none           
00002a33  __TI_zero_init                 
00002a3f  ResetISR                       
00002a4b  _system_pre_init               
00002a50  _ctypes_                       
00002ba4  __TI_Handler_Table_Base        
00002bb0  __TI_Handler_Table_Limit       
00002bb8  __TI_CINIT_Base                
00002bc8  __TI_CINIT_Limit               
20000000  __stack                        
20000200  __STACK_TOP                    
20001000  __STACK_END                    
20001054  __TI_cleanup_ptr               
20001058  __TI_dtors_ptr                 
2000105c  __TI_enable_exit_profile_output
20001060  _lock                          
20001064  _unlock                        
20001068  errno                          
2000106c  main_func_sp                   
ffffffff  __TI_pprof_out_hndl            
ffffffff  __TI_prof_data_size            
ffffffff  __TI_prof_data_start           
ffffffff  __binit__                      
ffffffff  __c_args__                     
ffffffff  binit                          
UNDEFED   SHT$$INIT_ARRAY$$Base          
UNDEFED   SHT$$INIT_ARRAY$$Limit         

[102 symbols]
