<?xml version="1.0"?>
<link_info>
   <banner>TI ARM Linker PC v16.9.6.LTS</banner>
   <copyright>Copyright (c) 1996-2017 Texas Instruments Incorporated</copyright>
   <link_time>0x5ab2900a</link_time>
   <link_errors>0x0</link_errors>
   <output_file>Lab7.out</output_file>
   <entry_point>
      <name>_c_int00</name>
      <address>0x2515</address>
   </entry_point>
   <input_file_list>
      <input_file id="fl-2">
         <path>.\</path>
         <kind>object</kind>
         <file>Timer.obj</file>
         <name>Timer.obj</name>
      </input_file>
      <input_file id="fl-3">
         <path>.\</path>
         <kind>object</kind>
         <file>lcd.obj</file>
         <name>lcd.obj</name>
      </input_file>
      <input_file id="fl-4">
         <path>.\</path>
         <kind>object</kind>
         <file>pulse.obj</file>
         <name>pulse.obj</name>
      </input_file>
      <input_file id="fl-5">
         <path>.\</path>
         <kind>object</kind>
         <file>tm4c123gh6pm_startup_ccs.obj</file>
         <name>tm4c123gh6pm_startup_ccs.obj</name>
      </input_file>
      <input_file id="fl-a">
         <kind>object</kind>
         <file>&lt;internal&gt;</file>
         <name>&lt;internal&gt;</name>
      </input_file>
      <input_file id="fl-c0">
         <path>C:\ti\ccsv7\tools\compiler\ti-cgt-arm_16.9.6.LTS\lib\</path>
         <kind>archive</kind>
         <file>rtsv7M4_T_le_v4SPD16_eabi.lib</file>
         <name>boot.obj</name>
      </input_file>
      <input_file id="fl-c1">
         <path>C:\ti\ccsv7\tools\compiler\ti-cgt-arm_16.9.6.LTS\lib\</path>
         <kind>archive</kind>
         <file>rtsv7M4_T_le_v4SPD16_eabi.lib</file>
         <name>copy_decompress_lzss.obj</name>
      </input_file>
      <input_file id="fl-c2">
         <path>C:\ti\ccsv7\tools\compiler\ti-cgt-arm_16.9.6.LTS\lib\</path>
         <kind>archive</kind>
         <file>rtsv7M4_T_le_v4SPD16_eabi.lib</file>
         <name>copy_decompress_none.obj</name>
      </input_file>
      <input_file id="fl-c3">
         <path>C:\ti\ccsv7\tools\compiler\ti-cgt-arm_16.9.6.LTS\lib\</path>
         <kind>archive</kind>
         <file>rtsv7M4_T_le_v4SPD16_eabi.lib</file>
         <name>copy_zero_init.obj</name>
      </input_file>
      <input_file id="fl-c4">
         <path>C:\ti\ccsv7\tools\compiler\ti-cgt-arm_16.9.6.LTS\lib\</path>
         <kind>archive</kind>
         <file>rtsv7M4_T_le_v4SPD16_eabi.lib</file>
         <name>exit.obj</name>
      </input_file>
      <input_file id="fl-c5">
         <path>C:\ti\ccsv7\tools\compiler\ti-cgt-arm_16.9.6.LTS\lib\</path>
         <kind>archive</kind>
         <file>rtsv7M4_T_le_v4SPD16_eabi.lib</file>
         <name>fd_div_t2.obj</name>
      </input_file>
      <input_file id="fl-c6">
         <path>C:\ti\ccsv7\tools\compiler\ti-cgt-arm_16.9.6.LTS\lib\</path>
         <kind>archive</kind>
         <file>rtsv7M4_T_le_v4SPD16_eabi.lib</file>
         <name>fd_mul_t2.obj</name>
      </input_file>
      <input_file id="fl-c7">
         <path>C:\ti\ccsv7\tools\compiler\ti-cgt-arm_16.9.6.LTS\lib\</path>
         <kind>archive</kind>
         <file>rtsv7M4_T_le_v4SPD16_eabi.lib</file>
         <name>fd_tou_t2.obj</name>
      </input_file>
      <input_file id="fl-c8">
         <path>C:\ti\ccsv7\tools\compiler\ti-cgt-arm_16.9.6.LTS\lib\</path>
         <kind>archive</kind>
         <file>rtsv7M4_T_le_v4SPD16_eabi.lib</file>
         <name>memcpy_t2.obj</name>
      </input_file>
      <input_file id="fl-c9">
         <path>C:\ti\ccsv7\tools\compiler\ti-cgt-arm_16.9.6.LTS\lib\</path>
         <kind>archive</kind>
         <file>rtsv7M4_T_le_v4SPD16_eabi.lib</file>
         <name>memset_t2.obj</name>
      </input_file>
      <input_file id="fl-ca">
         <path>C:\ti\ccsv7\tools\compiler\ti-cgt-arm_16.9.6.LTS\lib\</path>
         <kind>archive</kind>
         <file>rtsv7M4_T_le_v4SPD16_eabi.lib</file>
         <name>mpu_init.obj</name>
      </input_file>
      <input_file id="fl-cb">
         <path>C:\ti\ccsv7\tools\compiler\ti-cgt-arm_16.9.6.LTS\lib\</path>
         <kind>archive</kind>
         <file>rtsv7M4_T_le_v4SPD16_eabi.lib</file>
         <name>pre_init.obj</name>
      </input_file>
      <input_file id="fl-cc">
         <path>C:\ti\ccsv7\tools\compiler\ti-cgt-arm_16.9.6.LTS\lib\</path>
         <kind>archive</kind>
         <file>rtsv7M4_T_le_v4SPD16_eabi.lib</file>
         <name>stkdepth_vars.obj</name>
      </input_file>
      <input_file id="fl-cd">
         <path>C:\ti\ccsv7\tools\compiler\ti-cgt-arm_16.9.6.LTS\lib\</path>
         <kind>archive</kind>
         <file>rtsv7M4_T_le_v4SPD16_eabi.lib</file>
         <name>strcmp.obj</name>
      </input_file>
      <input_file id="fl-ce">
         <path>C:\ti\ccsv7\tools\compiler\ti-cgt-arm_16.9.6.LTS\lib\</path>
         <kind>archive</kind>
         <file>rtsv7M4_T_le_v4SPD16_eabi.lib</file>
         <name>strcpy.obj</name>
      </input_file>
      <input_file id="fl-cf">
         <path>C:\ti\ccsv7\tools\compiler\ti-cgt-arm_16.9.6.LTS\lib\</path>
         <kind>archive</kind>
         <file>rtsv7M4_T_le_v4SPD16_eabi.lib</file>
         <name>u_tofd_t2.obj</name>
      </input_file>
      <input_file id="fl-d0">
         <path>C:\ti\ccsv7\tools\compiler\ti-cgt-arm_16.9.6.LTS\lib\</path>
         <kind>archive</kind>
         <file>rtsv7M4_T_le_v4SPD16_eabi.lib</file>
         <name>vsnprintf.obj</name>
      </input_file>
      <input_file id="fl-d1">
         <path>C:\ti\ccsv7\tools\compiler\ti-cgt-arm_16.9.6.LTS\lib\</path>
         <kind>archive</kind>
         <file>rtsv7M4_T_le_v4SPD16_eabi.lib</file>
         <name>_lock.obj</name>
      </input_file>
      <input_file id="fl-d2">
         <path>C:\ti\ccsv7\tools\compiler\ti-cgt-arm_16.9.6.LTS\lib\</path>
         <kind>archive</kind>
         <file>rtsv7M4_T_le_v4SPD16_eabi.lib</file>
         <name>_printfi.obj</name>
      </input_file>
      <input_file id="fl-d3">
         <path>C:\ti\ccsv7\tools\compiler\ti-cgt-arm_16.9.6.LTS\lib\</path>
         <kind>archive</kind>
         <file>rtsv7M4_T_le_v4SPD16_eabi.lib</file>
         <name>args_main.obj</name>
      </input_file>
      <input_file id="fl-d4">
         <path>C:\ti\ccsv7\tools\compiler\ti-cgt-arm_16.9.6.LTS\lib\</path>
         <kind>archive</kind>
         <file>rtsv7M4_T_le_v4SPD16_eabi.lib</file>
         <name>atoi.obj</name>
      </input_file>
      <input_file id="fl-d5">
         <path>C:\ti\ccsv7\tools\compiler\ti-cgt-arm_16.9.6.LTS\lib\</path>
         <kind>archive</kind>
         <file>rtsv7M4_T_le_v4SPD16_eabi.lib</file>
         <name>autoinit.obj</name>
      </input_file>
      <input_file id="fl-d6">
         <path>C:\ti\ccsv7\tools\compiler\ti-cgt-arm_16.9.6.LTS\lib\</path>
         <kind>archive</kind>
         <file>rtsv7M4_T_le_v4SPD16_eabi.lib</file>
         <name>cpy_tbl.obj</name>
      </input_file>
      <input_file id="fl-d7">
         <path>C:\ti\ccsv7\tools\compiler\ti-cgt-arm_16.9.6.LTS\lib\</path>
         <kind>archive</kind>
         <file>rtsv7M4_T_le_v4SPD16_eabi.lib</file>
         <name>ctype.obj</name>
      </input_file>
      <input_file id="fl-d8">
         <path>C:\ti\ccsv7\tools\compiler\ti-cgt-arm_16.9.6.LTS\lib\</path>
         <kind>archive</kind>
         <file>rtsv7M4_T_le_v4SPD16_eabi.lib</file>
         <name>fd_add_t2.obj</name>
      </input_file>
      <input_file id="fl-d9">
         <path>C:\ti\ccsv7\tools\compiler\ti-cgt-arm_16.9.6.LTS\lib\</path>
         <kind>archive</kind>
         <file>rtsv7M4_T_le_v4SPD16_eabi.lib</file>
         <name>fd_cmp_t2.obj</name>
      </input_file>
      <input_file id="fl-da">
         <path>C:\ti\ccsv7\tools\compiler\ti-cgt-arm_16.9.6.LTS\lib\</path>
         <kind>archive</kind>
         <file>rtsv7M4_T_le_v4SPD16_eabi.lib</file>
         <name>fd_toi_t2.obj</name>
      </input_file>
      <input_file id="fl-db">
         <path>C:\ti\ccsv7\tools\compiler\ti-cgt-arm_16.9.6.LTS\lib\</path>
         <kind>archive</kind>
         <file>rtsv7M4_T_le_v4SPD16_eabi.lib</file>
         <name>i_tofd_t2.obj</name>
      </input_file>
      <input_file id="fl-dc">
         <path>C:\ti\ccsv7\tools\compiler\ti-cgt-arm_16.9.6.LTS\lib\</path>
         <kind>archive</kind>
         <file>rtsv7M4_T_le_v4SPD16_eabi.lib</file>
         <name>ltoa.obj</name>
      </input_file>
      <input_file id="fl-dd">
         <path>C:\ti\ccsv7\tools\compiler\ti-cgt-arm_16.9.6.LTS\lib\</path>
         <kind>archive</kind>
         <file>rtsv7M4_T_le_v4SPD16_eabi.lib</file>
         <name>memccpy.obj</name>
      </input_file>
      <input_file id="fl-de">
         <path>C:\ti\ccsv7\tools\compiler\ti-cgt-arm_16.9.6.LTS\lib\</path>
         <kind>archive</kind>
         <file>rtsv7M4_T_le_v4SPD16_eabi.lib</file>
         <name>s_frexp.obj</name>
      </input_file>
      <input_file id="fl-df">
         <path>C:\ti\ccsv7\tools\compiler\ti-cgt-arm_16.9.6.LTS\lib\</path>
         <kind>archive</kind>
         <file>rtsv7M4_T_le_v4SPD16_eabi.lib</file>
         <name>s_scalbn.obj</name>
      </input_file>
      <input_file id="fl-e0">
         <path>C:\ti\ccsv7\tools\compiler\ti-cgt-arm_16.9.6.LTS\lib\</path>
         <kind>archive</kind>
         <file>rtsv7M4_T_le_v4SPD16_eabi.lib</file>
         <name>startup.obj</name>
      </input_file>
      <input_file id="fl-e1">
         <path>C:\ti\ccsv7\tools\compiler\ti-cgt-arm_16.9.6.LTS\lib\</path>
         <kind>archive</kind>
         <file>rtsv7M4_T_le_v4SPD16_eabi.lib</file>
         <name>strchr.obj</name>
      </input_file>
      <input_file id="fl-e2">
         <path>C:\ti\ccsv7\tools\compiler\ti-cgt-arm_16.9.6.LTS\lib\</path>
         <kind>archive</kind>
         <file>rtsv7M4_T_le_v4SPD16_eabi.lib</file>
         <name>strlen.obj</name>
      </input_file>
      <input_file id="fl-e3">
         <path>C:\ti\ccsv7\tools\compiler\ti-cgt-arm_16.9.6.LTS\lib\</path>
         <kind>archive</kind>
         <file>rtsv7M4_T_le_v4SPD16_eabi.lib</file>
         <name>ull_div_t2.obj</name>
      </input_file>
      <input_file id="fl-e4">
         <path>C:\ti\ccsv7\tools\compiler\ti-cgt-arm_16.9.6.LTS\lib\</path>
         <kind>archive</kind>
         <file>rtsv7M4_T_le_v4SPD16_eabi.lib</file>
         <name>errno.obj</name>
      </input_file>
      <input_file id="fl-e5">
         <path>C:\ti\ccsv7\tools\compiler\ti-cgt-arm_16.9.6.LTS\lib\</path>
         <kind>archive</kind>
         <file>rtsv7M4_T_le_v4SPD16_eabi.lib</file>
         <name>s_copysign.obj</name>
      </input_file>
      <input_file id="fl-e6">
         <path>C:\ti\TivaWare_C_Series-2.1.2.111\driverlib\ccs\Debug\</path>
         <kind>archive</kind>
         <file>driverlib.lib</file>
         <name>interrupt.obj</name>
      </input_file>
      <input_file id="fl-e7">
         <path>C:\ti\TivaWare_C_Series-2.1.2.111\driverlib\ccs\Debug\</path>
         <kind>archive</kind>
         <file>driverlib.lib</file>
         <name>cpu.obj</name>
      </input_file>
   </input_file_list>
   <object_component_list>
      <object_component id="oc-f">
         <name>.intvecs</name>
         <load_address>0x0</load_address>
         <run_address>0x0</run_address>
         <size>0x26c</size>
         <input_file_ref idref="fl-5"/>
      </object_component>
      <object_component id="oc-165">
         <name>.text</name>
         <load_address>0x26c</load_address>
         <run_address>0x26c</run_address>
         <size>0x113e</size>
         <input_file_ref idref="fl-d2"/>
      </object_component>
      <object_component id="oc-57">
         <name>.text</name>
         <load_address>0x13aa</load_address>
         <run_address>0x13aa</run_address>
         <size>0x2</size>
         <input_file_ref idref="fl-ca"/>
      </object_component>
      <object_component id="oc-dd">
         <name>.text</name>
         <load_address>0x13ac</load_address>
         <run_address>0x13ac</run_address>
         <size>0x2ec</size>
         <input_file_ref idref="fl-3"/>
      </object_component>
      <object_component id="oc-a7">
         <name>.text</name>
         <load_address>0x1698</load_address>
         <run_address>0x1698</run_address>
         <size>0x260</size>
         <input_file_ref idref="fl-4"/>
      </object_component>
      <object_component id="oc-184">
         <name>.text</name>
         <load_address>0x18f8</load_address>
         <run_address>0x18f8</run_address>
         <size>0x1f4</size>
         <input_file_ref idref="fl-e3"/>
      </object_component>
      <object_component id="oc-1a9">
         <name>.text</name>
         <load_address>0x1aec</load_address>
         <run_address>0x1aec</run_address>
         <size>0x1b6</size>
         <input_file_ref idref="fl-d8"/>
      </object_component>
      <object_component id="oc-9f">
         <name>.text</name>
         <load_address>0x1ca2</load_address>
         <run_address>0x1ca2</run_address>
         <size>0x2</size>
         <input_file_ref idref="fl-e0"/>
      </object_component>
      <object_component id="oc-d7">
         <name>.text</name>
         <load_address>0x1ca4</load_address>
         <run_address>0x1ca4</run_address>
         <size>0x158</size>
         <input_file_ref idref="fl-2"/>
      </object_component>
      <object_component id="oc-ed">
         <name>.text</name>
         <load_address>0x1dfc</load_address>
         <run_address>0x1dfc</run_address>
         <size>0x136</size>
         <input_file_ref idref="fl-c5"/>
      </object_component>
      <object_component id="oc-e8">
         <name>.text</name>
         <load_address>0x1f32</load_address>
         <run_address>0x1f32</run_address>
         <size>0xfc</size>
         <input_file_ref idref="fl-c6"/>
      </object_component>
      <object_component id="oc-1b4">
         <name>.text</name>
         <load_address>0x2030</load_address>
         <run_address>0x2030</run_address>
         <size>0xfc</size>
         <input_file_ref idref="fl-df"/>
      </object_component>
      <object_component id="oc-3f">
         <name>.text</name>
         <load_address>0x212c</load_address>
         <run_address>0x212c</run_address>
         <size>0x9c</size>
         <input_file_ref idref="fl-c8"/>
      </object_component>
      <object_component id="oc-13a">
         <name>.text</name>
         <load_address>0x21c8</load_address>
         <run_address>0x21c8</run_address>
         <size>0x88</size>
         <input_file_ref idref="fl-d0"/>
      </object_component>
      <object_component id="oc-18f">
         <name>.text:__aeabi_cdcmple</name>
         <load_address>0x2250</load_address>
         <run_address>0x2250</run_address>
         <size>0x86</size>
         <input_file_ref idref="fl-d9"/>
      </object_component>
      <object_component id="oc-194">
         <name>.text:__aeabi_cdrcmple</name>
         <load_address>0x22d6</load_address>
         <run_address>0x22d6</run_address>
         <size>0x86</size>
         <input_file_ref idref="fl-d9"/>
      </object_component>
      <object_component id="oc-4b">
         <name>.text</name>
         <load_address>0x235c</load_address>
         <run_address>0x235c</run_address>
         <size>0x7a</size>
         <input_file_ref idref="fl-c9"/>
      </object_component>
      <object_component id="oc-63">
         <name>.text</name>
         <load_address>0x23d8</load_address>
         <run_address>0x23d8</run_address>
         <size>0x70</size>
         <input_file_ref idref="fl-d5"/>
      </object_component>
      <object_component id="oc-12">
         <name>.text:decompress:lzss</name>
         <load_address>0x2448</load_address>
         <run_address>0x2448</run_address>
         <size>0x68</size>
         <input_file_ref idref="fl-c1"/>
      </object_component>
      <object_component id="oc-1ae">
         <name>.text</name>
         <load_address>0x24b0</load_address>
         <run_address>0x24b0</run_address>
         <size>0x64</size>
         <input_file_ref idref="fl-de"/>
      </object_component>
      <object_component id="oc-24">
         <name>.text</name>
         <load_address>0x2514</load_address>
         <run_address>0x2514</run_address>
         <size>0x54</size>
         <input_file_ref idref="fl-c0"/>
      </object_component>
      <object_component id="oc-6f">
         <name>.text</name>
         <load_address>0x2568</load_address>
         <run_address>0x2568</run_address>
         <size>0x54</size>
         <input_file_ref idref="fl-c4"/>
      </object_component>
      <object_component id="oc-19e">
         <name>.text</name>
         <load_address>0x25bc</load_address>
         <run_address>0x25bc</run_address>
         <size>0x54</size>
         <input_file_ref idref="fl-dc"/>
      </object_component>
      <object_component id="oc-1c0">
         <name>.text</name>
         <load_address>0x2610</load_address>
         <run_address>0x2610</run_address>
         <size>0x4c</size>
         <input_file_ref idref="fl-d4"/>
      </object_component>
      <object_component id="oc-99">
         <name>.text</name>
         <load_address>0x265c</load_address>
         <run_address>0x265c</run_address>
         <size>0x4c</size>
         <input_file_ref idref="fl-d6"/>
      </object_component>
      <object_component id="oc-199">
         <name>.text</name>
         <load_address>0x26a8</load_address>
         <run_address>0x26a8</run_address>
         <size>0x48</size>
         <input_file_ref idref="fl-da"/>
      </object_component>
      <object_component id="oc-f2">
         <name>.text</name>
         <load_address>0x26f0</load_address>
         <run_address>0x26f0</run_address>
         <size>0x44</size>
         <input_file_ref idref="fl-c7"/>
      </object_component>
      <object_component id="oc-cb">
         <name>.text:IntRegister</name>
         <load_address>0x2734</load_address>
         <run_address>0x2734</run_address>
         <size>0x34</size>
         <input_file_ref idref="fl-e6"/>
      </object_component>
      <object_component id="oc-1a4">
         <name>.text</name>
         <load_address>0x2768</load_address>
         <run_address>0x2768</run_address>
         <size>0x2e</size>
         <input_file_ref idref="fl-db"/>
      </object_component>
      <object_component id="oc-e3">
         <name>.text</name>
         <load_address>0x2796</load_address>
         <run_address>0x2796</run_address>
         <size>0x20</size>
         <input_file_ref idref="fl-cf"/>
      </object_component>
      <object_component id="oc-1c6">
         <name>.text</name>
         <load_address>0x27b6</load_address>
         <run_address>0x27b6</run_address>
         <size>0x1c</size>
         <input_file_ref idref="fl-dd"/>
      </object_component>
      <object_component id="oc-69">
         <name>.text</name>
         <load_address>0x27d4</load_address>
         <run_address>0x27d4</run_address>
         <size>0x18</size>
         <input_file_ref idref="fl-d3"/>
      </object_component>
      <object_component id="oc-140">
         <name>.text</name>
         <load_address>0x27ec</load_address>
         <run_address>0x27ec</run_address>
         <size>0x18</size>
         <input_file_ref idref="fl-cd"/>
      </object_component>
      <object_component id="oc-1ba">
         <name>.text</name>
         <load_address>0x2804</load_address>
         <run_address>0x2804</run_address>
         <size>0x16</size>
         <input_file_ref idref="fl-e1"/>
      </object_component>
      <object_component id="oc-109">
         <name>.text</name>
         <load_address>0x281c</load_address>
         <run_address>0x281c</run_address>
         <size>0x14</size>
         <input_file_ref idref="fl-d1"/>
      </object_component>
      <object_component id="oc-1ef">
         <name>.text</name>
         <load_address>0x2830</load_address>
         <run_address>0x2830</run_address>
         <size>0x14</size>
         <input_file_ref idref="fl-e5"/>
      </object_component>
      <object_component id="oc-146">
         <name>.text</name>
         <load_address>0x2844</load_address>
         <run_address>0x2844</run_address>
         <size>0x14</size>
         <input_file_ref idref="fl-ce"/>
      </object_component>
      <object_component id="oc-189">
         <name>.text</name>
         <load_address>0x2858</load_address>
         <run_address>0x2858</run_address>
         <size>0x14</size>
         <input_file_ref idref="fl-e2"/>
      </object_component>
      <object_component id="oc-d1">
         <name>.text:IntMasterEnable</name>
         <load_address>0x286c</load_address>
         <run_address>0x286c</run_address>
         <size>0x10</size>
         <input_file_ref idref="fl-e6"/>
      </object_component>
      <object_component id="oc-133">
         <name>.text:lcd_clear</name>
         <load_address>0x287c</load_address>
         <run_address>0x287c</run_address>
         <size>0x10</size>
         <input_file_ref idref="fl-3"/>
      </object_component>
      <object_component id="oc-18">
         <name>.text:decompress:none</name>
         <load_address>0x288c</load_address>
         <run_address>0x288c</run_address>
         <size>0xe</size>
         <input_file_ref idref="fl-c2"/>
      </object_component>
      <object_component id="oc-126">
         <name>.text:CPUcpsie</name>
         <load_address>0x289a</load_address>
         <run_address>0x289a</run_address>
         <size>0xc</size>
         <input_file_ref idref="fl-e7"/>
      </object_component>
      <object_component id="oc-1e">
         <name>.text:decompress:ZI</name>
         <load_address>0x28a6</load_address>
         <run_address>0x28a6</run_address>
         <size>0xc</size>
         <input_file_ref idref="fl-c3"/>
      </object_component>
      <object_component id="oc-2b">
         <name>.text</name>
         <load_address>0x28b2</load_address>
         <run_address>0x28b2</run_address>
         <size>0xc</size>
         <input_file_ref idref="fl-5"/>
      </object_component>
      <object_component id="oc-5d">
         <name>.text</name>
         <load_address>0x28be</load_address>
         <run_address>0x28be</run_address>
         <size>0x4</size>
         <input_file_ref idref="fl-cb"/>
      </object_component>
      <object_component id="oc-1fc">
         <name>.const:.string:_ctypes_</name>
         <load_address>0x28c2</load_address>
         <run_address>0x28c2</run_address>
         <size>0x101</size>
         <input_file_ref idref="fl-d7"/>
      </object_component>
      <object_component id="oc-14c">
         <name>.const:.string:lineAddress$1</name>
         <load_address>0x29c3</load_address>
         <run_address>0x29c3</run_address>
         <size>0x4</size>
         <input_file_ref idref="fl-3"/>
      </object_component>
      <object_component id="oc-14d">
         <name>.const:.string:lineAddresses$2</name>
         <load_address>0x29c7</load_address>
         <run_address>0x29c7</run_address>
         <size>0x4</size>
         <input_file_ref idref="fl-3"/>
      </object_component>
      <object_component id="oc-242">
         <name>.cinit..data.load</name>
         <load_address>0x29d0</load_address>
         <run_address>0x29d0</run_address>
         <size>0x13</size>
      </object_component>
      <object_component id="oc-23f">
         <name>__TI_handler_table</name>
         <load_address>0x29e4</load_address>
         <run_address>0x29e4</run_address>
         <size>0xc</size>
      </object_component>
      <object_component id="oc-243">
         <name>.cinit..bss.load</name>
         <load_address>0x29f0</load_address>
         <run_address>0x29f0</run_address>
         <size>0x8</size>
      </object_component>
      <object_component id="oc-241">
         <name>.cinit..vtable.load</name>
         <load_address>0x29f8</load_address>
         <run_address>0x29f8</run_address>
         <size>0x8</size>
      </object_component>
      <object_component id="oc-240">
         <name>__TI_cinit_table</name>
         <load_address>0x2a00</load_address>
         <run_address>0x2a00</run_address>
         <size>0x18</size>
      </object_component>
      <object_component id="oc-121">
         <name>.vtable</name>
         <uninitialized>true</uninitialized>
         <run_address>0x20000000</run_address>
         <size>0x26c</size>
         <input_file_ref idref="fl-e6"/>
      </object_component>
      <object_component id="oc-f7">
         <name>.data</name>
         <load_address>0x200012cc</load_address>
         <run_address>0x200012cc</run_address>
         <size>0xc</size>
         <input_file_ref idref="fl-4"/>
      </object_component>
      <object_component id="oc-af">
         <name>.data:$O1$$</name>
         <load_address>0x200012c0</load_address>
         <run_address>0x200012c0</run_address>
         <size>0xc</size>
         <input_file_ref idref="fl-c4"/>
      </object_component>
      <object_component id="oc-75">
         <name>.data</name>
         <load_address>0x200012e4</load_address>
         <run_address>0x200012e4</run_address>
         <size>0x4</size>
         <input_file_ref idref="fl-cc"/>
      </object_component>
      <object_component id="oc-b2">
         <name>.data:$O1$$</name>
         <load_address>0x200012d8</load_address>
         <run_address>0x200012d8</run_address>
         <size>0x8</size>
         <input_file_ref idref="fl-d1"/>
      </object_component>
      <object_component id="oc-1f5">
         <name>.data</name>
         <load_address>0x200012e0</load_address>
         <run_address>0x200012e0</run_address>
         <size>0x4</size>
         <input_file_ref idref="fl-e4"/>
      </object_component>
      <object_component id="oc-14e">
         <name>.bss:lastbuffer$3</name>
         <uninitialized>true</uninitialized>
         <run_address>0x2000126c</run_address>
         <size>0x54</size>
         <input_file_ref idref="fl-3"/>
      </object_component>
      <object_component id="oc-2a">
         <name>.stack</name>
         <uninitialized>true</uninitialized>
         <run_address>0x2000026c</run_address>
         <size>0x0</size>
         <input_file_ref idref="fl-c0"/>
      </object_component>
      <object_component id="oc-244">
         <name>.stack</name>
         <uninitialized>true</uninitialized>
         <run_address>0x2000026c</run_address>
         <size>0x0</size>
      </object_component>
      <object_component id="oc-d8">
         <name>.debug_info</name>
         <load_address>0x0</load_address>
         <run_address>0x0</run_address>
         <size>0x3d5</size>
         <input_file_ref idref="fl-2"/>
      </object_component>
      <object_component id="oc-3a">
         <name>.debug_info</name>
         <load_address>0x3d5</load_address>
         <run_address>0x3d5</run_address>
         <size>0x84</size>
         <input_file_ref idref="fl-2"/>
      </object_component>
      <object_component id="oc-7c">
         <name>.debug_info</name>
         <load_address>0x459</load_address>
         <run_address>0x459</run_address>
         <size>0x18b</size>
         <input_file_ref idref="fl-2"/>
      </object_component>
      <object_component id="oc-12e">
         <name>.debug_info</name>
         <load_address>0x5e4</load_address>
         <run_address>0x5e4</run_address>
         <size>0x2c</size>
         <input_file_ref idref="fl-2"/>
      </object_component>
      <object_component id="oc-150">
         <name>.debug_info</name>
         <load_address>0x610</load_address>
         <run_address>0x610</run_address>
         <size>0x354</size>
         <input_file_ref idref="fl-3"/>
      </object_component>
      <object_component id="oc-134">
         <name>.debug_info</name>
         <load_address>0x964</load_address>
         <run_address>0x964</run_address>
         <size>0x105</size>
         <input_file_ref idref="fl-3"/>
      </object_component>
      <object_component id="oc-de">
         <name>.debug_info</name>
         <load_address>0xa69</load_address>
         <run_address>0xa69</run_address>
         <size>0x823</size>
         <input_file_ref idref="fl-3"/>
      </object_component>
      <object_component id="oc-17d">
         <name>.debug_info</name>
         <load_address>0x128c</load_address>
         <run_address>0x128c</run_address>
         <size>0xc8</size>
         <input_file_ref idref="fl-3"/>
      </object_component>
      <object_component id="oc-151">
         <name>.debug_info</name>
         <load_address>0x1354</load_address>
         <run_address>0x1354</run_address>
         <size>0x4e</size>
         <input_file_ref idref="fl-3"/>
      </object_component>
      <object_component id="oc-15c">
         <name>.debug_info</name>
         <load_address>0x13a2</load_address>
         <run_address>0x13a2</run_address>
         <size>0x372</size>
         <input_file_ref idref="fl-4"/>
      </object_component>
      <object_component id="oc-f8">
         <name>.debug_info</name>
         <load_address>0x1714</load_address>
         <run_address>0x1714</run_address>
         <size>0xfc</size>
         <input_file_ref idref="fl-4"/>
      </object_component>
      <object_component id="oc-a9">
         <name>.debug_info</name>
         <load_address>0x1810</load_address>
         <run_address>0x1810</run_address>
         <size>0x2f1</size>
         <input_file_ref idref="fl-4"/>
      </object_component>
      <object_component id="oc-fb">
         <name>.debug_info</name>
         <load_address>0x1b01</load_address>
         <run_address>0x1b01</run_address>
         <size>0x8b</size>
         <input_file_ref idref="fl-4"/>
      </object_component>
      <object_component id="oc-33">
         <name>.debug_info</name>
         <load_address>0x1b8c</load_address>
         <run_address>0x1b8c</run_address>
         <size>0x27a</size>
         <input_file_ref idref="fl-5"/>
      </object_component>
      <object_component id="oc-10">
         <name>.debug_info</name>
         <load_address>0x1e06</load_address>
         <run_address>0x1e06</run_address>
         <size>0xcb</size>
         <input_file_ref idref="fl-5"/>
      </object_component>
      <object_component id="oc-2c">
         <name>.debug_info</name>
         <load_address>0x1ed1</load_address>
         <run_address>0x1ed1</run_address>
         <size>0x247</size>
         <input_file_ref idref="fl-5"/>
      </object_component>
      <object_component id="oc-25">
         <name>.debug_info</name>
         <load_address>0x2118</load_address>
         <run_address>0x2118</run_address>
         <size>0x160</size>
         <input_file_ref idref="fl-c0"/>
      </object_component>
      <object_component id="oc-86">
         <name>.debug_info</name>
         <load_address>0x2278</load_address>
         <run_address>0x2278</run_address>
         <size>0x293</size>
         <input_file_ref idref="fl-c1"/>
      </object_component>
      <object_component id="oc-13">
         <name>.debug_info</name>
         <load_address>0x250b</load_address>
         <run_address>0x250b</run_address>
         <size>0x245</size>
         <input_file_ref idref="fl-c1"/>
      </object_component>
      <object_component id="oc-35">
         <name>.debug_info</name>
         <load_address>0x2750</load_address>
         <run_address>0x2750</run_address>
         <size>0x60</size>
         <input_file_ref idref="fl-c1"/>
      </object_component>
      <object_component id="oc-81">
         <name>.debug_info</name>
         <load_address>0x27b0</load_address>
         <run_address>0x27b0</run_address>
         <size>0x46</size>
         <input_file_ref idref="fl-c1"/>
      </object_component>
      <object_component id="oc-4a">
         <name>.debug_info</name>
         <load_address>0x27f6</load_address>
         <run_address>0x27f6</run_address>
         <size>0x2da</size>
         <input_file_ref idref="fl-c2"/>
      </object_component>
      <object_component id="oc-1b">
         <name>.debug_info</name>
         <load_address>0x2ad0</load_address>
         <run_address>0x2ad0</run_address>
         <size>0x1df</size>
         <input_file_ref idref="fl-c2"/>
      </object_component>
      <object_component id="oc-45">
         <name>.debug_info</name>
         <load_address>0x2caf</load_address>
         <run_address>0x2caf</run_address>
         <size>0x46</size>
         <input_file_ref idref="fl-c2"/>
      </object_component>
      <object_component id="oc-88">
         <name>.debug_info</name>
         <load_address>0x2cf5</load_address>
         <run_address>0x2cf5</run_address>
         <size>0x2c</size>
         <input_file_ref idref="fl-c2"/>
      </object_component>
      <object_component id="oc-56">
         <name>.debug_info</name>
         <load_address>0x2d21</load_address>
         <run_address>0x2d21</run_address>
         <size>0x2c9</size>
         <input_file_ref idref="fl-c3"/>
      </object_component>
      <object_component id="oc-22">
         <name>.debug_info</name>
         <load_address>0x2fea</load_address>
         <run_address>0x2fea</run_address>
         <size>0x1aa</size>
         <input_file_ref idref="fl-c3"/>
      </object_component>
      <object_component id="oc-51">
         <name>.debug_info</name>
         <load_address>0x3194</load_address>
         <run_address>0x3194</run_address>
         <size>0x46</size>
         <input_file_ref idref="fl-c3"/>
      </object_component>
      <object_component id="oc-90">
         <name>.debug_info</name>
         <load_address>0x31da</load_address>
         <run_address>0x31da</run_address>
         <size>0x2c</size>
         <input_file_ref idref="fl-c3"/>
      </object_component>
      <object_component id="oc-b6">
         <name>.debug_info</name>
         <load_address>0x3206</load_address>
         <run_address>0x3206</run_address>
         <size>0x3ce</size>
         <input_file_ref idref="fl-c4"/>
      </object_component>
      <object_component id="oc-b0">
         <name>.debug_info</name>
         <load_address>0x35d4</load_address>
         <run_address>0x35d4</run_address>
         <size>0x185</size>
         <input_file_ref idref="fl-c4"/>
      </object_component>
      <object_component id="oc-70">
         <name>.debug_info</name>
         <load_address>0x3759</load_address>
         <run_address>0x3759</run_address>
         <size>0x214</size>
         <input_file_ref idref="fl-c4"/>
      </object_component>
      <object_component id="oc-ee">
         <name>.debug_info</name>
         <load_address>0x396d</load_address>
         <run_address>0x396d</run_address>
         <size>0x132</size>
         <input_file_ref idref="fl-c5"/>
      </object_component>
      <object_component id="oc-e9">
         <name>.debug_info</name>
         <load_address>0x3a9f</load_address>
         <run_address>0x3a9f</run_address>
         <size>0x132</size>
         <input_file_ref idref="fl-c6"/>
      </object_component>
      <object_component id="oc-f5">
         <name>.debug_info</name>
         <load_address>0x3bd1</load_address>
         <run_address>0x3bd1</run_address>
         <size>0x131</size>
         <input_file_ref idref="fl-c7"/>
      </object_component>
      <object_component id="oc-40">
         <name>.debug_info</name>
         <load_address>0x3d02</load_address>
         <run_address>0x3d02</run_address>
         <size>0x111</size>
         <input_file_ref idref="fl-c8"/>
      </object_component>
      <object_component id="oc-4c">
         <name>.debug_info</name>
         <load_address>0x3e13</load_address>
         <run_address>0x3e13</run_address>
         <size>0x13f</size>
         <input_file_ref idref="fl-c9"/>
      </object_component>
      <object_component id="oc-58">
         <name>.debug_info</name>
         <load_address>0x3f52</load_address>
         <run_address>0x3f52</run_address>
         <size>0x138</size>
         <input_file_ref idref="fl-ca"/>
      </object_component>
      <object_component id="oc-5f">
         <name>.debug_info</name>
         <load_address>0x408a</load_address>
         <run_address>0x408a</run_address>
         <size>0x148</size>
         <input_file_ref idref="fl-cb"/>
      </object_component>
      <object_component id="oc-76">
         <name>.debug_info</name>
         <load_address>0x41d2</load_address>
         <run_address>0x41d2</run_address>
         <size>0x109</size>
         <input_file_ref idref="fl-cc"/>
      </object_component>
      <object_component id="oc-178">
         <name>.debug_info</name>
         <load_address>0x42db</load_address>
         <run_address>0x42db</run_address>
         <size>0x27f</size>
         <input_file_ref idref="fl-cd"/>
      </object_component>
      <object_component id="oc-144">
         <name>.debug_info</name>
         <load_address>0x455a</load_address>
         <run_address>0x455a</run_address>
         <size>0x258</size>
         <input_file_ref idref="fl-cd"/>
      </object_component>
      <object_component id="oc-17a">
         <name>.debug_info</name>
         <load_address>0x47b2</load_address>
         <run_address>0x47b2</run_address>
         <size>0x28a</size>
         <input_file_ref idref="fl-ce"/>
      </object_component>
      <object_component id="oc-148">
         <name>.debug_info</name>
         <load_address>0x4a3c</load_address>
         <run_address>0x4a3c</run_address>
         <size>0x231</size>
         <input_file_ref idref="fl-ce"/>
      </object_component>
      <object_component id="oc-e5">
         <name>.debug_info</name>
         <load_address>0x4c6d</load_address>
         <run_address>0x4c6d</run_address>
         <size>0x126</size>
         <input_file_ref idref="fl-cf"/>
      </object_component>
      <object_component id="oc-16c">
         <name>.debug_info</name>
         <load_address>0x4d93</load_address>
         <run_address>0x4d93</run_address>
         <size>0x362</size>
         <input_file_ref idref="fl-d0"/>
      </object_component>
      <object_component id="oc-13e">
         <name>.debug_info</name>
         <load_address>0x50f5</load_address>
         <run_address>0x50f5</run_address>
         <size>0x35c</size>
         <input_file_ref idref="fl-d0"/>
      </object_component>
      <object_component id="oc-16d">
         <name>.debug_info</name>
         <load_address>0x5451</load_address>
         <run_address>0x5451</run_address>
         <size>0x2c</size>
         <input_file_ref idref="fl-d0"/>
      </object_component>
      <object_component id="oc-172">
         <name>.debug_info</name>
         <load_address>0x547d</load_address>
         <run_address>0x547d</run_address>
         <size>0x69</size>
         <input_file_ref idref="fl-d0"/>
      </object_component>
      <object_component id="oc-111">
         <name>.debug_info</name>
         <load_address>0x54e6</load_address>
         <run_address>0x54e6</run_address>
         <size>0x2be</size>
         <input_file_ref idref="fl-d1"/>
      </object_component>
      <object_component id="oc-b3">
         <name>.debug_info</name>
         <load_address>0x57a4</load_address>
         <run_address>0x57a4</run_address>
         <size>0x113</size>
         <input_file_ref idref="fl-d1"/>
      </object_component>
      <object_component id="oc-10d">
         <name>.debug_info</name>
         <load_address>0x58b7</load_address>
         <run_address>0x58b7</run_address>
         <size>0x21f</size>
         <input_file_ref idref="fl-d1"/>
      </object_component>
      <object_component id="oc-1cd">
         <name>.debug_info</name>
         <load_address>0x5ad6</load_address>
         <run_address>0x5ad6</run_address>
         <size>0x51f</size>
         <input_file_ref idref="fl-d2"/>
      </object_component>
      <object_component id="oc-166">
         <name>.debug_info</name>
         <load_address>0x5ff5</load_address>
         <run_address>0x5ff5</run_address>
         <size>0x1543</size>
         <input_file_ref idref="fl-d2"/>
      </object_component>
      <object_component id="oc-1ce">
         <name>.debug_info</name>
         <load_address>0x7538</load_address>
         <run_address>0x7538</run_address>
         <size>0x86</size>
         <input_file_ref idref="fl-d2"/>
      </object_component>
      <object_component id="oc-205">
         <name>.debug_info</name>
         <load_address>0x75be</load_address>
         <run_address>0x75be</run_address>
         <size>0x46</size>
         <input_file_ref idref="fl-d2"/>
      </object_component>
      <object_component id="oc-1d3">
         <name>.debug_info</name>
         <load_address>0x7604</load_address>
         <run_address>0x7604</run_address>
         <size>0x39</size>
         <input_file_ref idref="fl-d2"/>
      </object_component>
      <object_component id="oc-ae">
         <name>.debug_info</name>
         <load_address>0x763d</load_address>
         <run_address>0x763d</run_address>
         <size>0x300</size>
         <input_file_ref idref="fl-d3"/>
      </object_component>
      <object_component id="oc-6a">
         <name>.debug_info</name>
         <load_address>0x793d</load_address>
         <run_address>0x793d</run_address>
         <size>0x167</size>
         <input_file_ref idref="fl-d3"/>
      </object_component>
      <object_component id="oc-102">
         <name>.debug_info</name>
         <load_address>0x7aa4</load_address>
         <run_address>0x7aa4</run_address>
         <size>0x5e</size>
         <input_file_ref idref="fl-d3"/>
      </object_component>
      <object_component id="oc-200">
         <name>.debug_info</name>
         <load_address>0x7b02</load_address>
         <run_address>0x7b02</run_address>
         <size>0x2ae</size>
         <input_file_ref idref="fl-d4"/>
      </object_component>
      <object_component id="oc-1c3">
         <name>.debug_info</name>
         <load_address>0x7db0</load_address>
         <run_address>0x7db0</run_address>
         <size>0x171</size>
         <input_file_ref idref="fl-d4"/>
      </object_component>
      <object_component id="oc-a6">
         <name>.debug_info</name>
         <load_address>0x7f21</load_address>
         <run_address>0x7f21</run_address>
         <size>0x483</size>
         <input_file_ref idref="fl-d5"/>
      </object_component>
      <object_component id="oc-66">
         <name>.debug_info</name>
         <load_address>0x83a4</load_address>
         <run_address>0x83a4</run_address>
         <size>0x190</size>
         <input_file_ref idref="fl-d5"/>
      </object_component>
      <object_component id="oc-c1">
         <name>.debug_info</name>
         <load_address>0x8534</load_address>
         <run_address>0x8534</run_address>
         <size>0x39</size>
         <input_file_ref idref="fl-d5"/>
      </object_component>
      <object_component id="oc-11c">
         <name>.debug_info</name>
         <load_address>0x856d</load_address>
         <run_address>0x856d</run_address>
         <size>0x39</size>
         <input_file_ref idref="fl-d5"/>
      </object_component>
      <object_component id="oc-c6">
         <name>.debug_info</name>
         <load_address>0x85a6</load_address>
         <run_address>0x85a6</run_address>
         <size>0xcd</size>
         <input_file_ref idref="fl-d5"/>
      </object_component>
      <object_component id="oc-bd">
         <name>.debug_info</name>
         <load_address>0x8673</load_address>
         <run_address>0x8673</run_address>
         <size>0x37a</size>
         <input_file_ref idref="fl-d6"/>
      </object_component>
      <object_component id="oc-9b">
         <name>.debug_info</name>
         <load_address>0x89ed</load_address>
         <run_address>0x89ed</run_address>
         <size>0x183</size>
         <input_file_ref idref="fl-d6"/>
      </object_component>
      <object_component id="oc-117">
         <name>.debug_info</name>
         <load_address>0x8b70</load_address>
         <run_address>0x8b70</run_address>
         <size>0x2c</size>
         <input_file_ref idref="fl-d6"/>
      </object_component>
      <object_component id="oc-219">
         <name>.debug_info</name>
         <load_address>0x8b9c</load_address>
         <run_address>0x8b9c</run_address>
         <size>0xee</size>
         <input_file_ref idref="fl-d7"/>
      </object_component>
      <object_component id="oc-1fd">
         <name>.debug_info</name>
         <load_address>0x8c8a</load_address>
         <run_address>0x8c8a</run_address>
         <size>0xfa</size>
         <input_file_ref idref="fl-d7"/>
      </object_component>
      <object_component id="oc-1aa">
         <name>.debug_info</name>
         <load_address>0x8d84</load_address>
         <run_address>0x8d84</run_address>
         <size>0x144</size>
         <input_file_ref idref="fl-d8"/>
      </object_component>
      <object_component id="oc-192">
         <name>.debug_info</name>
         <load_address>0x8ec8</load_address>
         <run_address>0x8ec8</run_address>
         <size>0x120</size>
         <input_file_ref idref="fl-d9"/>
      </object_component>
      <object_component id="oc-195">
         <name>.debug_info</name>
         <load_address>0x8fe8</load_address>
         <run_address>0x8fe8</run_address>
         <size>0x122</size>
         <input_file_ref idref="fl-d9"/>
      </object_component>
      <object_component id="oc-19c">
         <name>.debug_info</name>
         <load_address>0x910a</load_address>
         <run_address>0x910a</run_address>
         <size>0x126</size>
         <input_file_ref idref="fl-da"/>
      </object_component>
      <object_component id="oc-1a7">
         <name>.debug_info</name>
         <load_address>0x9230</load_address>
         <run_address>0x9230</run_address>
         <size>0x124</size>
         <input_file_ref idref="fl-db"/>
      </object_component>
      <object_component id="oc-1e5">
         <name>.debug_info</name>
         <load_address>0x9354</load_address>
         <run_address>0x9354</run_address>
         <size>0x2e6</size>
         <input_file_ref idref="fl-dc"/>
      </object_component>
      <object_component id="oc-1a0">
         <name>.debug_info</name>
         <load_address>0x963a</load_address>
         <run_address>0x963a</run_address>
         <size>0x1c2</size>
         <input_file_ref idref="fl-dc"/>
      </object_component>
      <object_component id="oc-202">
         <name>.debug_info</name>
         <load_address>0x97fc</load_address>
         <run_address>0x97fc</run_address>
         <size>0x28b</size>
         <input_file_ref idref="fl-dd"/>
      </object_component>
      <object_component id="oc-1c9">
         <name>.debug_info</name>
         <load_address>0x9a87</load_address>
         <run_address>0x9a87</run_address>
         <size>0x1ab</size>
         <input_file_ref idref="fl-dd"/>
      </object_component>
      <object_component id="oc-1e9">
         <name>.debug_info</name>
         <load_address>0x9c32</load_address>
         <run_address>0x9c32</run_address>
         <size>0x2d9</size>
         <input_file_ref idref="fl-de"/>
      </object_component>
      <object_component id="oc-1b1">
         <name>.debug_info</name>
         <load_address>0x9f0b</load_address>
         <run_address>0x9f0b</run_address>
         <size>0x18a</size>
         <input_file_ref idref="fl-de"/>
      </object_component>
      <object_component id="oc-1ea">
         <name>.debug_info</name>
         <load_address>0xa095</load_address>
         <run_address>0xa095</run_address>
         <size>0x2c</size>
         <input_file_ref idref="fl-de"/>
      </object_component>
      <object_component id="oc-1f9">
         <name>.debug_info</name>
         <load_address>0xa0c1</load_address>
         <run_address>0xa0c1</run_address>
         <size>0x316</size>
         <input_file_ref idref="fl-df"/>
      </object_component>
      <object_component id="oc-1b6">
         <name>.debug_info</name>
         <load_address>0xa3d7</load_address>
         <run_address>0xa3d7</run_address>
         <size>0x1d5</size>
         <input_file_ref idref="fl-df"/>
      </object_component>
      <object_component id="oc-a0">
         <name>.debug_info</name>
         <load_address>0xa5ac</load_address>
         <run_address>0xa5ac</run_address>
         <size>0x145</size>
         <input_file_ref idref="fl-e0"/>
      </object_component>
      <object_component id="oc-1fb">
         <name>.debug_info</name>
         <load_address>0xa6f1</load_address>
         <run_address>0xa6f1</run_address>
         <size>0x28f</size>
         <input_file_ref idref="fl-e1"/>
      </object_component>
      <object_component id="oc-1bd">
         <name>.debug_info</name>
         <load_address>0xa980</load_address>
         <run_address>0xa980</run_address>
         <size>0x244</size>
         <input_file_ref idref="fl-e1"/>
      </object_component>
      <object_component id="oc-1e0">
         <name>.debug_info</name>
         <load_address>0xabc4</load_address>
         <run_address>0xabc4</run_address>
         <size>0x284</size>
         <input_file_ref idref="fl-e2"/>
      </object_component>
      <object_component id="oc-18a">
         <name>.debug_info</name>
         <load_address>0xae48</load_address>
         <run_address>0xae48</run_address>
         <size>0x22a</size>
         <input_file_ref idref="fl-e2"/>
      </object_component>
      <object_component id="oc-185">
         <name>.debug_info</name>
         <load_address>0xb072</load_address>
         <run_address>0xb072</run_address>
         <size>0x17d</size>
         <input_file_ref idref="fl-e3"/>
      </object_component>
      <object_component id="oc-1f6">
         <name>.debug_info</name>
         <load_address>0xb1ef</load_address>
         <run_address>0xb1ef</run_address>
         <size>0xf3</size>
         <input_file_ref idref="fl-e4"/>
      </object_component>
      <object_component id="oc-1f0">
         <name>.debug_info</name>
         <load_address>0xb2e2</load_address>
         <run_address>0xb2e2</run_address>
         <size>0x156</size>
         <input_file_ref idref="fl-e5"/>
      </object_component>
      <object_component id="oc-125">
         <name>.debug_info</name>
         <load_address>0xb438</load_address>
         <run_address>0xb438</run_address>
         <size>0x20e</size>
         <input_file_ref idref="fl-e6"/>
      </object_component>
      <object_component id="oc-122">
         <name>.debug_info</name>
         <load_address>0xb646</load_address>
         <run_address>0xb646</run_address>
         <size>0x157</size>
         <input_file_ref idref="fl-e6"/>
      </object_component>
      <object_component id="oc-ce">
         <name>.debug_info</name>
         <load_address>0xb79d</load_address>
         <run_address>0xb79d</run_address>
         <size>0x2c1</size>
         <input_file_ref idref="fl-e6"/>
      </object_component>
      <object_component id="oc-d4">
         <name>.debug_info</name>
         <load_address>0xba5e</load_address>
         <run_address>0xba5e</run_address>
         <size>0x23e</size>
         <input_file_ref idref="fl-e6"/>
      </object_component>
      <object_component id="oc-127">
         <name>.debug_info</name>
         <load_address>0xbc9c</load_address>
         <run_address>0xbc9c</run_address>
         <size>0x212</size>
         <input_file_ref idref="fl-e7"/>
      </object_component>
      <object_component id="oc-245">
         <name>.debug_info</name>
         <load_address>0xbeae</load_address>
         <run_address>0xbeae</run_address>
         <size>0x81</size>
      </object_component>
      <object_component id="oc-db">
         <name>.debug_line</name>
         <load_address>0x0</load_address>
         <run_address>0x0</run_address>
         <size>0x110</size>
         <input_file_ref idref="fl-2"/>
      </object_component>
      <object_component id="oc-3d">
         <name>.debug_line</name>
         <load_address>0x110</load_address>
         <run_address>0x110</run_address>
         <size>0x20</size>
         <input_file_ref idref="fl-2"/>
      </object_component>
      <object_component id="oc-7f">
         <name>.debug_line</name>
         <load_address>0x130</load_address>
         <run_address>0x130</run_address>
         <size>0x65</size>
         <input_file_ref idref="fl-2"/>
      </object_component>
      <object_component id="oc-131">
         <name>.debug_line</name>
         <load_address>0x195</load_address>
         <run_address>0x195</run_address>
         <size>0x2e</size>
         <input_file_ref idref="fl-2"/>
      </object_component>
      <object_component id="oc-17c">
         <name>.debug_line</name>
         <load_address>0x1c3</load_address>
         <run_address>0x1c3</run_address>
         <size>0xb7</size>
         <input_file_ref idref="fl-3"/>
      </object_component>
      <object_component id="oc-137">
         <name>.debug_line</name>
         <load_address>0x27a</load_address>
         <run_address>0x27a</run_address>
         <size>0x45</size>
         <input_file_ref idref="fl-3"/>
      </object_component>
      <object_component id="oc-e2">
         <name>.debug_line</name>
         <load_address>0x2bf</load_address>
         <run_address>0x2bf</run_address>
         <size>0x192</size>
         <input_file_ref idref="fl-3"/>
      </object_component>
      <object_component id="oc-180">
         <name>.debug_line</name>
         <load_address>0x451</load_address>
         <run_address>0x451</run_address>
         <size>0x64</size>
         <input_file_ref idref="fl-3"/>
      </object_component>
      <object_component id="oc-154">
         <name>.debug_line</name>
         <load_address>0x4b5</load_address>
         <run_address>0x4b5</run_address>
         <size>0x65</size>
         <input_file_ref idref="fl-3"/>
      </object_component>
      <object_component id="oc-183">
         <name>.debug_line</name>
         <load_address>0x51a</load_address>
         <run_address>0x51a</run_address>
         <size>0x75</size>
         <input_file_ref idref="fl-4"/>
      </object_component>
      <object_component id="oc-15b">
         <name>.debug_line</name>
         <load_address>0x58f</load_address>
         <run_address>0x58f</run_address>
         <size>0x2e</size>
         <input_file_ref idref="fl-4"/>
      </object_component>
      <object_component id="oc-a8">
         <name>.debug_line</name>
         <load_address>0x5bd</load_address>
         <run_address>0x5bd</run_address>
         <size>0xd8</size>
         <input_file_ref idref="fl-4"/>
      </object_component>
      <object_component id="oc-fe">
         <name>.debug_line</name>
         <load_address>0x695</load_address>
         <run_address>0x695</run_address>
         <size>0x20</size>
         <input_file_ref idref="fl-4"/>
      </object_component>
      <object_component id="oc-7b">
         <name>.debug_line</name>
         <load_address>0x6b5</load_address>
         <run_address>0x6b5</run_address>
         <size>0x41</size>
         <input_file_ref idref="fl-5"/>
      </object_component>
      <object_component id="oc-32">
         <name>.debug_line</name>
         <load_address>0x6f6</load_address>
         <run_address>0x6f6</run_address>
         <size>0x41</size>
         <input_file_ref idref="fl-5"/>
      </object_component>
      <object_component id="oc-2f">
         <name>.debug_line</name>
         <load_address>0x737</load_address>
         <run_address>0x737</run_address>
         <size>0xa1</size>
         <input_file_ref idref="fl-5"/>
      </object_component>
      <object_component id="oc-28">
         <name>.debug_line</name>
         <load_address>0x7d8</load_address>
         <run_address>0x7d8</run_address>
         <size>0x53</size>
         <input_file_ref idref="fl-c0"/>
      </object_component>
      <object_component id="oc-bb">
         <name>.debug_line</name>
         <load_address>0x82b</load_address>
         <run_address>0x82b</run_address>
         <size>0x20</size>
         <input_file_ref idref="fl-c1"/>
      </object_component>
      <object_component id="oc-17">
         <name>.debug_line</name>
         <load_address>0x84b</load_address>
         <run_address>0x84b</run_address>
         <size>0xa9</size>
         <input_file_ref idref="fl-c1"/>
      </object_component>
      <object_component id="oc-38">
         <name>.debug_line</name>
         <load_address>0x8f4</load_address>
         <run_address>0x8f4</run_address>
         <size>0x3a</size>
         <input_file_ref idref="fl-c1"/>
      </object_component>
      <object_component id="oc-84">
         <name>.debug_line</name>
         <load_address>0x92e</load_address>
         <run_address>0x92e</run_address>
         <size>0x8a</size>
         <input_file_ref idref="fl-c1"/>
      </object_component>
      <object_component id="oc-8e">
         <name>.debug_line</name>
         <load_address>0x9b8</load_address>
         <run_address>0x9b8</run_address>
         <size>0x8a</size>
         <input_file_ref idref="fl-c2"/>
      </object_component>
      <object_component id="oc-1a">
         <name>.debug_line</name>
         <load_address>0xa42</load_address>
         <run_address>0xa42</run_address>
         <size>0x55</size>
         <input_file_ref idref="fl-c2"/>
      </object_component>
      <object_component id="oc-48">
         <name>.debug_line</name>
         <load_address>0xa97</load_address>
         <run_address>0xa97</run_address>
         <size>0x3a</size>
         <input_file_ref idref="fl-c2"/>
      </object_component>
      <object_component id="oc-8b">
         <name>.debug_line</name>
         <load_address>0xad1</load_address>
         <run_address>0xad1</run_address>
         <size>0x8a</size>
         <input_file_ref idref="fl-c2"/>
      </object_component>
      <object_component id="oc-96">
         <name>.debug_line</name>
         <load_address>0xb5b</load_address>
         <run_address>0xb5b</run_address>
         <size>0x8a</size>
         <input_file_ref idref="fl-c3"/>
      </object_component>
      <object_component id="oc-21">
         <name>.debug_line</name>
         <load_address>0xbe5</load_address>
         <run_address>0xbe5</run_address>
         <size>0x4f</size>
         <input_file_ref idref="fl-c3"/>
      </object_component>
      <object_component id="oc-54">
         <name>.debug_line</name>
         <load_address>0xc34</load_address>
         <run_address>0xc34</run_address>
         <size>0x34</size>
         <input_file_ref idref="fl-c3"/>
      </object_component>
      <object_component id="oc-93">
         <name>.debug_line</name>
         <load_address>0xc68</load_address>
         <run_address>0xc68</run_address>
         <size>0x8a</size>
         <input_file_ref idref="fl-c3"/>
      </object_component>
      <object_component id="oc-114">
         <name>.debug_line</name>
         <load_address>0xcf2</load_address>
         <run_address>0xcf2</run_address>
         <size>0xf2</size>
         <input_file_ref idref="fl-c4"/>
      </object_component>
      <object_component id="oc-108">
         <name>.debug_line</name>
         <load_address>0xde4</load_address>
         <run_address>0xde4</run_address>
         <size>0x2a</size>
         <input_file_ref idref="fl-c4"/>
      </object_component>
      <object_component id="oc-73">
         <name>.debug_line</name>
         <load_address>0xe0e</load_address>
         <run_address>0xe0e</run_address>
         <size>0x86</size>
         <input_file_ref idref="fl-c4"/>
      </object_component>
      <object_component id="oc-f1">
         <name>.debug_line</name>
         <load_address>0xe94</load_address>
         <run_address>0xe94</run_address>
         <size>0xa8</size>
         <input_file_ref idref="fl-c5"/>
      </object_component>
      <object_component id="oc-ec">
         <name>.debug_line</name>
         <load_address>0xf3c</load_address>
         <run_address>0xf3c</run_address>
         <size>0x8e</size>
         <input_file_ref idref="fl-c6"/>
      </object_component>
      <object_component id="oc-f4">
         <name>.debug_line</name>
         <load_address>0xfca</load_address>
         <run_address>0xfca</run_address>
         <size>0x59</size>
         <input_file_ref idref="fl-c7"/>
      </object_component>
      <object_component id="oc-43">
         <name>.debug_line</name>
         <load_address>0x1023</load_address>
         <run_address>0x1023</run_address>
         <size>0x88</size>
         <input_file_ref idref="fl-c8"/>
      </object_component>
      <object_component id="oc-4f">
         <name>.debug_line</name>
         <load_address>0x10ab</load_address>
         <run_address>0x10ab</run_address>
         <size>0x79</size>
         <input_file_ref idref="fl-c9"/>
      </object_component>
      <object_component id="oc-5b">
         <name>.debug_line</name>
         <load_address>0x1124</load_address>
         <run_address>0x1124</run_address>
         <size>0x3d</size>
         <input_file_ref idref="fl-ca"/>
      </object_component>
      <object_component id="oc-5e">
         <name>.debug_line</name>
         <load_address>0x1161</load_address>
         <run_address>0x1161</run_address>
         <size>0x40</size>
         <input_file_ref idref="fl-cb"/>
      </object_component>
      <object_component id="oc-b9">
         <name>.debug_line</name>
         <load_address>0x11a1</load_address>
         <run_address>0x11a1</run_address>
         <size>0x33</size>
         <input_file_ref idref="fl-cc"/>
      </object_component>
      <object_component id="oc-1db">
         <name>.debug_line</name>
         <load_address>0x11d4</load_address>
         <run_address>0x11d4</run_address>
         <size>0x20</size>
         <input_file_ref idref="fl-cd"/>
      </object_component>
      <object_component id="oc-143">
         <name>.debug_line</name>
         <load_address>0x11f4</load_address>
         <run_address>0x11f4</run_address>
         <size>0xa5</size>
         <input_file_ref idref="fl-cd"/>
      </object_component>
      <object_component id="oc-1dd">
         <name>.debug_line</name>
         <load_address>0x1299</load_address>
         <run_address>0x1299</run_address>
         <size>0x20</size>
         <input_file_ref idref="fl-ce"/>
      </object_component>
      <object_component id="oc-147">
         <name>.debug_line</name>
         <load_address>0x12b9</load_address>
         <run_address>0x12b9</run_address>
         <size>0xa0</size>
         <input_file_ref idref="fl-ce"/>
      </object_component>
      <object_component id="oc-e4">
         <name>.debug_line</name>
         <load_address>0x1359</load_address>
         <run_address>0x1359</run_address>
         <size>0x4c</size>
         <input_file_ref idref="fl-cf"/>
      </object_component>
      <object_component id="oc-1d9">
         <name>.debug_line</name>
         <load_address>0x13a5</load_address>
         <run_address>0x13a5</run_address>
         <size>0x99</size>
         <input_file_ref idref="fl-d0"/>
      </object_component>
      <object_component id="oc-13b">
         <name>.debug_line</name>
         <load_address>0x143e</load_address>
         <run_address>0x143e</run_address>
         <size>0xa0</size>
         <input_file_ref idref="fl-d0"/>
      </object_component>
      <object_component id="oc-170">
         <name>.debug_line</name>
         <load_address>0x14de</load_address>
         <run_address>0x14de</run_address>
         <size>0x89</size>
         <input_file_ref idref="fl-d0"/>
      </object_component>
      <object_component id="oc-175">
         <name>.debug_line</name>
         <load_address>0x1567</load_address>
         <run_address>0x1567</run_address>
         <size>0x2f</size>
         <input_file_ref idref="fl-d0"/>
      </object_component>
      <object_component id="oc-15f">
         <name>.debug_line</name>
         <load_address>0x1596</load_address>
         <run_address>0x1596</run_address>
         <size>0x20</size>
         <input_file_ref idref="fl-d1"/>
      </object_component>
      <object_component id="oc-110">
         <name>.debug_line</name>
         <load_address>0x15b6</load_address>
         <run_address>0x15b6</run_address>
         <size>0x2b</size>
         <input_file_ref idref="fl-d1"/>
      </object_component>
      <object_component id="oc-10b">
         <name>.debug_line</name>
         <load_address>0x15e1</load_address>
         <run_address>0x15e1</run_address>
         <size>0x68</size>
         <input_file_ref idref="fl-d1"/>
      </object_component>
      <object_component id="oc-204">
         <name>.debug_line</name>
         <load_address>0x1649</load_address>
         <run_address>0x1649</run_address>
         <size>0x16a</size>
         <input_file_ref idref="fl-d2"/>
      </object_component>
      <object_component id="oc-169">
         <name>.debug_line</name>
         <load_address>0x17b3</load_address>
         <run_address>0x17b3</run_address>
         <size>0xc3e</size>
         <input_file_ref idref="fl-d2"/>
      </object_component>
      <object_component id="oc-1d1">
         <name>.debug_line</name>
         <load_address>0x23f1</load_address>
         <run_address>0x23f1</run_address>
         <size>0x8a</size>
         <input_file_ref idref="fl-d2"/>
      </object_component>
      <object_component id="oc-208">
         <name>.debug_line</name>
         <load_address>0x247b</load_address>
         <run_address>0x247b</run_address>
         <size>0x8a</size>
         <input_file_ref idref="fl-d2"/>
      </object_component>
      <object_component id="oc-1d6">
         <name>.debug_line</name>
         <load_address>0x2505</load_address>
         <run_address>0x2505</run_address>
         <size>0x2e</size>
         <input_file_ref idref="fl-d2"/>
      </object_component>
      <object_component id="oc-101">
         <name>.debug_line</name>
         <load_address>0x2533</load_address>
         <run_address>0x2533</run_address>
         <size>0x2b</size>
         <input_file_ref idref="fl-d3"/>
      </object_component>
      <object_component id="oc-6d">
         <name>.debug_line</name>
         <load_address>0x255e</load_address>
         <run_address>0x255e</run_address>
         <size>0x4a</size>
         <input_file_ref idref="fl-d3"/>
      </object_component>
      <object_component id="oc-105">
         <name>.debug_line</name>
         <load_address>0x25a8</load_address>
         <run_address>0x25a8</run_address>
         <size>0x2b</size>
         <input_file_ref idref="fl-d3"/>
      </object_component>
      <object_component id="oc-21b">
         <name>.debug_line</name>
         <load_address>0x25d3</load_address>
         <run_address>0x25d3</run_address>
         <size>0x89</size>
         <input_file_ref idref="fl-d4"/>
      </object_component>
      <object_component id="oc-1c1">
         <name>.debug_line</name>
         <load_address>0x265c</load_address>
         <run_address>0x265c</run_address>
         <size>0x63</size>
         <input_file_ref idref="fl-d4"/>
      </object_component>
      <object_component id="oc-c0">
         <name>.debug_line</name>
         <load_address>0x26bf</load_address>
         <run_address>0x26bf</run_address>
         <size>0xa9</size>
         <input_file_ref idref="fl-d5"/>
      </object_component>
      <object_component id="oc-65">
         <name>.debug_line</name>
         <load_address>0x2768</load_address>
         <run_address>0x2768</run_address>
         <size>0x8b</size>
         <input_file_ref idref="fl-d5"/>
      </object_component>
      <object_component id="oc-c4">
         <name>.debug_line</name>
         <load_address>0x27f3</load_address>
         <run_address>0x27f3</run_address>
         <size>0x2e</size>
         <input_file_ref idref="fl-d5"/>
      </object_component>
      <object_component id="oc-11f">
         <name>.debug_line</name>
         <load_address>0x2821</load_address>
         <run_address>0x2821</run_address>
         <size>0x8a</size>
         <input_file_ref idref="fl-d5"/>
      </object_component>
      <object_component id="oc-c9">
         <name>.debug_line</name>
         <load_address>0x28ab</load_address>
         <run_address>0x28ab</run_address>
         <size>0x8b</size>
         <input_file_ref idref="fl-d5"/>
      </object_component>
      <object_component id="oc-116">
         <name>.debug_line</name>
         <load_address>0x2936</load_address>
         <run_address>0x2936</run_address>
         <size>0x98</size>
         <input_file_ref idref="fl-d6"/>
      </object_component>
      <object_component id="oc-9a">
         <name>.debug_line</name>
         <load_address>0x29ce</load_address>
         <run_address>0x29ce</run_address>
         <size>0x68</size>
         <input_file_ref idref="fl-d6"/>
      </object_component>
      <object_component id="oc-11a">
         <name>.debug_line</name>
         <load_address>0x2a36</load_address>
         <run_address>0x2a36</run_address>
         <size>0x2e</size>
         <input_file_ref idref="fl-d6"/>
      </object_component>
      <object_component id="oc-21f">
         <name>.debug_line</name>
         <load_address>0x2a64</load_address>
         <run_address>0x2a64</run_address>
         <size>0x20</size>
         <input_file_ref idref="fl-d7"/>
      </object_component>
      <object_component id="oc-218">
         <name>.debug_line</name>
         <load_address>0x2a84</load_address>
         <run_address>0x2a84</run_address>
         <size>0x2b</size>
         <input_file_ref idref="fl-d7"/>
      </object_component>
      <object_component id="oc-1ad">
         <name>.debug_line</name>
         <load_address>0x2aaf</load_address>
         <run_address>0x2aaf</run_address>
         <size>0xd2</size>
         <input_file_ref idref="fl-d8"/>
      </object_component>
      <object_component id="oc-190">
         <name>.debug_line</name>
         <load_address>0x2b81</load_address>
         <run_address>0x2b81</run_address>
         <size>0x77</size>
         <input_file_ref idref="fl-d9"/>
      </object_component>
      <object_component id="oc-198">
         <name>.debug_line</name>
         <load_address>0x2bf8</load_address>
         <run_address>0x2bf8</run_address>
         <size>0x77</size>
         <input_file_ref idref="fl-d9"/>
      </object_component>
      <object_component id="oc-19a">
         <name>.debug_line</name>
         <load_address>0x2c6f</load_address>
         <run_address>0x2c6f</run_address>
         <size>0x5a</size>
         <input_file_ref idref="fl-da"/>
      </object_component>
      <object_component id="oc-1a5">
         <name>.debug_line</name>
         <load_address>0x2cc9</load_address>
         <run_address>0x2cc9</run_address>
         <size>0x50</size>
         <input_file_ref idref="fl-db"/>
      </object_component>
      <object_component id="oc-20d">
         <name>.debug_line</name>
         <load_address>0x2d19</load_address>
         <run_address>0x2d19</run_address>
         <size>0x8a</size>
         <input_file_ref idref="fl-dc"/>
      </object_component>
      <object_component id="oc-1a3">
         <name>.debug_line</name>
         <load_address>0x2da3</load_address>
         <run_address>0x2da3</run_address>
         <size>0x66</size>
         <input_file_ref idref="fl-dc"/>
      </object_component>
      <object_component id="oc-21d">
         <name>.debug_line</name>
         <load_address>0x2e09</load_address>
         <run_address>0x2e09</run_address>
         <size>0x20</size>
         <input_file_ref idref="fl-dd"/>
      </object_component>
      <object_component id="oc-1c8">
         <name>.debug_line</name>
         <load_address>0x2e29</load_address>
         <run_address>0x2e29</run_address>
         <size>0x48</size>
         <input_file_ref idref="fl-dd"/>
      </object_component>
      <object_component id="oc-20f">
         <name>.debug_line</name>
         <load_address>0x2e71</load_address>
         <run_address>0x2e71</run_address>
         <size>0x20</size>
         <input_file_ref idref="fl-de"/>
      </object_component>
      <object_component id="oc-1b0">
         <name>.debug_line</name>
         <load_address>0x2e91</load_address>
         <run_address>0x2e91</run_address>
         <size>0x5e</size>
         <input_file_ref idref="fl-de"/>
      </object_component>
      <object_component id="oc-1ed">
         <name>.debug_line</name>
         <load_address>0x2eef</load_address>
         <run_address>0x2eef</run_address>
         <size>0x8a</size>
         <input_file_ref idref="fl-de"/>
      </object_component>
      <object_component id="oc-214">
         <name>.debug_line</name>
         <load_address>0x2f79</load_address>
         <run_address>0x2f79</run_address>
         <size>0x93</size>
         <input_file_ref idref="fl-df"/>
      </object_component>
      <object_component id="oc-1b5">
         <name>.debug_line</name>
         <load_address>0x300c</load_address>
         <run_address>0x300c</run_address>
         <size>0xa1</size>
         <input_file_ref idref="fl-df"/>
      </object_component>
      <object_component id="oc-a3">
         <name>.debug_line</name>
         <load_address>0x30ad</load_address>
         <run_address>0x30ad</run_address>
         <size>0x3c</size>
         <input_file_ref idref="fl-e0"/>
      </object_component>
      <object_component id="oc-216">
         <name>.debug_line</name>
         <load_address>0x30e9</load_address>
         <run_address>0x30e9</run_address>
         <size>0x20</size>
         <input_file_ref idref="fl-e1"/>
      </object_component>
      <object_component id="oc-1bc">
         <name>.debug_line</name>
         <load_address>0x3109</load_address>
         <run_address>0x3109</run_address>
         <size>0xa8</size>
         <input_file_ref idref="fl-e1"/>
      </object_component>
      <object_component id="oc-20b">
         <name>.debug_line</name>
         <load_address>0x31b1</load_address>
         <run_address>0x31b1</run_address>
         <size>0x20</size>
         <input_file_ref idref="fl-e2"/>
      </object_component>
      <object_component id="oc-18d">
         <name>.debug_line</name>
         <load_address>0x31d1</load_address>
         <run_address>0x31d1</run_address>
         <size>0xaa</size>
         <input_file_ref idref="fl-e2"/>
      </object_component>
      <object_component id="oc-188">
         <name>.debug_line</name>
         <load_address>0x327b</load_address>
         <run_address>0x327b</run_address>
         <size>0x118</size>
         <input_file_ref idref="fl-e3"/>
      </object_component>
      <object_component id="oc-212">
         <name>.debug_line</name>
         <load_address>0x3393</load_address>
         <run_address>0x3393</run_address>
         <size>0x2b</size>
         <input_file_ref idref="fl-e4"/>
      </object_component>
      <object_component id="oc-1f4">
         <name>.debug_line</name>
         <load_address>0x33be</load_address>
         <run_address>0x33be</run_address>
         <size>0x45</size>
         <input_file_ref idref="fl-e5"/>
      </object_component>
      <object_component id="oc-163">
         <name>.debug_line</name>
         <load_address>0x3403</load_address>
         <run_address>0x3403</run_address>
         <size>0x7c</size>
         <input_file_ref idref="fl-e6"/>
      </object_component>
      <object_component id="oc-161">
         <name>.debug_line</name>
         <load_address>0x347f</load_address>
         <run_address>0x347f</run_address>
         <size>0x82</size>
         <input_file_ref idref="fl-e6"/>
      </object_component>
      <object_component id="oc-d0">
         <name>.debug_line</name>
         <load_address>0x3501</load_address>
         <run_address>0x3501</run_address>
         <size>0xaf</size>
         <input_file_ref idref="fl-e6"/>
      </object_component>
      <object_component id="oc-d6">
         <name>.debug_line</name>
         <load_address>0x35b0</load_address>
         <run_address>0x35b0</run_address>
         <size>0x97</size>
         <input_file_ref idref="fl-e6"/>
      </object_component>
      <object_component id="oc-12a">
         <name>.debug_line</name>
         <load_address>0x3647</load_address>
         <run_address>0x3647</run_address>
         <size>0x91</size>
         <input_file_ref idref="fl-e7"/>
      </object_component>
      <object_component id="oc-dc">
         <name>.debug_frame</name>
         <load_address>0x0</load_address>
         <run_address>0x0</run_address>
         <size>0xd8</size>
         <input_file_ref idref="fl-2"/>
      </object_component>
      <object_component id="oc-138">
         <name>.debug_frame</name>
         <load_address>0xd8</load_address>
         <run_address>0xd8</run_address>
         <size>0x58</size>
         <input_file_ref idref="fl-3"/>
      </object_component>
      <object_component id="oc-e1">
         <name>.debug_frame</name>
         <load_address>0x130</load_address>
         <run_address>0x130</run_address>
         <size>0x120</size>
         <input_file_ref idref="fl-3"/>
      </object_component>
      <object_component id="oc-ac">
         <name>.debug_frame</name>
         <load_address>0x250</load_address>
         <run_address>0x250</run_address>
         <size>0xa8</size>
         <input_file_ref idref="fl-4"/>
      </object_component>
      <object_component id="oc-30">
         <name>.debug_frame</name>
         <load_address>0x2f8</load_address>
         <run_address>0x2f8</run_address>
         <size>0x90</size>
         <input_file_ref idref="fl-5"/>
      </object_component>
      <object_component id="oc-16">
         <name>.debug_frame</name>
         <load_address>0x388</load_address>
         <run_address>0x388</run_address>
         <size>0x60</size>
         <input_file_ref idref="fl-c1"/>
      </object_component>
      <object_component id="oc-1d">
         <name>.debug_frame</name>
         <load_address>0x3e8</load_address>
         <run_address>0x3e8</run_address>
         <size>0x54</size>
         <input_file_ref idref="fl-c2"/>
      </object_component>
      <object_component id="oc-20">
         <name>.debug_frame</name>
         <load_address>0x43c</load_address>
         <run_address>0x43c</run_address>
         <size>0x54</size>
         <input_file_ref idref="fl-c3"/>
      </object_component>
      <object_component id="oc-74">
         <name>.debug_frame</name>
         <load_address>0x490</load_address>
         <run_address>0x490</run_address>
         <size>0x88</size>
         <input_file_ref idref="fl-c4"/>
      </object_component>
      <object_component id="oc-5c">
         <name>.debug_frame</name>
         <load_address>0x518</load_address>
         <run_address>0x518</run_address>
         <size>0x54</size>
         <input_file_ref idref="fl-ca"/>
      </object_component>
      <object_component id="oc-62">
         <name>.debug_frame</name>
         <load_address>0x56c</load_address>
         <run_address>0x56c</run_address>
         <size>0x54</size>
         <input_file_ref idref="fl-cb"/>
      </object_component>
      <object_component id="oc-141">
         <name>.debug_frame</name>
         <load_address>0x5c0</load_address>
         <run_address>0x5c0</run_address>
         <size>0x54</size>
         <input_file_ref idref="fl-cd"/>
      </object_component>
      <object_component id="oc-14b">
         <name>.debug_frame</name>
         <load_address>0x614</load_address>
         <run_address>0x614</run_address>
         <size>0x54</size>
         <input_file_ref idref="fl-ce"/>
      </object_component>
      <object_component id="oc-13d">
         <name>.debug_frame</name>
         <load_address>0x668</load_address>
         <run_address>0x668</run_address>
         <size>0x90</size>
[...]
            <allocated_space>
               <start_address>0x28c2</start_address>
               <size>0x109</size>
               <logical_group_ref idref="lg-5"/>
            </allocated_space>
            <available_space>
               <start_address>0x29cb</start_address>
               <size>0x5</size>
            </available_space>
            <allocated_space>
               <start_address>0x29d0</start_address>
               <size>0x48</size>
               <logical_group_ref idref="lg-6"/>
            </allocated_space>
            <available_space>
               <start_address>0x2a18</start_address>
               <size>0x3d5e8</size>
            </available_space>
         </usage_details>
      </memory_area>
      <memory_area display="yes" color="green">
         <name>SRAM</name>
         <page_id>0x0</page_id>
         <origin>0x20000000</origin>
         <length>0x8000</length>
         <used_space>0x12e8</used_space>
         <unused_space>0x6d18</unused_space>
         <attributes>RWX</attributes>
         <usage_details>
            <allocated_space>
               <start_address>0x20000000</start_address>
               <size>0x26c</size>
               <logical_group_ref idref="lg-9"/>
            </allocated_space>
            <allocated_space>
               <start_address>0x2000026c</start_address>
               <size>0x1000</size>
               <logical_group_ref idref="lg-d"/>
            </allocated_space>
            <allocated_space>
               <start_address>0x2000126c</start_address>
               <size>0x54</size>
               <logical_group_ref idref="lg-b"/>
            </allocated_space>
            <allocated_space>
               <start_address>0x200012c0</start_address>
               <size>0x28</size>
               <logical_group_ref idref="lg-a"/>
            </allocated_space>
            <available_space>
               <start_address>0x200012e8</start_address>
               <size>0x6d18</size>
            </available_space>
         </usage_details>
      </memory_area>
   </placement_map>
   <cptbl_list>
      <cptbl>
         <name>__TI_cinit_table</name>
         <cprec>
            <name>.data</name>
            <load_address>0x29d0</load_address>
            <load_size>0x13</load_size>
            <run_address>0x200012c0</run_address>
            <run_size>0x28</run_size>
            <compression>lzss</compression>
         </cprec>
         <cprec>
            <name>.bss</name>
            <load_address>0x29f0</load_address>
            <load_size>0x8</load_size>
            <run_address>0x2000126c</run_address>
            <run_size>0x54</run_size>
            <compression>zero_init</compression>
         </cprec>
         <cprec>
            <name>.vtable</name>
            <load_address>0x29f8</load_address>
            <load_size>0x8</load_size>
            <run_address>0x20000000</run_address>
            <run_size>0x26c</run_size>
            <compression>zero_init</compression>
         </cprec>
      </cptbl>
   </cptbl_list>
   <handler_table>
      <handler_table_name>__TI_handler_table</handler_table_name>
      <handler>
         <index>0x0</index>
         <name>__TI_zero_init</name>
      </handler>
      <handler>
         <index>0x1</index>
         <name>__TI_decompress_lzss</name>
      </handler>
      <handler>
         <index>0x2</index>
         <name>__TI_decompress_none</name>
      </handler>
   </handler_table>
   <symbol_table>
      <symbol id="sm-1">
         <name>__STACK_TOP</name>
         <value>0x2000046c</value>
      </symbol>
      <symbol id="sm-2">
         <name>__TI_CINIT_Base</name>
         <value>0x2a00</value>
      </symbol>
      <symbol id="sm-3">
         <name>__TI_CINIT_Limit</name>
         <value>0x2a18</value>
      </symbol>
      <symbol id="sm-4">
         <name>__TI_Handler_Table_Base</name>
         <value>0x29e4</value>
      </symbol>
      <symbol id="sm-5">
         <name>__TI_Handler_Table_Limit</name>
         <value>0x29f0</value>
      </symbol>
      <symbol id="sm-6">
         <name>binit</name>
         <value>0xffffffff</value>
      </symbol>
      <symbol id="sm-7">
         <name>__binit__</name>
         <value>0xffffffff</value>
      </symbol>
      <symbol id="sm-8">
         <name>__STACK_SIZE</name>
         <value>0x1000</value>
      </symbol>
      <symbol id="sm-9">
         <name>__STACK_END</name>
         <value>0x2000126c</value>
      </symbol>
      <symbol id="sm-a">
         <name>__c_args__</name>
         <value>0xffffffff</value>
      </symbol>
      <symbol id="sm-b">
         <name>__TI_pprof_out_hndl</name>
         <value>0xffffffff</value>
      </symbol>
      <symbol id="sm-c">
         <name>__TI_prof_data_start</name>
         <value>0xffffffff</value>
      </symbol>
      <symbol id="sm-d">
         <name>__TI_prof_data_size</name>
         <value>0xffffffff</value>
      </symbol>
      <symbol id="sm-52">
         <name>timer_startClock</name>
         <value>0x1d69</value>
         <object_component_ref idref="oc-d7"/>
      </symbol>
      <symbol id="sm-53">
         <name>timer_stopClock</name>
         <value>0x1dbb</value>
         <object_component_ref idref="oc-d7"/>
      </symbol>
      <symbol id="sm-54">
         <name>timer_getClock</name>
         <value>0x1db5</value>
         <object_component_ref idref="oc-d7"/>
      </symbol>
      <symbol id="sm-55">
         <name>timer_stopTimer</name>
         <value>0x1d53</value>
         <object_component_ref idref="oc-d7"/>
      </symbol>
      <symbol id="sm-56">
         <name>timer_startTimer</name>
         <value>0x1d03</value>
         <object_component_ref idref="oc-d7"/>
      </symbol>
      <symbol id="sm-57">
         <name>timer_waitMillis</name>
         <value>0x1ca5</value>
         <object_component_ref idref="oc-d7"/>
      </symbol>
      <symbol id="sm-58">
         <name>timer_waitMicros</name>
         <value>0x1cd9</value>
         <object_component_ref idref="oc-d7"/>
      </symbol>
      <symbol id="sm-9e">
         <name>lcd_sendCommand</name>
         <value>0x14c3</value>
         <object_component_ref idref="oc-dd"/>
      </symbol>
      <symbol id="sm-9f">
         <name>lcd_sendNibble</name>
         <value>0x1501</value>
         <object_component_ref idref="oc-dd"/>
      </symbol>
      <symbol id="sm-a0">
         <name>lcd_clear</name>
         <value>0x287d</value>
         <object_component_ref idref="oc-133"/>
      </symbol>
      <symbol id="sm-a1">
         <name>lcd_printf</name>
         <value>0x15ab</value>
         <object_component_ref idref="oc-dd"/>
      </symbol>
      <symbol id="sm-a2">
         <name>lcd_setCursorPos</name>
         <value>0x156d</value>
         <object_component_ref idref="oc-dd"/>
      </symbol>
      <symbol id="sm-a3">
         <name>lcd_init</name>
         <value>0x13ad</value>
         <object_component_ref idref="oc-dd"/>
      </symbol>
      <symbol id="sm-a4">
         <name>lcd_puts</name>
         <value>0x14a5</value>
         <object_component_ref idref="oc-dd"/>
      </symbol>
      <symbol id="sm-a5">
         <name>lcd_putc</name>
         <value>0x146d</value>
         <object_component_ref idref="oc-dd"/>
      </symbol>
      <symbol id="sm-a6">
         <name>lcd_gotoLine</name>
         <value>0x1545</value>
         <object_component_ref idref="oc-dd"/>
      </symbol>
      <symbol id="sm-e3">
         <name>last_time</name>
         <value>0x200012cc</value>
         <object_component_ref idref="oc-f7"/>
      </symbol>
      <symbol id="sm-e4">
         <name>send_pulse</name>
         <value>0x1779</value>
         <object_component_ref idref="oc-a7"/>
      </symbol>
      <symbol id="sm-e5">
         <name>update_flag</name>
         <value>0x200012d4</value>
         <object_component_ref idref="oc-f7"/>
      </symbol>
      <symbol id="sm-e6">
         <name>main</name>
         <value>0x17bf</value>
         <object_component_ref idref="oc-a7"/>
      </symbol>
      <symbol id="sm-e7">
         <name>TIMER3B_Handler</name>
         <value>0x1699</value>
         <object_component_ref idref="oc-a7"/>
      </symbol>
      <symbol id="sm-e8">
         <name>curr_time</name>
         <value>0x200012d0</value>
         <object_component_ref idref="oc-f7"/>
      </symbol>
      <symbol id="sm-e9">
         <name>pulse_init</name>
         <value>0x16c5</value>
         <object_component_ref idref="oc-a7"/>
      </symbol>
      <symbol id="sm-105">
         <name>ResetISR</name>
         <value>0x28b3</value>
         <object_component_ref idref="oc-2b"/>
      </symbol>
      <symbol id="sm-106">
         <name>g_pfnVectors</name>
         <value>0x0</value>
         <object_component_ref idref="oc-f"/>
      </symbol>
      <symbol id="sm-117">
         <name>_c_int00</name>
         <value>0x2515</value>
         <object_component_ref idref="oc-24"/>
      </symbol>
      <symbol id="sm-118">
         <name>__stack</name>
         <value>0x2000026c</value>
         <object_component_ref idref="oc-2a"/>
      </symbol>
      <symbol id="sm-136">
         <name>__TI_decompress_lzss</name>
         <value>0x2449</value>
         <object_component_ref idref="oc-12"/>
      </symbol>
      <symbol id="sm-14d">
         <name>__TI_decompress_none</name>
         <value>0x288d</value>
         <object_component_ref idref="oc-18"/>
      </symbol>
      <symbol id="sm-164">
         <name>__TI_zero_init</name>
         <value>0x28a7</value>
         <object_component_ref idref="oc-1e"/>
      </symbol>
      <symbol id="sm-185">
         <name>C$$EXIT</name>
         <value>0x2569</value>
         <object_component_ref idref="oc-6f"/>
      </symbol>
      <symbol id="sm-186">
         <name>abort</name>
         <value>0x256d</value>
         <object_component_ref idref="oc-6f"/>
      </symbol>
      <symbol id="sm-187">
         <name>exit</name>
         <value>0x2575</value>
         <object_component_ref idref="oc-6f"/>
      </symbol>
      <symbol id="sm-188">
         <name>__TI_dtors_ptr</name>
         <value>0x200012c4</value>
         <object_component_ref idref="oc-af"/>
      </symbol>
      <symbol id="sm-189">
         <name>__TI_cleanup_ptr</name>
         <value>0x200012c0</value>
         <object_component_ref idref="oc-af"/>
      </symbol>
      <symbol id="sm-18a">
         <name>__TI_enable_exit_profile_output</name>
         <value>0x200012c8</value>
         <object_component_ref idref="oc-af"/>
      </symbol>
      <symbol id="sm-19e">
         <name>__aeabi_ddiv</name>
         <value>0x1dfd</value>
         <object_component_ref idref="oc-ed"/>
      </symbol>
      <symbol id="sm-1a9">
         <name>__aeabi_dmul</name>
         <value>0x1f33</value>
         <object_component_ref idref="oc-e8"/>
      </symbol>
      <symbol id="sm-1b3">
         <name>__aeabi_d2uiz</name>
         <value>0x26f1</value>
         <object_component_ref idref="oc-f2"/>
      </symbol>
      <symbol id="sm-1ce">
         <name>memcpy</name>
         <value>0x212d</value>
         <object_component_ref idref="oc-3f"/>
      </symbol>
      <symbol id="sm-1cf">
         <name>__aeabi_memcpy</name>
         <value>0x212d</value>
         <object_component_ref idref="oc-3f"/>
      </symbol>
      <symbol id="sm-1d0">
         <name>__aeabi_memcpy8</name>
         <value>0x212d</value>
         <object_component_ref idref="oc-3f"/>
      </symbol>
      <symbol id="sm-1d1">
         <name>__aeabi_memcpy4</name>
         <value>0x212d</value>
         <object_component_ref idref="oc-3f"/>
      </symbol>
      <symbol id="sm-1e0">
         <name>__aeabi_memset</name>
         <value>0x235f</value>
         <object_component_ref idref="oc-4b"/>
      </symbol>
      <symbol id="sm-1e1">
         <name>memset</name>
         <value>0x2365</value>
         <object_component_ref idref="oc-4b"/>
      </symbol>
      <symbol id="sm-1e2">
         <name>__aeabi_memset8</name>
         <value>0x235f</value>
         <object_component_ref idref="oc-4b"/>
      </symbol>
      <symbol id="sm-1e3">
         <name>__aeabi_memset4</name>
         <value>0x235f</value>
         <object_component_ref idref="oc-4b"/>
      </symbol>
      <symbol id="sm-1e4">
         <name>__aeabi_memclr8</name>
         <value>0x235d</value>
         <object_component_ref idref="oc-4b"/>
      </symbol>
      <symbol id="sm-1e5">
         <name>__aeabi_memclr4</name>
         <value>0x235d</value>
         <object_component_ref idref="oc-4b"/>
      </symbol>
      <symbol id="sm-1e6">
         <name>__aeabi_memclr</name>
         <value>0x235d</value>
         <object_component_ref idref="oc-4b"/>
      </symbol>
      <symbol id="sm-1f0">
         <name>__mpu_init</name>
         <value>0x13ab</value>
         <object_component_ref idref="oc-57"/>
      </symbol>
      <symbol id="sm-1fa">
         <name>_system_pre_init</name>
         <value>0x28bf</value>
         <object_component_ref idref="oc-5d"/>
      </symbol>
      <symbol id="sm-202">
         <name>main_func_sp</name>
         <value>0x200012e4</value>
         <object_component_ref idref="oc-75"/>
      </symbol>
      <symbol id="sm-211">
         <name>strcmp</name>
         <value>0x27ed</value>
         <object_component_ref idref="oc-140"/>
      </symbol>
      <symbol id="sm-21f">
         <name>strcpy</name>
         <value>0x2845</value>
         <object_component_ref idref="oc-146"/>
      </symbol>
      <symbol id="sm-229">
         <name>__aeabi_ui2d</name>
         <value>0x2797</value>
         <object_component_ref idref="oc-e3"/>
      </symbol>
      <symbol id="sm-24a">
         <name>vsnprintf</name>
         <value>0x21c9</value>
         <object_component_ref idref="oc-13a"/>
      </symbol>
      <symbol id="sm-263">
         <name>_nop</name>
         <value>0x282b</value>
         <object_component_ref idref="oc-109"/>
      </symbol>
      <symbol id="sm-264">
         <name>_lock</name>
         <value>0x200012d8</value>
         <object_component_ref idref="oc-b2"/>
      </symbol>
      <symbol id="sm-265">
         <name>_unlock</name>
         <value>0x200012dc</value>
         <object_component_ref idref="oc-b2"/>
      </symbol>
      <symbol id="sm-266">
         <name>_register_lock</name>
         <value>0x2823</value>
         <object_component_ref idref="oc-109"/>
      </symbol>
      <symbol id="sm-267">
         <name>_register_unlock</name>
         <value>0x281d</value>
         <object_component_ref idref="oc-109"/>
      </symbol>
      <symbol id="sm-368">
         <name>__TI_printfi</name>
         <value>0xab1</value>
         <object_component_ref idref="oc-165"/>
      </symbol>
      <symbol id="sm-37c">
         <name>_args_main</name>
         <value>0x27d5</value>
         <object_component_ref idref="oc-69"/>
      </symbol>
      <symbol id="sm-392">
         <name>atoi</name>
         <value>0x2611</value>
         <object_component_ref idref="oc-1c0"/>
      </symbol>
      <symbol id="sm-3bc">
         <name>__TI_auto_init</name>
         <value>0x23d9</value>
         <object_component_ref idref="oc-63"/>
      </symbol>
      <symbol id="sm-3d6">
         <name>copy_in</name>
         <value>0x265d</value>
         <object_component_ref idref="oc-99"/>
      </symbol>
      <symbol id="sm-3e1">
         <name>_ctypes_</name>
         <value>0x28c2</value>
         <object_component_ref idref="oc-1fc"/>
      </symbol>
      <symbol id="sm-3f8">
         <name>__aeabi_dsub</name>
         <value>0x1aed</value>
         <object_component_ref idref="oc-1a9"/>
      </symbol>
      <symbol id="sm-3f9">
         <name>__aeabi_dadd</name>
         <value>0x1af7</value>
         <object_component_ref idref="oc-1a9"/>
      </symbol>
      <symbol id="sm-41b">
         <name>__aeabi_cdcmpeq</name>
         <value>0x2251</value>
         <object_component_ref idref="oc-18f"/>
      </symbol>
      <symbol id="sm-41c">
         <name>__aeabi_cdcmple</name>
         <value>0x2251</value>
         <object_component_ref idref="oc-18f"/>
      </symbol>
      <symbol id="sm-41d">
         <name>__aeabi_cdrcmple</name>
         <value>0x22d7</value>
         <object_component_ref idref="oc-194"/>
      </symbol>
      <symbol id="sm-427">
         <name>__aeabi_d2iz</name>
         <value>0x26a9</value>
         <object_component_ref idref="oc-199"/>
      </symbol>
      <symbol id="sm-431">
         <name>__aeabi_i2d</name>
         <value>0x2769</value>
         <object_component_ref idref="oc-1a4"/>
      </symbol>
      <symbol id="sm-440">
         <name>ltoa</name>
         <value>0x25bd</value>
         <object_component_ref idref="oc-19e"/>
      </symbol>
      <symbol id="sm-450">
         <name>memccpy</name>
         <value>0x27b7</value>
         <object_component_ref idref="oc-1c6"/>
      </symbol>
      <symbol id="sm-46b">
         <name>frexpl</name>
         <value>0x24b1</value>
         <object_component_ref idref="oc-1ae"/>
      </symbol>
      <symbol id="sm-46c">
         <name>frexp</name>
         <value>0x24b1</value>
         <object_component_ref idref="oc-1ae"/>
      </symbol>
      <symbol id="sm-489">
         <name>scalbn</name>
         <value>0x2031</value>
         <object_component_ref idref="oc-1b4"/>
      </symbol>
      <symbol id="sm-48a">
         <name>scalbnl</name>
         <value>0x2031</value>
         <object_component_ref idref="oc-1b4"/>
      </symbol>
      <symbol id="sm-48b">
         <name>ldexpl</name>
         <value>0x2031</value>
         <object_component_ref idref="oc-1b4"/>
      </symbol>
      <symbol id="sm-48c">
         <name>ldexp</name>
         <value>0x2031</value>
         <object_component_ref idref="oc-1b4"/>
      </symbol>
      <symbol id="sm-496">
         <name>_system_post_cinit</name>
         <value>0x1ca3</value>
         <object_component_ref idref="oc-9f"/>
      </symbol>
      <symbol id="sm-4a6">
         <name>strchr</name>
         <value>0x2805</value>
         <object_component_ref idref="oc-1ba"/>
      </symbol>
      <symbol id="sm-4b4">
         <name>strlen</name>
         <value>0x2859</value>
         <object_component_ref idref="oc-189"/>
      </symbol>
      <symbol id="sm-4d0">
         <name>__aeabi_uldivmod</name>
         <value>0x18f9</value>
         <object_component_ref idref="oc-184"/>
      </symbol>
      <symbol id="sm-4d8">
         <name>errno</name>
         <value>0x200012e0</value>
         <object_component_ref idref="oc-1f5"/>
      </symbol>
      <symbol id="sm-4e2">
         <name>copysign</name>
         <value>0x2831</value>
         <object_component_ref idref="oc-1ef"/>
      </symbol>
      <symbol id="sm-4e3">
         <name>copysignl</name>
         <value>0x2831</value>
         <object_component_ref idref="oc-1ef"/>
      </symbol>
      <symbol id="sm-503">
         <name>IntRegister</name>
         <value>0x2735</value>
         <object_component_ref idref="oc-cb"/>
      </symbol>
      <symbol id="sm-504">
         <name>g_pfnRAMVectors</name>
         <value>0x20000000</value>
         <object_component_ref idref="oc-121"/>
      </symbol>
      <symbol id="sm-505">
         <name>IntMasterEnable</name>
         <value>0x286d</value>
         <object_component_ref idref="oc-d1"/>
      </symbol>
      <symbol id="sm-50f">
         <name>CPUcpsie</name>
         <value>0x289b</value>
         <object_component_ref idref="oc-126"/>
      </symbol>
      <symbol id="sm-510">
         <name>__TI_static_base__</name>
         <value>0x0</value>
      </symbol>
      <symbol id="sm-513">
         <name>SHT$$INIT_ARRAY$$Limit</name>
         <value>0x0</value>
      </symbol>
      <symbol id="sm-514">
         <name>SHT$$INIT_ARRAY$$Base</name>
         <value>0x0</value>
      </symbol>
   </symbol_table>
   <title>Link successful</title>
</link_info>
