******************************************************************************
                  TI ARM Linker PC v16.9.6                     
******************************************************************************
>> Linked Wed Mar 21 12:02:02 2018

OUTPUT FILE NAME:   <Lab7.out>
ENTRY POINT SYMBOL: "_c_int00"  address: 00002515


MEMORY CONFIGURATION

         name            origin    length      used     unused   attr    fill
----------------------  --------  ---------  --------  --------  ----  --------
  FLASH                 00000000   00040000  00002a13  0003d5ed  R  X
  SRAM                  20000000   00008000  000012e8  00006d18  RW X


SEGMENT ALLOCATION MAP

run origin  load origin   length   init length attrs members
----------  ----------- ---------- ----------- ----- -------
00000000    00000000    00002a18   00002a18    r-x
  00000000    00000000    0000026c   0000026c    r-- .intvecs
  0000026c    0000026c    00002656   00002656    r-x .text
  000028c2    000028c2    00000109   00000109    r-- .const
  000029d0    000029d0    00000048   00000048    r-- .cinit
20000000    20000000    000012e8   00000000    rw-
  20000000    20000000    0000026c   00000000    rw- .vtable
  2000026c    2000026c    00001000   00000000    rw- .stack
  2000126c    2000126c    00000054   00000000    rw- .bss
  200012c0    200012c0    00000028   00000000    rw- .data


SECTION ALLOCATION MAP

 output                                  attributes/
section   page    origin      length       input sections
--------  ----  ----------  ----------   ----------------
.intvecs   0    00000000    0000026c     
                  00000000    0000026c     tm4c123gh6pm_startup_ccs.obj (.intvecs)

.text      0    0000026c    00002656     
                  0000026c    0000113e     rtsv7M4_T_le_v4SPD16_eabi.lib : _printfi.obj (.text)
                  000013aa    00000002                                   : mpu_init.obj (.text)
                  000013ac    000002ec     lcd.obj (.text)
                  00001698    00000260     pulse.obj (.text)
                  000018f8    000001f4     rtsv7M4_T_le_v4SPD16_eabi.lib : ull_div_t2.obj (.text)
                  00001aec    000001b6                                   : fd_add_t2.obj (.text)
                  00001ca2    00000002                                   : startup.obj (.text)
                  00001ca4    00000158     Timer.obj (.text)
                  00001dfc    00000136     rtsv7M4_T_le_v4SPD16_eabi.lib : fd_div_t2.obj (.text)
                  00001f32    000000fc                                   : fd_mul_t2.obj (.text)
                  0000202e    00000002     --HOLE-- [fill = 0]
                  00002030    000000fc                                   : s_scalbn.obj (.text)
                  0000212c    0000009c                                   : memcpy_t2.obj (.text)
                  000021c8    00000088                                   : vsnprintf.obj (.text)
                  00002250    00000086                                   : fd_cmp_t2.obj (.text:__aeabi_cdcmple)
                  000022d6    00000086                                   : fd_cmp_t2.obj (.text:__aeabi_cdrcmple)
                  0000235c    0000007a                                   : memset_t2.obj (.text)
                  000023d6    00000002     --HOLE-- [fill = 0]
                  000023d8    00000070                                   : autoinit.obj (.text)
                  00002448    00000068                                   : copy_decompress_lzss.obj (.text:decompress:lzss)
                  000024b0    00000064                                   : s_frexp.obj (.text)
                  00002514    00000054                                   : boot.obj (.text)
                  00002568    00000054                                   : exit.obj (.text)
                  000025bc    00000054                                   : ltoa.obj (.text)
                  00002610    0000004c                                   : atoi.obj (.text)
                  0000265c    0000004c                                   : cpy_tbl.obj (.text)
                  000026a8    00000048                                   : fd_toi_t2.obj (.text)
                  000026f0    00000044                                   : fd_tou_t2.obj (.text)
                  00002734    00000034     driverlib.lib : interrupt.obj (.text:IntRegister)
                  00002768    0000002e     rtsv7M4_T_le_v4SPD16_eabi.lib : i_tofd_t2.obj (.text)
                  00002796    00000020                                   : u_tofd_t2.obj (.text)
                  000027b6    0000001c                                   : memccpy.obj (.text)
                  000027d2    00000002     --HOLE-- [fill = 0]
                  000027d4    00000018                                   : args_main.obj (.text)
                  000027ec    00000018                                   : strcmp.obj (.text)
                  00002804    00000016                                   : strchr.obj (.text)
                  0000281a    00000002     --HOLE-- [fill = 0]
                  0000281c    00000014                                   : _lock.obj (.text)
                  00002830    00000014                                   : s_copysign.obj (.text)
                  00002844    00000014                                   : strcpy.obj (.text)
                  00002858    00000014                                   : strlen.obj (.text)
                  0000286c    00000010     driverlib.lib : interrupt.obj (.text:IntMasterEnable)
                  0000287c    00000010     lcd.obj (.text:lcd_clear)
                  0000288c    0000000e     rtsv7M4_T_le_v4SPD16_eabi.lib : copy_decompress_none.obj (.text:decompress:none)
                  0000289a    0000000c     driverlib.lib : cpu.obj (.text:CPUcpsie)
                  000028a6    0000000c     rtsv7M4_T_le_v4SPD16_eabi.lib : copy_zero_init.obj (.text:decompress:ZI)
                  000028b2    0000000c     tm4c123gh6pm_startup_ccs.obj (.text)
                  000028be    00000004     rtsv7M4_T_le_v4SPD16_eabi.lib : pre_init.obj (.text)

.const     0    000028c2    00000109     
                  000028c2    00000101     rtsv7M4_T_le_v4SPD16_eabi.lib : ctype.obj (.const:.string:_ctypes_)
                  000029c3    00000004     lcd.obj (.const:.string:lineAddress$1)
                  000029c7    00000004     lcd.obj (.const:.string:lineAddresses$2)

.cinit     0    000029d0    00000048     
                  000029d0    00000013     (.cinit..data.load) [load image, compression = lzss]
                  000029e3    00000001     --HOLE-- [fill = 0]
                  000029e4    0000000c     (__TI_handler_table)
                  000029f0    00000008     (.cinit..bss.load) [load image, compression = zero_init]
                  000029f8    00000008     (.cinit..vtable.load) [load image, compression = zero_init]
                  00002a00    00000018     (__TI_cinit_table)

.init_array 
*          0    00000000    00000000     UNINITIALIZED

.vtable    0    20000000    0000026c     UNINITIALIZED
                  20000000    0000026c     driverlib.lib : interrupt.obj (.vtable)

.stack     0    2000026c    00001000     UNINITIALIZED
                  2000026c    00001000     --HOLE--

.bss       0    2000126c    00000054     UNINITIALIZED
                  2000126c    00000054     lcd.obj (.bss:lastbuffer$3)

.data      0    200012c0    00000028     UNINITIALIZED
                  200012c0    0000000c     rtsv7M4_T_le_v4SPD16_eabi.lib : exit.obj (.data:$O1$$)
                  200012cc    0000000c     pulse.obj (.data)
                  200012d8    00000008     rtsv7M4_T_le_v4SPD16_eabi.lib : _lock.obj (.data:$O1$$)
                  200012e0    00000004                                   : errno.obj (.data)
                  200012e4    00000004                                   : stkdepth_vars.obj (.data)

MODULE SUMMARY

       Module                         code   ro data   rw data
       ------                         ----   -------   -------
    .\
       lcd.obj                        764    8         84     
       tm4c123gh6pm_startup_ccs.obj   12     620       0      
       pulse.obj                      608    0         12     
       Timer.obj                      344    0         0      
    +--+------------------------------+------+---------+---------+
       Total:                         1728   628       96     
                                                              
    C:/ti/TivaWare_C_Series-2.1.2.111/driverlib/ccs/Debug/driverlib.lib
       interrupt.obj                  68     0         620    
       cpu.obj                        12     0         0      
    +--+------------------------------+------+---------+---------+
       Total:                         80     0         620    
                                                              
    C:\ti\ccsv7\tools\compiler\ti-cgt-arm_16.9.6.LTS\lib\rtsv7M4_T_le_v4SPD16_eabi.lib
       _printfi.obj                   4414   0         0      
       ull_div_t2.obj                 500    0         0      
       fd_add_t2.obj                  438    0         0      
       fd_div_t2.obj                  310    0         0      
       fd_cmp_t2.obj                  268    0         0      
       ctype.obj                      0      257       0      
       fd_mul_t2.obj                  252    0         0      
       s_scalbn.obj                   252    0         0      
       memcpy_t2.obj                  156    0         0      
       vsnprintf.obj                  136    0         0      
       memset_t2.obj                  122    0         0      
       autoinit.obj                   112    0         0      
       copy_decompress_lzss.obj       104    0         0      
       s_frexp.obj                    100    0         0      
       exit.obj                       84     0         12     
       boot.obj                       84     0         0      
       ltoa.obj                       84     0         0      
       atoi.obj                       76     0         0      
       cpy_tbl.obj                    76     0         0      
       fd_toi_t2.obj                  72     0         0      
       fd_tou_t2.obj                  68     0         0      
       i_tofd_t2.obj                  46     0         0      
       u_tofd_t2.obj                  32     0         0      
       _lock.obj                      20     0         8      
       memccpy.obj                    28     0         0      
       args_main.obj                  24     0         0      
       strcmp.obj                     24     0         0      
       strchr.obj                     22     0         0      
       s_copysign.obj                 20     0         0      
       strcpy.obj                     20     0         0      
       strlen.obj                     20     0         0      
       copy_decompress_none.obj       14     0         0      
       copy_zero_init.obj             12     0         0      
       errno.obj                      0      0         4      
       pre_init.obj                   4      0         0      
       stkdepth_vars.obj              0      0         4      
       mpu_init.obj                   2      0         0      
       startup.obj                    2      0         0      
    +--+------------------------------+------+---------+---------+
       Total:                         7998   257       28     
                                                              
       Stack:                         0      0         4096   
       Linker Generated:              0      71        0      
    +--+------------------------------+------+---------+---------+
       Grand Total:                   9806   956       4840   


LINKER GENERATED COPY TABLES

__TI_cinit_table @ 00002a00 records: 3, size/record: 8, table size: 24
	.data: load addr=000029d0, load size=00000013 bytes, run addr=200012c0, run size=00000028 bytes, compression=lzss
	.bss: load addr=000029f0, load size=00000008 bytes, run addr=2000126c, run size=00000054 bytes, compression=zero_init
	.vtable: load addr=000029f8, load size=00000008 bytes, run addr=20000000, run size=0000026c bytes, compression=zero_init


LINKER GENERATED HANDLER TABLE

__TI_handler_table @ 000029e4 records: 3, size/record: 4, table size: 12
	index: 0, handler: __TI_zero_init
	index: 1, handler: __TI_decompress_lzss
	index: 2, handler: __TI_decompress_none


GLOBAL SYMBOLS: SORTED ALPHABETICALLY BY Name 

address   name                           
-------   ----                           
00002569  C$$EXIT                        
0000289b  CPUcpsie                       
0000286d  IntMasterEnable                
00002735  IntRegister                    
000028b3  ResetISR                       
UNDEFED   SHT$$INIT_ARRAY$$Base          
UNDEFED   SHT$$INIT_ARRAY$$Limit         
00001699  TIMER3B_Handler                
2000126c  __STACK_END                    
00001000  __STACK_SIZE                   
2000046c  __STACK_TOP                    
00002a00  __TI_CINIT_Base                
00002a18  __TI_CINIT_Limit               
000029e4  __TI_Handler_Table_Base        
000029f0  __TI_Handler_Table_Limit       
000023d9  __TI_auto_init                 
200012c0  __TI_cleanup_ptr               
00002449  __TI_decompress_lzss           
0000288d  __TI_decompress_none           
200012c4  __TI_dtors_ptr                 
200012c8  __TI_enable_exit_profile_output
ffffffff  __TI_pprof_out_hndl            
00000ab1  __TI_printfi                   
ffffffff  __TI_prof_data_size            
ffffffff  __TI_prof_data_start           
00000000  __TI_static_base__             
000028a7  __TI_zero_init                 
00002251  __aeabi_cdcmpeq                
00002251  __aeabi_cdcmple                
000022d7  __aeabi_cdrcmple               
000026a9  __aeabi_d2iz                   
000026f1  __aeabi_d2uiz                  
00001af7  __aeabi_dadd                   
00001dfd  __aeabi_ddiv                   
00001f33  __aeabi_dmul                   
00001aed  __aeabi_dsub                   
00002769  __aeabi_i2d                    
0000235d  __aeabi_memclr                 
0000235d  __aeabi_memclr4                
0000235d  __aeabi_memclr8                
0000212d  __aeabi_memcpy                 
0000212d  __aeabi_memcpy4                
0000212d  __aeabi_memcpy8                
0000235f  __aeabi_memset                 
0000235f  __aeabi_memset4                
0000235f  __aeabi_memset8                
00002797  __aeabi_ui2d                   
000018f9  __aeabi_uldivmod               
ffffffff  __binit__                      
ffffffff  __c_args__                     
000013ab  __mpu_init                     
2000026c  __stack                        
000027d5  _args_main                     
00002515  _c_int00                       
000028c2  _ctypes_                       
200012d8  _lock                          
0000282b  _nop                           
00002823  _register_lock                 
0000281d  _register_unlock               
00001ca3  _system_post_cinit             
000028bf  _system_pre_init               
200012dc  _unlock                        
0000256d  abort                          
00002611  atoi                           
ffffffff  binit                          
0000265d  copy_in                        
00002831  copysign                       
00002831  copysignl                      
200012d0  curr_time                      
200012e0  errno                          
00002575  exit                           
000024b1  frexp                          
000024b1  frexpl                         
20000000  g_pfnRAMVectors                
00000000  g_pfnVectors                   
200012cc  last_time                      
0000287d  lcd_clear                      
00001545  lcd_gotoLine                   
000013ad  lcd_init                       
000015ab  lcd_printf                     
0000146d  lcd_putc                       
000014a5  lcd_puts                       
000014c3  lcd_sendCommand                
00001501  lcd_sendNibble                 
0000156d  lcd_setCursorPos               
00002031  ldexp                          
00002031  ldexpl                         
000025bd  ltoa                           
000017bf  main                           
200012e4  main_func_sp                   
000027b7  memccpy                        
0000212d  memcpy                         
00002365  memset                         
000016c5  pulse_init                     
00002031  scalbn                         
00002031  scalbnl                        
00001779  send_pulse                     
00002805  strchr                         
000027ed  strcmp                         
00002845  strcpy                         
00002859  strlen                         
00001db5  timer_getClock                 
00001d69  timer_startClock               
00001d03  timer_startTimer               
00001dbb  timer_stopClock                
00001d53  timer_stopTimer                
00001cd9  timer_waitMicros               
00001ca5  timer_waitMillis               
200012d4  update_flag                    
000021c9  vsnprintf                      


GLOBAL SYMBOLS: SORTED BY Symbol Address 

address   name                           
-------   ----                           
00000000  __TI_static_base__             
00000000  g_pfnVectors                   
00000ab1  __TI_printfi                   
00001000  __STACK_SIZE                   
000013ab  __mpu_init                     
000013ad  lcd_init                       
0000146d  lcd_putc                       
000014a5  lcd_puts                       
000014c3  lcd_sendCommand                
00001501  lcd_sendNibble                 
00001545  lcd_gotoLine                   
0000156d  lcd_setCursorPos               
000015ab  lcd_printf                     
00001699  TIMER3B_Handler                
000016c5  pulse_init                     
00001779  send_pulse                     
000017bf  main                           
000018f9  __aeabi_uldivmod               
00001aed  __aeabi_dsub                   
00001af7  __aeabi_dadd                   
00001ca3  _system_post_cinit             
00001ca5  timer_waitMillis               
00001cd9  timer_waitMicros               
00001d03  timer_startTimer               
00001d53  timer_stopTimer                
00001d69  timer_startClock               
00001db5  timer_getClock                 
00001dbb  timer_stopClock                
00001dfd  __aeabi_ddiv                   
00001f33  __aeabi_dmul                   
00002031  ldexp                          
00002031  ldexpl                         
00002031  scalbn                         
00002031  scalbnl                        
0000212d  __aeabi_memcpy                 
0000212d  __aeabi_memcpy4                
0000212d  __aeabi_memcpy8                
0000212d  memcpy                         
000021c9  vsnprintf                      
00002251  __aeabi_cdcmpeq                
00002251  __aeabi_cdcmple                
000022d7  __aeabi_cdrcmple               
0000235d  __aeabi_memclr                 
0000235d  __aeabi_memclr4                
0000235d  __aeabi_memclr8                
0000235f  __aeabi_memset                 
0000235f  __aeabi_memset4                
0000235f  __aeabi_memset8                
00002365  memset                         
000023d9  __TI_auto_init                 
00002449  __TI_decompress_lzss           
000024b1  frexp                          
000024b1  frexpl                         
00002515  _c_int00                       
00002569  C$$EXIT                        
0000256d  abort                          
00002575  exit                           
000025bd  ltoa                           
00002611  atoi                           
0000265d  copy_in                        
000026a9  __aeabi_d2iz                   
000026f1  __aeabi_d2uiz                  
00002735  IntRegister                    
00002769  __aeabi_i2d                    
00002797  __aeabi_ui2d                   
000027b7  memccpy                        
000027d5  _args_main                     
000027ed  strcmp                         
00002805  strchr                         
0000281d  _register_unlock               
00002823  _register_lock                 
0000282b  _nop                           
00002831  copysign                       
00002831  copysignl                      
00002845  strcpy                         
00002859  strlen                         
0000286d  IntMasterEnable                
0000287d  lcd_clear                      
0000288d  __TI_decompress_none           
0000289b  CPUcpsie                       
000028a7  __TI_zero_init                 
000028b3  ResetISR                       
000028bf  _system_pre_init               
000028c2  _ctypes_                       
000029e4  __TI_Handler_Table_Base        
000029f0  __TI_Handler_Table_Limit       
00002a00  __TI_CINIT_Base                
00002a18  __TI_CINIT_Limit               
20000000  g_pfnRAMVectors                
2000026c  __stack                        
2000046c  __STACK_TOP                    
2000126c  __STACK_END                    
200012c0  __TI_cleanup_ptr               
200012c4  __TI_dtors_ptr                 
200012c8  __TI_enable_exit_profile_output
200012cc  last_time                      
200012d0  curr_time                      
200012d4  update_flag                    
200012d8  _lock                          
200012dc  _unlock                        
200012e0  errno                          
200012e4  main_func_sp                   
ffffffff  __TI_pprof_out_hndl            
ffffffff  __TI_prof_data_size            
ffffffff  __TI_prof_data_start           
ffffffff  __binit__                      
ffffffff  __c_args__                     
ffffffff  binit                          
UNDEFED   SHT$$INIT_ARRAY$$Base          
UNDEFED   SHT$$INIT_ARRAY$$Limit         

[110 symbols]
