******************************************************************************
                  TI ARM Linker PC v16.9.6                     
******************************************************************************
>> Linked Wed Mar 21 13:51:12 2018

OUTPUT FILE NAME:   <Lab8.out>
ENTRY POINT SYMBOL: "_c_int00"  address: 000025a9


MEMORY CONFIGURATION

         name            origin    length      used     unused   attr    fill
----------------------  --------  ---------  --------  --------  ----  --------
  FLASH                 00000000   00040000  000029e3  0003d61d  R  X
  SRAM                  20000000   00008000  00001072  00006f8e  RW X


SEGMENT ALLOCATION MAP

run origin  load origin   length   init length attrs members
----------  ----------- ---------- ----------- ----- -------
00000000    00000000    000029e8   000029e8    r-x
  00000000    00000000    0000026c   0000026c    r-- .intvecs
  0000026c    0000026c    00002636   00002636    r-x .text
  000028a2    000028a2    00000109   00000109    r-- .const
  000029b0    000029b0    00000038   00000038    r-- .cinit
20000000    20000000    00001075   00000000    rw-
  20000000    20000000    00001000   00000000    rw- .stack
  20001000    20001000    00000055   00000000    rw- .bss
  20001058    20001058    0000001d   00000000    rw- .data


SECTION ALLOCATION MAP

 output                                  attributes/
section   page    origin      length       input sections
--------  ----  ----------  ----------   ----------------
.intvecs   0    00000000    0000026c     
                  00000000    0000026c     tm4c123gh6pm_startup_ccs.obj (.intvecs)

.text      0    0000026c    00002636     
                  0000026c    0000113e     rtsv7M4_T_le_v4SPD16_eabi.lib : _printfi.obj (.text)
                  000013aa    00000002                                   : mpu_init.obj (.text)
                  000013ac    000002ec     lcd.obj (.text)
                  00001698    000001fc     servo.obj (.text)
                  00001894    000001f4     rtsv7M4_T_le_v4SPD16_eabi.lib : ull_div_t2.obj (.text)
                  00001a88    000001b6                                   : fd_add_t2.obj (.text)
                  00001c3e    00000002                                   : startup.obj (.text)
                  00001c40    00000158     Timer.obj (.text)
                  00001d98    00000136     rtsv7M4_T_le_v4SPD16_eabi.lib : fd_div_t2.obj (.text)
                  00001ece    000000fc                                   : fd_mul_t2.obj (.text)
                  00001fca    00000002     --HOLE-- [fill = 0]
                  00001fcc    000000fc                                   : s_scalbn.obj (.text)
                  000020c8    000000f8     button.obj (.text)
                  000021c0    0000009c     rtsv7M4_T_le_v4SPD16_eabi.lib : memcpy_t2.obj (.text)
                  0000225c    00000088                                   : vsnprintf.obj (.text)
                  000022e4    00000086                                   : fd_cmp_t2.obj (.text:__aeabi_cdcmple)
                  0000236a    00000086                                   : fd_cmp_t2.obj (.text:__aeabi_cdrcmple)
                  000023f0    0000007a                                   : memset_t2.obj (.text)
                  0000246a    00000002     --HOLE-- [fill = 0]
                  0000246c    00000070                                   : autoinit.obj (.text)
                  000024dc    00000068                                   : copy_decompress_lzss.obj (.text:decompress:lzss)
                  00002544    00000064                                   : s_frexp.obj (.text)
                  000025a8    00000054                                   : boot.obj (.text)
                  000025fc    00000054                                   : exit.obj (.text)
                  00002650    00000054                                   : ltoa.obj (.text)
                  000026a4    0000004c                                   : atoi.obj (.text)
                  000026f0    0000004c                                   : cpy_tbl.obj (.text)
                  0000273c    00000048                                   : fd_toi_t2.obj (.text)
                  00002784    0000002e                                   : i_tofd_t2.obj (.text)
                  000027b2    0000001c                                   : memccpy.obj (.text)
                  000027ce    00000002     --HOLE-- [fill = 0]
                  000027d0    00000018                                   : args_main.obj (.text)
                  000027e8    00000018                                   : strcmp.obj (.text)
                  00002800    00000016                                   : strchr.obj (.text)
                  00002816    00000002     --HOLE-- [fill = 0]
                  00002818    00000014                                   : _lock.obj (.text)
                  0000282c    00000014                                   : s_copysign.obj (.text)
                  00002840    00000014                                   : strcpy.obj (.text)
                  00002854    00000014                                   : strlen.obj (.text)
                  00002868    00000010     lcd.obj (.text:lcd_clear)
                  00002878    0000000e     rtsv7M4_T_le_v4SPD16_eabi.lib : copy_decompress_none.obj (.text:decompress:none)
                  00002886    0000000c                                   : copy_zero_init.obj (.text:decompress:ZI)
                  00002892    0000000c     tm4c123gh6pm_startup_ccs.obj (.text)
                  0000289e    00000004     rtsv7M4_T_le_v4SPD16_eabi.lib : pre_init.obj (.text)

.const     0    000028a2    00000109     
                  000028a2    00000101     rtsv7M4_T_le_v4SPD16_eabi.lib : ctype.obj (.const:.string:_ctypes_)
                  000029a3    00000004     lcd.obj (.const:.string:lineAddress$1)
                  000029a7    00000004     lcd.obj (.const:.string:lineAddresses$2)

.cinit     0    000029b0    00000038     
                  000029b0    00000011     (.cinit..data.load) [load image, compression = lzss]
                  000029c1    00000003     --HOLE-- [fill = 0]
                  000029c4    0000000c     (__TI_handler_table)
                  000029d0    00000008     (.cinit..bss.load) [load image, compression = zero_init]
                  000029d8    00000010     (__TI_cinit_table)

.init_array 
*          0    00000000    00000000     UNINITIALIZED

.stack     0    20000000    00001000     UNINITIALIZED
                  20000000    00001000     --HOLE--

.bss       0    20001000    00000055     UNINITIALIZED
                  20001000    00000054     lcd.obj (.bss:lastbuffer$3)
                  20001054    00000001     (.common:_prevButton)

.data      0    20001058    0000001d     UNINITIALIZED
                  20001058    0000000c     rtsv7M4_T_le_v4SPD16_eabi.lib : exit.obj (.data:$O1$$)
                  20001064    00000008                                   : _lock.obj (.data:$O1$$)
                  2000106c    00000004                                   : errno.obj (.data)
                  20001070    00000004                                   : stkdepth_vars.obj (.data)
                  20001074    00000001     button.obj (.data)

MODULE SUMMARY

       Module                         code   ro data   rw data
       ------                         ----   -------   -------
    .\
       lcd.obj                        764    8         84     
       tm4c123gh6pm_startup_ccs.obj   12     620       0      
       servo.obj                      508    0         0      
       Timer.obj                      344    0         0      
       button.obj                     248    0         2      
    +--+------------------------------+------+---------+---------+
       Total:                         1876   628       86     
                                                              
    C:\ti\ccsv7\tools\compiler\ti-cgt-arm_16.9.6.LTS\lib\rtsv7M4_T_le_v4SPD16_eabi.lib
       _printfi.obj                   4414   0         0      
       ull_div_t2.obj                 500    0         0      
       fd_add_t2.obj                  438    0         0      
       fd_div_t2.obj                  310    0         0      
       fd_cmp_t2.obj                  268    0         0      
       ctype.obj                      0      257       0      
       fd_mul_t2.obj                  252    0         0      
       s_scalbn.obj                   252    0         0      
       memcpy_t2.obj                  156    0         0      
       vsnprintf.obj                  136    0         0      
       memset_t2.obj                  122    0         0      
       autoinit.obj                   112    0         0      
       copy_decompress_lzss.obj       104    0         0      
       s_frexp.obj                    100    0         0      
       exit.obj                       84     0         12     
       boot.obj                       84     0         0      
       ltoa.obj                       84     0         0      
       atoi.obj                       76     0         0      
       cpy_tbl.obj                    76     0         0      
       fd_toi_t2.obj                  72     0         0      
       i_tofd_t2.obj                  46     0         0      
       _lock.obj                      20     0         8      
       memccpy.obj                    28     0         0      
       args_main.obj                  24     0         0      
       strcmp.obj                     24     0         0      
       strchr.obj                     22     0         0      
       s_copysign.obj                 20     0         0      
       strcpy.obj                     20     0         0      
       strlen.obj                     20     0         0      
       copy_decompress_none.obj       14     0         0      
       copy_zero_init.obj             12     0         0      
       errno.obj                      0      0         4      
       pre_init.obj                   4      0         0      
       stkdepth_vars.obj              0      0         4      
       mpu_init.obj                   2      0         0      
       startup.obj                    2      0         0      
    +--+------------------------------+------+---------+---------+
       Total:                         7898   257       28     
                                                              
       Stack:                         0      0         4096   
       Linker Generated:              0      53        0      
    +--+------------------------------+------+---------+---------+
       Grand Total:                   9774   938       4210   


LINKER GENERATED COPY TABLES

__TI_cinit_table @ 000029d8 records: 2, size/record: 8, table size: 16
	.data: load addr=000029b0, load size=00000011 bytes, run addr=20001058, run size=0000001d bytes, compression=lzss
	.bss: load addr=000029d0, load size=00000008 bytes, run addr=20001000, run size=00000055 bytes, compression=zero_init


LINKER GENERATED HANDLER TABLE

__TI_handler_table @ 000029c4 records: 3, size/record: 4, table size: 12
	index: 0, handler: __TI_decompress_lzss
	index: 1, handler: __TI_decompress_none
	index: 2, handler: __TI_zero_init


GLOBAL SYMBOLS: SORTED ALPHABETICALLY BY Name 

address   name                           
-------   ----                           
000025fd  C$$EXIT                        
00002893  ResetISR                       
UNDEFED   SHT$$INIT_ARRAY$$Base          
UNDEFED   SHT$$INIT_ARRAY$$Limit         
20001000  __STACK_END                    
00001000  __STACK_SIZE                   
20000200  __STACK_TOP                    
000029d8  __TI_CINIT_Base                
000029e8  __TI_CINIT_Limit               
000029c4  __TI_Handler_Table_Base        
000029d0  __TI_Handler_Table_Limit       
0000246d  __TI_auto_init                 
20001058  __TI_cleanup_ptr               
000024dd  __TI_decompress_lzss           
00002879  __TI_decompress_none           
2000105c  __TI_dtors_ptr                 
20001060  __TI_enable_exit_profile_output
ffffffff  __TI_pprof_out_hndl            
00000ab1  __TI_printfi                   
ffffffff  __TI_prof_data_size            
ffffffff  __TI_prof_data_start           
00000000  __TI_static_base__             
00002887  __TI_zero_init                 
000022e5  __aeabi_cdcmpeq                
000022e5  __aeabi_cdcmple                
0000236b  __aeabi_cdrcmple               
0000273d  __aeabi_d2iz                   
00001a93  __aeabi_dadd                   
00001d99  __aeabi_ddiv                   
00001ecf  __aeabi_dmul                   
00001a89  __aeabi_dsub                   
00002785  __aeabi_i2d                    
000023f1  __aeabi_memclr                 
000023f1  __aeabi_memclr4                
000023f1  __aeabi_memclr8                
000021c1  __aeabi_memcpy                 
000021c1  __aeabi_memcpy4                
000021c1  __aeabi_memcpy8                
000023f3  __aeabi_memset                 
000023f3  __aeabi_memset4                
000023f3  __aeabi_memset8                
00001895  __aeabi_uldivmod               
ffffffff  __binit__                      
ffffffff  __c_args__                     
000013ab  __mpu_init                     
20000000  __stack                        
000027d1  _args_main                     
000025a9  _c_int00                       
000028a2  _ctypes_                       
20001064  _lock                          
00002827  _nop                           
20001054  _prevButton                    
0000281f  _register_lock                 
00002819  _register_unlock               
00001c3f  _system_post_cinit             
0000289f  _system_pre_init               
20001068  _unlock                        
00002601  abort                          
000026a5  atoi                           
ffffffff  binit                          
000020f5  button_checkButtons            
000020ff  button_getButton               
00002155  button_getButtonBlocking       
00002169  button_getButtonChange         
00002193  button_getButtonChangeBlocking 
000020c9  button_init                    
000026f1  copy_in                        
0000282d  copysign                       
0000282d  copysignl                      
2000106c  errno                          
00002609  exit                           
00002545  frexp                          
00002545  frexpl                         
00000000  g_pfnVectors                   
00002869  lcd_clear                      
00001545  lcd_gotoLine                   
000013ad  lcd_init                       
000015ab  lcd_printf                     
0000146d  lcd_putc                       
000014a5  lcd_puts                       
000014c3  lcd_sendCommand                
00001501  lcd_sendNibble                 
0000156d  lcd_setCursorPos               
00001fcd  ldexp                          
00001fcd  ldexpl                         
00002651  ltoa                           
00001713  main                           
20001070  main_func_sp                   
000027b3  memccpy                        
000021c1  memcpy                         
000023f9  memset                         
00001fcd  scalbn                         
00001fcd  scalbnl                        
00001699  servo_init                     
00002801  strchr                         
000027e9  strcmp                         
00002841  strcpy                         
00002855  strlen                         
00001d51  timer_getClock                 
00001d05  timer_startClock               
00001c9f  timer_startTimer               
00001d57  timer_stopClock                
00001cef  timer_stopTimer                
00001c75  timer_waitMicros               
00001c41  timer_waitMillis               
0000225d  vsnprintf                      


GLOBAL SYMBOLS: SORTED BY Symbol Address 

address   name                           
-------   ----                           
00000000  __TI_static_base__             
00000000  g_pfnVectors                   
00000ab1  __TI_printfi                   
00001000  __STACK_SIZE                   
000013ab  __mpu_init                     
000013ad  lcd_init                       
0000146d  lcd_putc                       
000014a5  lcd_puts                       
000014c3  lcd_sendCommand                
00001501  lcd_sendNibble                 
00001545  lcd_gotoLine                   
0000156d  lcd_setCursorPos               
000015ab  lcd_printf                     
00001699  servo_init                     
00001713  main                           
00001895  __aeabi_uldivmod               
00001a89  __aeabi_dsub                   
00001a93  __aeabi_dadd                   
00001c3f  _system_post_cinit             
00001c41  timer_waitMillis               
00001c75  timer_waitMicros               
00001c9f  timer_startTimer               
00001cef  timer_stopTimer                
00001d05  timer_startClock               
00001d51  timer_getClock                 
00001d57  timer_stopClock                
00001d99  __aeabi_ddiv                   
00001ecf  __aeabi_dmul                   
00001fcd  ldexp                          
00001fcd  ldexpl                         
00001fcd  scalbn                         
00001fcd  scalbnl                        
000020c9  button_init                    
000020f5  button_checkButtons            
000020ff  button_getButton               
00002155  button_getButtonBlocking       
00002169  button_getButtonChange         
00002193  button_getButtonChangeBlocking 
000021c1  __aeabi_memcpy                 
000021c1  __aeabi_memcpy4                
000021c1  __aeabi_memcpy8                
000021c1  memcpy                         
0000225d  vsnprintf                      
000022e5  __aeabi_cdcmpeq                
000022e5  __aeabi_cdcmple                
0000236b  __aeabi_cdrcmple               
000023f1  __aeabi_memclr                 
000023f1  __aeabi_memclr4                
000023f1  __aeabi_memclr8                
000023f3  __aeabi_memset                 
000023f3  __aeabi_memset4                
000023f3  __aeabi_memset8                
000023f9  memset                         
0000246d  __TI_auto_init                 
000024dd  __TI_decompress_lzss           
00002545  frexp                          
00002545  frexpl                         
000025a9  _c_int00                       
000025fd  C$$EXIT                        
00002601  abort                          
00002609  exit                           
00002651  ltoa                           
000026a5  atoi                           
000026f1  copy_in                        
0000273d  __aeabi_d2iz                   
00002785  __aeabi_i2d                    
000027b3  memccpy                        
000027d1  _args_main                     
000027e9  strcmp                         
00002801  strchr                         
00002819  _register_unlock               
0000281f  _register_lock                 
00002827  _nop                           
0000282d  copysign                       
0000282d  copysignl                      
00002841  strcpy                         
00002855  strlen                         
00002869  lcd_clear                      
00002879  __TI_decompress_none           
00002887  __TI_zero_init                 
00002893  ResetISR                       
0000289f  _system_pre_init               
000028a2  _ctypes_                       
000029c4  __TI_Handler_Table_Base        
000029d0  __TI_Handler_Table_Limit       
000029d8  __TI_CINIT_Base                
000029e8  __TI_CINIT_Limit               
20000000  __stack                        
20000200  __STACK_TOP                    
20001000  __STACK_END                    
20001054  _prevButton                    
20001058  __TI_cleanup_ptr               
2000105c  __TI_dtors_ptr                 
20001060  __TI_enable_exit_profile_output
20001064  _lock                          
20001068  _unlock                        
2000106c  errno                          
20001070  main_func_sp                   
ffffffff  __TI_pprof_out_hndl            
ffffffff  __TI_prof_data_size            
ffffffff  __TI_prof_data_start           
ffffffff  __binit__                      
ffffffff  __c_args__                     
ffffffff  binit                          
UNDEFED   SHT$$INIT_ARRAY$$Base          
UNDEFED   SHT$$INIT_ARRAY$$Limit         

[106 symbols]
