******************************************************************************
                  TI ARM Linker PC v16.9.6                     
******************************************************************************
>> Linked Wed Apr 11 13:06:59 2018

OUTPUT FILE NAME:   <Lab 9.out>
ENTRY POINT SYMBOL: "_c_int00"  address: 00003fc9


MEMORY CONFIGURATION

         name            origin    length      used     unused   attr    fill
----------------------  --------  ---------  --------  --------  ----  --------
  FLASH                 00000000   00040000  00004652  0003b9ae  R  X
  SRAM                  20000000   00008000  000012ec  00006d14  RW X


SEGMENT ALLOCATION MAP

run origin  load origin   length   init length attrs members
----------  ----------- ---------- ----------- ----- -------
00000000    00000000    00004658   00004658    r-x
  00000000    00000000    0000026c   0000026c    r-- .intvecs
  0000026c    0000026c    0000410a   0000410a    r-x .text
  00004378    00004378    00000294   00000294    r-- .const
  00004610    00004610    00000048   00000048    r-- .cinit
20000000    20000000    000012ec   00000000    rw-
  20000000    20000000    0000026c   00000000    rw- .vtable
  2000026c    2000026c    00001000   00000000    rw- .stack
  2000126c    2000126c    00000054   00000000    rw- .bss
  200012c0    200012c0    0000002c   00000000    rw- .data


SECTION ALLOCATION MAP

 output                                  attributes/
section   page    origin      length       input sections
--------  ----  ----------  ----------   ----------------
.intvecs   0    00000000    0000026c     
                  00000000    0000026c     tm4c123gh6pm_startup_ccs.obj (.intvecs)

.text      0    0000026c    0000410a     
                  0000026c    0000113e     rtsv7M4_T_le_v4SPD16_eabi.lib : _printfi.obj (.text)
                  000013aa    00000002                                   : mpu_init.obj (.text)
                  000013ac    00000738                                   : k_rem_pio2.obj (.text)
                  00001ae4    000005c4                                   : s_sin.obj (.text)
                  000020a8    00000338     sweep.obj (.text)
                  000023e0    0000032c     rtsv7M4_T_le_v4SPD16_eabi.lib : e_exp.obj (.text)
                  0000270c    000002ec     lcd.obj (.text)
                  000029f8    00000218     pulse.obj (.text)
                  00002c10    000001f4     rtsv7M4_T_le_v4SPD16_eabi.lib : ull_div_t2.obj (.text)
                  00002e04    000001b6                                   : fd_add_t2.obj (.text)
                  00002fba    00000002                                   : startup.obj (.text)
                  00002fbc    00000174                                   : k_sin.obj (.text)
                  00003130    0000016c                                   : k_cos.obj (.text)
                  0000329c    00000158     Timer.obj (.text)
                  000033f4    0000014c     ir.obj (.text)
                  00003540    00000136     rtsv7M4_T_le_v4SPD16_eabi.lib : fd_div_t2.obj (.text)
                  00003676    00000002     --HOLE-- [fill = 0]
                  00003678    00000128     uart.obj (.text)
                  000037a0    000000fc     rtsv7M4_T_le_v4SPD16_eabi.lib : fd_mul_t2.obj (.text)
                  0000389c    000000fc                                   : s_scalbn.obj (.text)
                  00003998    000000f8                                   : s_floor.obj (.text)
                  00003a90    000000f0     servo.obj (.text)
                  00003b80    0000009c     rtsv7M4_T_le_v4SPD16_eabi.lib : memcpy_t2.obj (.text)
                  00003c1c    00000088                                   : vsnprintf.obj (.text)
                  00003ca4    00000086                                   : fd_cmp_t2.obj (.text:__aeabi_cdcmple)
                  00003d2a    00000086                                   : fd_cmp_t2.obj (.text:__aeabi_cdrcmple)
                  00003db0    0000007a                                   : memset_t2.obj (.text)
                  00003e2a    00000002     --HOLE-- [fill = 0]
                  00003e2c    00000070                                   : autoinit.obj (.text)
                  00003e9c    00000068                                   : copy_decompress_lzss.obj (.text:decompress:lzss)
                  00003f04    00000064                                   : s_frexp.obj (.text)
                  00003f68    00000060                                   : sprintf.obj (.text)
                  00003fc8    00000054                                   : boot.obj (.text)
                  0000401c    00000054                                   : exit.obj (.text)
                  00004070    00000054                                   : ltoa.obj (.text)
                  000040c4    0000004c                                   : atoi.obj (.text)
                  00004110    0000004c                                   : cpy_tbl.obj (.text)
                  0000415c    00000048                                   : fd_toi_t2.obj (.text)
                  000041a4    00000044                                   : fd_tou_t2.obj (.text)
                  000041e8    00000034     driverlib.lib : interrupt.obj (.text:IntRegister)
                  0000421c    0000002e     rtsv7M4_T_le_v4SPD16_eabi.lib : i_tofd_t2.obj (.text)
                  0000424a    00000020                                   : u_tofd_t2.obj (.text)
                  0000426a    0000001c                                   : memccpy.obj (.text)
                  00004286    00000002     --HOLE-- [fill = 0]
                  00004288    00000018                                   : args_main.obj (.text)
                  000042a0    00000018                                   : strcmp.obj (.text)
                  000042b8    00000016                                   : strchr.obj (.text)
                  000042ce    00000002     --HOLE-- [fill = 0]
                  000042d0    00000014                                   : _lock.obj (.text)
                  000042e4    00000014                                   : s_copysign.obj (.text)
                  000042f8    00000014                                   : strcpy.obj (.text)
                  0000430c    00000014                                   : strlen.obj (.text)
                  00004320    00000010     driverlib.lib : interrupt.obj (.text:IntMasterEnable)
                  00004330    00000010     lcd.obj (.text:lcd_clear)
                  00004340    0000000e     rtsv7M4_T_le_v4SPD16_eabi.lib : copy_decompress_none.obj (.text:decompress:none)
                  0000434e    0000000c     driverlib.lib : cpu.obj (.text:CPUcpsie)
                  0000435a    0000000c     rtsv7M4_T_le_v4SPD16_eabi.lib : copy_zero_init.obj (.text:decompress:ZI)
                  00004366    0000000c     tm4c123gh6pm_startup_ccs.obj (.text)
                  00004372    00000004     rtsv7M4_T_le_v4SPD16_eabi.lib : pre_init.obj (.text)

.const     0    00004378    00000294     
                  00004378    00000158     rtsv7M4_T_le_v4SPD16_eabi.lib : k_rem_pio2.obj (.const:$O1$$)
                  000044d0    00000101                                   : ctype.obj (.const:.string:_ctypes_)
                  000045d1    00000004     lcd.obj (.const:.string:lineAddress$1)
                  000045d5    00000003     --HOLE-- [fill = 0]
                  000045d8    00000030     rtsv7M4_T_le_v4SPD16_eabi.lib : e_exp.obj (.const:$O1$$)
                  00004608    00000004     lcd.obj (.const:.string:lineAddresses$2)

.cinit     0    00004610    00000048     
                  00004610    00000013     (.cinit..data.load) [load image, compression = lzss]
                  00004623    00000001     --HOLE-- [fill = 0]
                  00004624    0000000c     (__TI_handler_table)
                  00004630    00000008     (.cinit..bss.load) [load image, compression = zero_init]
                  00004638    00000008     (.cinit..vtable.load) [load image, compression = zero_init]
                  00004640    00000018     (__TI_cinit_table)

.init_array 
*          0    00000000    00000000     UNINITIALIZED

.vtable    0    20000000    0000026c     UNINITIALIZED
                  20000000    0000026c     driverlib.lib : interrupt.obj (.vtable)

.stack     0    2000026c    00001000     UNINITIALIZED
                  2000026c    00001000     --HOLE--

.bss       0    2000126c    00000054     UNINITIALIZED
                  2000126c    00000054     lcd.obj (.bss:lastbuffer$3)

.data      0    200012c0    0000002c     UNINITIALIZED
                  200012c0    0000000c     rtsv7M4_T_le_v4SPD16_eabi.lib : exit.obj (.data:$O1$$)
                  200012cc    0000000c     pulse.obj (.data)
                  200012d8    00000008     rtsv7M4_T_le_v4SPD16_eabi.lib : _lock.obj (.data:$O1$$)
                  200012e0    00000004                                   : errno.obj (.data)
                  200012e4    00000004                                   : stkdepth_vars.obj (.data)
                  200012e8    00000004     servo.obj (.data)

MODULE SUMMARY

       Module                         code    ro data   rw data
       ------                         ----    -------   -------
    .\
       lcd.obj                        764     8         84     
       sweep.obj                      824     0         0      
       tm4c123gh6pm_startup_ccs.obj   12      620       0      
       pulse.obj                      536     0         12     
       Timer.obj                      344     0         0      
       ir.obj                         332     0         0      
       uart.obj                       296     0         0      
       servo.obj                      240     0         4      
    +--+------------------------------+-------+---------+---------+
       Total:                         3348    628       100    
                                                               
    C:/ti/TivaWare_C_Series-2.1.2.111/driverlib/ccs/Debug/driverlib.lib
       interrupt.obj                  68      0         620    
       cpu.obj                        12      0         0      
    +--+------------------------------+-------+---------+---------+
       Total:                         80      0         620    
                                                               
    C:\ti\ccsv7\tools\compiler\ti-cgt-arm_16.9.6.LTS\lib\rtsv7M4_T_le_v4SPD16_eabi.lib
       _printfi.obj                   4414    0         0      
       k_rem_pio2.obj                 1848    344       0      
       s_sin.obj                      1476    0         0      
       e_exp.obj                      812     48        0      
       ull_div_t2.obj                 500     0         0      
       fd_add_t2.obj                  438     0         0      
       k_sin.obj                      372     0         0      
       k_cos.obj                      364     0         0      
       fd_div_t2.obj                  310     0         0      
       fd_cmp_t2.obj                  268     0         0      
       ctype.obj                      0       257       0      
       fd_mul_t2.obj                  252     0         0      
       s_scalbn.obj                   252     0         0      
       s_floor.obj                    248     0         0      
       memcpy_t2.obj                  156     0         0      
       vsnprintf.obj                  136     0         0      
       memset_t2.obj                  122     0         0      
       autoinit.obj                   112     0         0      
       copy_decompress_lzss.obj       104     0         0      
       s_frexp.obj                    100     0         0      
       exit.obj                       84      0         12     
       sprintf.obj                    96      0         0      
       boot.obj                       84      0         0      
       ltoa.obj                       84      0         0      
       atoi.obj                       76      0         0      
       cpy_tbl.obj                    76      0         0      
       fd_toi_t2.obj                  72      0         0      
       fd_tou_t2.obj                  68      0         0      
       i_tofd_t2.obj                  46      0         0      
       u_tofd_t2.obj                  32      0         0      
       _lock.obj                      20      0         8      
       memccpy.obj                    28      0         0      
       args_main.obj                  24      0         0      
       strcmp.obj                     24      0         0      
       strchr.obj                     22      0         0      
       s_copysign.obj                 20      0         0      
       strcpy.obj                     20      0         0      
       strlen.obj                     20      0         0      
       copy_decompress_none.obj       14      0         0      
       copy_zero_init.obj             12      0         0      
       errno.obj                      0       0         4      
       pre_init.obj                   4       0         0      
       stkdepth_vars.obj              0       0         4      
       mpu_init.obj                   2       0         0      
       startup.obj                    2       0         0      
    +--+------------------------------+-------+---------+---------+
       Total:                         13214   649       28     
                                                               
       Stack:                         0       0         4096   
       Linker Generated:              0       71        0      
    +--+------------------------------+-------+---------+---------+
       Grand Total:                   16642   1348      4844   


LINKER GENERATED COPY TABLES

__TI_cinit_table @ 00004640 records: 3, size/record: 8, table size: 24
	.data: load addr=00004610, load size=00000013 bytes, run addr=200012c0, run size=0000002c bytes, compression=lzss
	.bss: load addr=00004630, load size=00000008 bytes, run addr=2000126c, run size=00000054 bytes, compression=zero_init
	.vtable: load addr=00004638, load size=00000008 bytes, run addr=20000000, run size=0000026c bytes, compression=zero_init


LINKER GENERATED HANDLER TABLE

__TI_handler_table @ 00004624 records: 3, size/record: 4, table size: 12
	index: 0, handler: __TI_zero_init
	index: 1, handler: __TI_decompress_lzss
	index: 2, handler: __TI_decompress_none


GLOBAL SYMBOLS: SORTED ALPHABETICALLY BY Name 

address   name                           
-------   ----                           
000033f5  ADC_init                       
00003467  ADC_read                       
0000401d  C$$EXIT                        
0000434f  CPUcpsie                       
00004321  IntMasterEnable                
000041e9  IntRegister                    
00004367  ResetISR                       
UNDEFED   SHT$$INIT_ARRAY$$Base          
UNDEFED   SHT$$INIT_ARRAY$$Limit         
000029f9  TIMER3B_Handler                
2000126c  __STACK_END                    
00001000  __STACK_SIZE                   
2000046c  __STACK_TOP                    
00004640  __TI_CINIT_Base                
00004658  __TI_CINIT_Limit               
00004624  __TI_Handler_Table_Base        
00004630  __TI_Handler_Table_Limit       
00003e2d  __TI_auto_init                 
200012c0  __TI_cleanup_ptr               
00003e9d  __TI_decompress_lzss           
00004341  __TI_decompress_none           
200012c4  __TI_dtors_ptr                 
200012c8  __TI_enable_exit_profile_output
ffffffff  __TI_pprof_out_hndl            
00000ab1  __TI_printfi                   
ffffffff  __TI_prof_data_size            
ffffffff  __TI_prof_data_start           
00000000  __TI_static_base__             
0000435b  __TI_zero_init                 
00003ca5  __aeabi_cdcmpeq                
00003ca5  __aeabi_cdcmple                
00003d2b  __aeabi_cdrcmple               
0000415d  __aeabi_d2iz                   
000041a5  __aeabi_d2uiz                  
00002e0f  __aeabi_dadd                   
00003541  __aeabi_ddiv                   
000037a1  __aeabi_dmul                   
00002e05  __aeabi_dsub                   
0000421d  __aeabi_i2d                    
00003db1  __aeabi_memclr                 
00003db1  __aeabi_memclr4                
00003db1  __aeabi_memclr8                
00003b81  __aeabi_memcpy                 
00003b81  __aeabi_memcpy4                
00003b81  __aeabi_memcpy8                
00003db3  __aeabi_memset                 
00003db3  __aeabi_memset4                
00003db3  __aeabi_memset8                
0000424b  __aeabi_ui2d                   
00002c11  __aeabi_uldivmod               
ffffffff  __binit__                      
ffffffff  __c_args__                     
00003131  __kernel_cos                   
000013ad  __kernel_rem_pio2              
00002fbd  __kernel_sin                   
000013ab  __mpu_init                     
2000026c  __stack                        
00004289  _args_main                     
00003fc9  _c_int00                       
000044d0  _ctypes_                       
200012d8  _lock                          
000042df  _nop                           
000042d7  _register_lock                 
000042d1  _register_unlock               
00002fbb  _system_post_cinit             
00004373  _system_pre_init               
200012dc  _unlock                        
00004021  abort                          
200012e8  angle                          
000040c5  atoi                           
ffffffff  binit                          
00004111  copy_in                        
000042e5  copysign                       
000042e5  copysignl                      
200012d0  curr_time                      
200012e0  errno                          
00004029  exit                           
000023e1  exp                            
000023e1  expl                           
00003999  floor                          
00003999  floorl                         
00003f05  frexp                          
00003f05  frexpl                         
20000000  g_pfnRAMVectors                
00000000  g_pfnVectors                   
0000348b  ir_getDist                     
200012cc  last_time                      
00004331  lcd_clear                      
000028a5  lcd_gotoLine                   
0000270d  lcd_init                       
0000290b  lcd_printf                     
000027cd  lcd_putc                       
00002805  lcd_puts                       
00002823  lcd_sendCommand                
00002861  lcd_sendNibble                 
000028cd  lcd_setCursorPos               
0000389d  ldexp                          
0000389d  ldexpl                         
00004071  ltoa                           
000020a9  main                           
200012e4  main_func_sp                   
0000426b  memccpy                        
00003b81  memcpy                         
00003db9  memset                         
00002b1f  pulse_getDist                  
00002a25  pulse_init                     
0000389d  scalbn                         
0000389d  scalbnl                        
00002ad9  send_pulse                     
00003b19  servo_getAngle                 
00003a91  servo_init                     
00003b1f  servo_moveServo                
00001ae5  sin                            
00001ae5  sinl                           
00003f69  sprintf                        
000042b9  strchr                         
000042a1  strcmp                         
000042f9  strcpy                         
0000430d  strlen                         
000033ad  timer_getClock                 
00003361  timer_startClock               
000032fb  timer_startTimer               
000033b3  timer_stopClock                
0000334b  timer_stopTimer                
000032d1  timer_waitMicros               
0000329d  timer_waitMillis               
00003679  uart_init                      
0000371d  uart_receive                   
00003701  uart_sendChar                  
00003743  uart_sendStr                   
200012d4  update_flag                    
00003c1d  vsnprintf                      


GLOBAL SYMBOLS: SORTED BY Symbol Address 

address   name                           
-------   ----                           
00000000  __TI_static_base__             
00000000  g_pfnVectors                   
00000ab1  __TI_printfi                   
00001000  __STACK_SIZE                   
000013ab  __mpu_init                     
000013ad  __kernel_rem_pio2              
00001ae5  sin                            
00001ae5  sinl                           
000020a9  main                           
000023e1  exp                            
000023e1  expl                           
0000270d  lcd_init                       
000027cd  lcd_putc                       
00002805  lcd_puts                       
00002823  lcd_sendCommand                
00002861  lcd_sendNibble                 
000028a5  lcd_gotoLine                   
000028cd  lcd_setCursorPos               
0000290b  lcd_printf                     
000029f9  TIMER3B_Handler                
00002a25  pulse_init                     
00002ad9  send_pulse                     
00002b1f  pulse_getDist                  
00002c11  __aeabi_uldivmod               
00002e05  __aeabi_dsub                   
00002e0f  __aeabi_dadd                   
00002fbb  _system_post_cinit             
00002fbd  __kernel_sin                   
00003131  __kernel_cos                   
0000329d  timer_waitMillis               
000032d1  timer_waitMicros               
000032fb  timer_startTimer               
0000334b  timer_stopTimer                
00003361  timer_startClock               
000033ad  timer_getClock                 
000033b3  timer_stopClock                
000033f5  ADC_init                       
00003467  ADC_read                       
0000348b  ir_getDist                     
00003541  __aeabi_ddiv                   
00003679  uart_init                      
00003701  uart_sendChar                  
0000371d  uart_receive                   
00003743  uart_sendStr                   
000037a1  __aeabi_dmul                   
0000389d  ldexp                          
0000389d  ldexpl                         
0000389d  scalbn                         
0000389d  scalbnl                        
00003999  floor                          
00003999  floorl                         
00003a91  servo_init                     
00003b19  servo_getAngle                 
00003b1f  servo_moveServo                
00003b81  __aeabi_memcpy                 
00003b81  __aeabi_memcpy4                
00003b81  __aeabi_memcpy8                
00003b81  memcpy                         
00003c1d  vsnprintf                      
00003ca5  __aeabi_cdcmpeq                
00003ca5  __aeabi_cdcmple                
00003d2b  __aeabi_cdrcmple               
00003db1  __aeabi_memclr                 
00003db1  __aeabi_memclr4                
00003db1  __aeabi_memclr8                
00003db3  __aeabi_memset                 
00003db3  __aeabi_memset4                
00003db3  __aeabi_memset8                
00003db9  memset                         
00003e2d  __TI_auto_init                 
00003e9d  __TI_decompress_lzss           
00003f05  frexp                          
00003f05  frexpl                         
00003f69  sprintf                        
00003fc9  _c_int00                       
0000401d  C$$EXIT                        
00004021  abort                          
00004029  exit                           
00004071  ltoa                           
000040c5  atoi                           
00004111  copy_in                        
0000415d  __aeabi_d2iz                   
000041a5  __aeabi_d2uiz                  
000041e9  IntRegister                    
0000421d  __aeabi_i2d                    
0000424b  __aeabi_ui2d                   
0000426b  memccpy                        
00004289  _args_main                     
000042a1  strcmp                         
000042b9  strchr                         
000042d1  _register_unlock               
000042d7  _register_lock                 
000042df  _nop                           
000042e5  copysign                       
000042e5  copysignl                      
000042f9  strcpy                         
0000430d  strlen                         
00004321  IntMasterEnable                
00004331  lcd_clear                      
00004341  __TI_decompress_none           
0000434f  CPUcpsie                       
0000435b  __TI_zero_init                 
00004367  ResetISR                       
00004373  _system_pre_init               
000044d0  _ctypes_                       
00004624  __TI_Handler_Table_Base        
00004630  __TI_Handler_Table_Limit       
00004640  __TI_CINIT_Base                
00004658  __TI_CINIT_Limit               
20000000  g_pfnRAMVectors                
2000026c  __stack                        
2000046c  __STACK_TOP                    
2000126c  __STACK_END                    
200012c0  __TI_cleanup_ptr               
200012c4  __TI_dtors_ptr                 
200012c8  __TI_enable_exit_profile_output
200012cc  last_time                      
200012d0  curr_time                      
200012d4  update_flag                    
200012d8  _lock                          
200012dc  _unlock                        
200012e0  errno                          
200012e4  main_func_sp                   
200012e8  angle                          
ffffffff  __TI_pprof_out_hndl            
ffffffff  __TI_prof_data_size            
ffffffff  __TI_prof_data_start           
ffffffff  __binit__                      
ffffffff  __c_args__                     
ffffffff  binit                          
UNDEFED   SHT$$INIT_ARRAY$$Base          
UNDEFED   SHT$$INIT_ARRAY$$Limit         

[132 symbols]
