******************************************************************************
                  TI ARM Linker PC v16.9.6                     
******************************************************************************
>> Linked Fri Apr 20 13:01:44 2018

OUTPUT FILE NAME:   <Project.out>
ENTRY POINT SYMBOL: "_c_int00"  address: 00005521


MEMORY CONFIGURATION

         name            origin    length      used     unused   attr    fill
----------------------  --------  ---------  --------  --------  ----  --------
  FLASH                 00000000   00040000  00005c9a  0003a366  R  X
  SRAM                  20000000   00008000  00002338  00005cc8  RW X


SEGMENT ALLOCATION MAP

run origin  load origin   length   init length attrs members
----------  ----------- ---------- ----------- ----- -------
00000000    00000000    00005ca0   00005ca0    r-x
  00000000    00000000    0000026c   0000026c    r-- .intvecs
  0000026c    0000026c    000056a2   000056a2    r-x .text
  00005910    00005910    0000032c   0000032c    r-- .const
  00005c40    00005c40    00000060   00000060    r-- .cinit
20000000    20000000    0000233c   00000000    rw-
  20000000    20000000    0000026c   00000000    rw- .vtable
  2000026c    2000026c    00001000   00000000    rw- .stack
  20001270    20001270    00001000   00000000    rw- .sysmem
  20002270    20002270    0000006c   00000000    rw- .bss
  200022dc    200022dc    00000060   00000000    rw- .data


SECTION ALLOCATION MAP

 output                                  attributes/
section   page    origin      length       input sections
--------  ----  ----------  ----------   ----------------
.intvecs   0    00000000    0000026c     
                  00000000    0000026c     tm4c123gh6pm_startup_ccs.obj (.intvecs)

.text      0    0000026c    000056a2     
                  0000026c    0000113e     rtsv7M4_T_le_v4SPD16_eabi.lib : _printfi.obj (.text)
                  000013aa    00000002                                   : mpu_init.obj (.text)
                  000013ac    00000a84     open_interface.obj (.text)
                  00001e30    00000738     rtsv7M4_T_le_v4SPD16_eabi.lib : k_rem_pio2.obj (.text)
                  00002568    00000508                                   : s_tan.obj (.text)
                  00002a70    000003d0                                   : memory.obj (.text)
                  00002e40    0000032c                                   : e_exp.obj (.text)
                  0000316c    00000320                                   : k_tan.obj (.text)
                  0000348c    000002ec     lcd.obj (.text)
                  00003778    000002d6     movement.obj (.text)
                  00003a4e    00000002     rtsv7M4_T_le_v4SPD16_eabi.lib : startup.obj (.text)
                  00003a50    00000284     sweep.obj (.text)
                  00003cd4    00000250     sensors.obj (.text)
                  00003f24    00000218     pulse.obj (.text)
                  0000413c    00000204     communication.obj (.text)
                  00004340    000001f4     rtsv7M4_T_le_v4SPD16_eabi.lib : ull_div_t2.obj (.text)
                  00004534    000001b6                                   : fd_add_t2.obj (.text)
                  000046ea    00000002     --HOLE-- [fill = 0]
                  000046ec    00000158     Timer.obj (.text)
                  00004844    00000158     ir.obj (.text)
                  0000499c    00000136     rtsv7M4_T_le_v4SPD16_eabi.lib : fd_div_t2.obj (.text)
                  00004ad2    00000002     --HOLE-- [fill = 0]
                  00004ad4    00000128     uart.obj (.text)
                  00004bfc    000000fc     rtsv7M4_T_le_v4SPD16_eabi.lib : fd_mul_t2.obj (.text)
                  00004cf8    000000fc                                   : s_scalbn.obj (.text)
                  00004df4    000000f8                                   : s_floor.obj (.text)
                  00004eec    000000f0     servo.obj (.text)
                  00004fdc    0000009c     rtsv7M4_T_le_v4SPD16_eabi.lib : memcpy_t2.obj (.text)
                  00005078    00000088                                   : vsnprintf.obj (.text)
                  00005100    00000086                                   : fd_cmp_t2.obj (.text:__aeabi_cdcmple)
                  00005186    00000086                                   : fd_cmp_t2.obj (.text:__aeabi_cdrcmple)
                  0000520c    00000084     entertainment.obj (.text)
                  00005290    0000007a     rtsv7M4_T_le_v4SPD16_eabi.lib : memset_t2.obj (.text)
                  0000530a    00000002     --HOLE-- [fill = 0]
                  0000530c    00000076     main.obj (.text)
                  00005382    00000002     --HOLE-- [fill = 0]
                  00005384    00000070     rtsv7M4_T_le_v4SPD16_eabi.lib : autoinit.obj (.text)
                  000053f4    00000068                                   : copy_decompress_lzss.obj (.text:decompress:lzss)
                  0000545c    00000064                                   : s_frexp.obj (.text)
                  000054c0    00000060                                   : sprintf.obj (.text)
                  00005520    00000054                                   : boot.obj (.text)
                  00005574    00000054                                   : exit.obj (.text)
                  000055c8    00000054                                   : ltoa.obj (.text)
                  0000561c    0000004c                                   : atoi.obj (.text)
                  00005668    0000004c                                   : cpy_tbl.obj (.text)
                  000056b4    00000048                                   : fd_toi_t2.obj (.text)
                  000056fc    00000044                                   : fd_tou_t2.obj (.text)
                  00005740    00000034     driverlib.lib : interrupt.obj (.text:IntRegister)
                  00005774    0000002e     rtsv7M4_T_le_v4SPD16_eabi.lib : i_tofd_t2.obj (.text)
                  000057a2    00000020                                   : u_tofd_t2.obj (.text)
                  000057c2    0000001c                                   : memccpy.obj (.text)
                  000057de    00000018     init.obj (.text)
                  000057f6    00000018     open_interface.obj (.text:oi_parseInt)
                  0000580e    00000002     --HOLE-- [fill = 0]
                  00005810    00000018     rtsv7M4_T_le_v4SPD16_eabi.lib : args_main.obj (.text)
                  00005828    00000018                                   : strcmp.obj (.text)
                  00005840    00000016                                   : strchr.obj (.text)
                  00005856    00000002     --HOLE-- [fill = 0]
                  00005858    00000014                                   : _lock.obj (.text)
                  0000586c    00000014                                   : s_copysign.obj (.text)
                  00005880    00000014                                   : strcpy.obj (.text)
                  00005894    00000014                                   : strlen.obj (.text)
                  000058a8    00000010     driverlib.lib : interrupt.obj (.text:IntMasterEnable)
                  000058b8    00000010     lcd.obj (.text:lcd_clear)
                  000058c8    00000010     rtsv7M4_T_le_v4SPD16_eabi.lib : toupper.obj (.text)
                  000058d8    0000000e                                   : copy_decompress_none.obj (.text:decompress:none)
                  000058e6    0000000c     driverlib.lib : cpu.obj (.text:CPUcpsie)
                  000058f2    0000000c     rtsv7M4_T_le_v4SPD16_eabi.lib : copy_zero_init.obj (.text:decompress:ZI)
                  000058fe    0000000c     tm4c123gh6pm_startup_ccs.obj (.text)
                  0000590a    00000004     rtsv7M4_T_le_v4SPD16_eabi.lib : pre_init.obj (.text)

.const     0    00005910    0000032c     
                  00005910    00000158     rtsv7M4_T_le_v4SPD16_eabi.lib : k_rem_pio2.obj (.const:$O1$$)
                  00005a68    00000101                                   : ctype.obj (.const:.string:_ctypes_)
                  00005b69    00000005     entertainment.obj (.const:.string:$P$T0$1)
                  00005b6e    00000002     --HOLE-- [fill = 0]
                  00005b70    00000080     rtsv7M4_T_le_v4SPD16_eabi.lib : k_tan.obj (.const:xxx)
                  00005bf0    00000030                                   : e_exp.obj (.const:$O1$$)
                  00005c20    0000000f     open_interface.obj (.const:.string:$P$T0$3)
                  00005c2f    00000005     entertainment.obj (.const:.string:$P$T1$2)
                  00005c34    00000004     lcd.obj (.const:.string:lineAddress$1)
                  00005c38    00000004     lcd.obj (.const:.string:lineAddresses$2)

.cinit     0    00005c40    00000060     
                  00005c40    0000002b     (.cinit..data.load) [load image, compression = lzss]
                  00005c6b    00000001     --HOLE-- [fill = 0]
                  00005c6c    0000000c     (__TI_handler_table)
                  00005c78    00000008     (.cinit..bss.load) [load image, compression = zero_init]
                  00005c80    00000008     (.cinit..vtable.load) [load image, compression = zero_init]
                  00005c88    00000018     (__TI_cinit_table)

.init_array 
*          0    00000000    00000000     UNINITIALIZED

.vtable    0    20000000    0000026c     UNINITIALIZED
                  20000000    0000026c     driverlib.lib : interrupt.obj (.vtable)

.stack     0    2000026c    00001000     UNINITIALIZED
                  2000026c    00001000     --HOLE--

.sysmem    0    20001270    00001000     UNINITIALIZED
                  20001270    00000008     rtsv7M4_T_le_v4SPD16_eabi.lib : memory.obj (.sysmem)
                  20001278    00000ff8     --HOLE--

.bss       0    20002270    0000006c     UNINITIALIZED
                  20002270    00000054     lcd.obj (.bss:lastbuffer$3)
                  200022c4    00000018     open_interface.obj (.bss:firmware$2)

.data      0    200022dc    00000060     UNINITIALIZED
                  200022dc    00000014     communication.obj (.data)
                  200022f0    00000010     open_interface.obj (.data)
                  20002300    0000000c     rtsv7M4_T_le_v4SPD16_eabi.lib : exit.obj (.data:$O1$$)
                  2000230c    0000000c                                   : memory.obj (.data:$O1$$)
                  20002318    0000000c     pulse.obj (.data)
                  20002324    00000008     rtsv7M4_T_le_v4SPD16_eabi.lib : _lock.obj (.data:$O1$$)
                  2000232c    00000004                                   : errno.obj (.data)
                  20002330    00000004                                   : stkdepth_vars.obj (.data)
                  20002334    00000004     sensors.obj (.data)
                  20002338    00000004     servo.obj (.data)

MODULE SUMMARY

       Module                         code    ro data   rw data
       ------                         ----    -------   -------
    .\
       open_interface.obj             2716    15        40     
       lcd.obj                        764     8         84     
       movement.obj                   726     0         0      
       sweep.obj                      644     0         0      
       tm4c123gh6pm_startup_ccs.obj   12      620       0      
       sensors.obj                    592     0         4      
       pulse.obj                      536     0         12     
       communication.obj              516     0         20     
       Timer.obj                      344     0         0      
       ir.obj                         344     0         0      
       uart.obj                       296     0         0      
       servo.obj                      240     0         4      
       entertainment.obj              132     10        0      
       main.obj                       118     0         0      
       init.obj                       24      0         0      
    +--+------------------------------+-------+---------+---------+
       Total:                         8004    653       164    
                                                               
    C:/ti/TivaWare_C_Series-2.1.2.111/driverlib/ccs/Debug/driverlib.lib
       interrupt.obj                  68      0         620    
       cpu.obj                        12      0         0      
    +--+------------------------------+-------+---------+---------+
       Total:                         80      0         620    
                                                               
    C:\ti\ccsv7\tools\compiler\ti-cgt-arm_16.9.6.LTS\lib\rtsv7M4_T_le_v4SPD16_eabi.lib
       _printfi.obj                   4414    0         0      
       k_rem_pio2.obj                 1848    344       0      
       s_tan.obj                      1288    0         0      
       memory.obj                     976     0         12     
       k_tan.obj                      800     128       0      
       e_exp.obj                      812     48        0      
       ull_div_t2.obj                 500     0         0      
       fd_add_t2.obj                  438     0         0      
       fd_div_t2.obj                  310     0         0      
       fd_cmp_t2.obj                  268     0         0      
       ctype.obj                      0       257       0      
       fd_mul_t2.obj                  252     0         0      
       s_scalbn.obj                   252     0         0      
       s_floor.obj                    248     0         0      
       memcpy_t2.obj                  156     0         0      
       vsnprintf.obj                  136     0         0      
       memset_t2.obj                  122     0         0      
       autoinit.obj                   112     0         0      
       copy_decompress_lzss.obj       104     0         0      
       s_frexp.obj                    100     0         0      
       exit.obj                       84      0         12     
       sprintf.obj                    96      0         0      
       boot.obj                       84      0         0      
       ltoa.obj                       84      0         0      
       atoi.obj                       76      0         0      
       cpy_tbl.obj                    76      0         0      
       fd_toi_t2.obj                  72      0         0      
       fd_tou_t2.obj                  68      0         0      
       i_tofd_t2.obj                  46      0         0      
       u_tofd_t2.obj                  32      0         0      
       _lock.obj                      20      0         8      
       memccpy.obj                    28      0         0      
       args_main.obj                  24      0         0      
       strcmp.obj                     24      0         0      
       strchr.obj                     22      0         0      
       s_copysign.obj                 20      0         0      
       strcpy.obj                     20      0         0      
       strlen.obj                     20      0         0      
       toupper.obj                    16      0         0      
       copy_decompress_none.obj       14      0         0      
       copy_zero_init.obj             12      0         0      
       errno.obj                      0       0         4      
       pre_init.obj                   4       0         0      
       stkdepth_vars.obj              0       0         4      
       mpu_init.obj                   2       0         0      
       startup.obj                    2       0         0      
    +--+------------------------------+-------+---------+---------+
       Total:                         14082   777       40     
                                                               
       Heap:                          0       0         4096   
       Stack:                         0       0         4096   
       Linker Generated:              0       95        0      
    +--+------------------------------+-------+---------+---------+
       Grand Total:                   22166   1525      9016   


LINKER GENERATED COPY TABLES

__TI_cinit_table @ 00005c88 records: 3, size/record: 8, table size: 24
	.data: load addr=00005c40, load size=0000002b bytes, run addr=200022dc, run size=00000060 bytes, compression=lzss
	.bss: load addr=00005c78, load size=00000008 bytes, run addr=20002270, run size=0000006c bytes, compression=zero_init
	.vtable: load addr=00005c80, load size=00000008 bytes, run addr=20000000, run size=0000026c bytes, compression=zero_init


LINKER GENERATED HANDLER TABLE

__TI_handler_table @ 00005c6c records: 3, size/record: 4, table size: 12
	index: 0, handler: __TI_zero_init
	index: 1, handler: __TI_decompress_lzss
	index: 2, handler: __TI_decompress_none


GLOBAL SYMBOLS: SORTED ALPHABETICALLY BY Name 

address   name                           
-------   ----                           
00004845  ADC_init                       
000048b7  ADC_read                       
20002336  Boundary                       
00005575  C$$EXIT                        
000058e7  CPUcpsie                       
20002334  Cliff                          
00001ca3  GPIOF_Handler                  
000058a9  IntMasterEnable                
00005741  IntRegister                    
000058ff  ResetISR                       
UNDEFED   SHT$$INIT_ARRAY$$Base          
UNDEFED   SHT$$INIT_ARRAY$$Limit         
00003f25  TIMER3B_Handler                
2000126c  __STACK_END                    
00001000  __STACK_SIZE                   
2000046c  __STACK_TOP                    
00001000  __SYSMEM_SIZE                  
00005c88  __TI_CINIT_Base                
00005ca0  __TI_CINIT_Limit               
00005c6c  __TI_Handler_Table_Base        
00005c78  __TI_Handler_Table_Limit       
00005385  __TI_auto_init                 
20002300  __TI_cleanup_ptr               
000053f5  __TI_decompress_lzss           
000058d9  __TI_decompress_none           
20002304  __TI_dtors_ptr                 
20002308  __TI_enable_exit_profile_output
ffffffff  __TI_pprof_out_hndl            
00000ab1  __TI_printfi                   
ffffffff  __TI_prof_data_size            
ffffffff  __TI_prof_data_start           
00000000  __TI_static_base__             
000058f3  __TI_zero_init                 
00005101  __aeabi_cdcmpeq                
00005101  __aeabi_cdcmple                
00005187  __aeabi_cdrcmple               
000056b5  __aeabi_d2iz                   
000056fd  __aeabi_d2uiz                  
0000453f  __aeabi_dadd                   
0000499d  __aeabi_ddiv                   
00004bfd  __aeabi_dmul                   
00004535  __aeabi_dsub                   
00005775  __aeabi_i2d                    
00005291  __aeabi_memclr                 
00005291  __aeabi_memclr4                
00005291  __aeabi_memclr8                
00004fdd  __aeabi_memcpy                 
00004fdd  __aeabi_memcpy4                
00004fdd  __aeabi_memcpy8                
00005293  __aeabi_memset                 
00005293  __aeabi_memset4                
00005293  __aeabi_memset8                
000057a3  __aeabi_ui2d                   
00004341  __aeabi_uldivmod               
ffffffff  __binit__                      
ffffffff  __c_args__                     
00001e31  __kernel_rem_pio2              
0000316d  __kernel_tan                   
000013ab  __mpu_init                     
2000026c  __stack                        
00005811  _args_main                     
00005521  _c_int00                       
00005a68  _ctypes_                       
20002324  _lock                          
00005867  _nop                           
0000585f  _register_lock                 
00005859  _register_unlock               
20001270  _sys_memory                    
00003a4f  _system_post_cinit             
0000590b  _system_pre_init               
20002328  _unlock                        
00005579  abort                          
200022e8  ang                            
20002338  angle                          
0000561d  atoi                           
ffffffff  binit                          
00002e11  calloc                         
00003917  checkAll                       
00003cd5  closeTo                        
0000413d  comCheck                       
00005669  copy_in                        
0000586d  copysign                       
0000586d  copysignl                      
2000231c  curr_time                      
200022ec  dist                           
2000232c  errno                          
00005581  exit                           
00002e41  exp                            
00002e41  expl                           
00005247  flash_leds                     
00004df5  floor                          
00004df5  floorl                         
00002b5b  free                           
0000545d  frexp                          
0000545d  frexpl                         
20000000  g_pfnRAMVectors                
00000000  g_pfnVectors                   
00001cc5  getDegrees                     
00001a51  go_charge                      
000057df  initAll                        
0000520d  init_Songs                     
000048db  ir_getDist                     
20002318  last_time                      
000058b9  lcd_clear                      
00003625  lcd_gotoLine                   
0000348d  lcd_init                       
0000368b  lcd_printf                     
0000354d  lcd_putc                       
00003585  lcd_puts                       
000035a3  lcd_sendCommand                
000035e1  lcd_sendNibble                 
0000364d  lcd_setCursorPos               
00004cf9  ldexp                          
00004cf9  ldexpl                         
200022e4  lock                           
000055c9  ltoa                           
0000530d  main                           
20002330  main_func_sp                   
00002af1  malloc                         
00002d25  memalign                       
000057c3  memccpy                        
00004fdd  memcpy                         
00005299  memset                         
00002a71  minit                          
000038b5  move_backward                  
00003779  move_forward                   
000013ad  oi_alloc                       
00001b7b  oi_checkFirmware               
00001403  oi_close                       
000013b9  oi_free                        
000013ed  oi_init                        
000013c9  oi_init_noupdate               
000019e7  oi_loadSong                    
000057f7  oi_parseInt                    
00001467  oi_parsePacket                 
00001a3d  oi_play_song                   
00001961  oi_setLeds                     
000019a5  oi_setWheels                   
00001c31  oi_shutoff_init                
00001a5f  oi_uartInit                    
00001b03  oi_uartReceive                 
00001b49  oi_uartSendBuff                
00001ae7  oi_uartSendChar                
00001b2b  oi_uartSendStr                 
00001415  oi_update                      
0000523b  playSong                       
0000404b  pulse_getDist                  
00003f51  pulse_init                     
00002c1b  realloc                        
00004cf9  scalbn                         
00004cf9  scalbnl                        
00003c3b  sendInfo                       
00004005  send_pulse                     
00003d9f  sensors_CheckBorder            
00003d01  sensors_CheckCliff             
00004f75  servo_getAngle                 
00004eed  servo_init                     
00004f7b  servo_moveServo                
200022e0  spdH                           
200022dc  spdL                           
000054c1  sprintf                        
0000390b  stop                           
00005841  strchr                         
00005829  strcmp                         
00005881  strcpy                         
00005895  strlen                         
00003a51  sweep                          
00002569  tan                            
00002569  tanl                           
000047fd  timer_getClock                 
000047b1  timer_startClock               
0000474b  timer_startTimer               
00004803  timer_stopClock                
0000479b  timer_stopTimer                
00004721  timer_waitMicros               
000046ed  timer_waitMillis               
000058c9  toupper                        
0000381d  turn_ccw                       
00003869  turn_cw                        
00004ad5  uart_init                      
00004b79  uart_receive                   
00004b5d  uart_sendChar                  
00004b9f  uart_sendStr                   
20002320  update_flag                    
00005079  vsnprintf                      


GLOBAL SYMBOLS: SORTED BY Symbol Address 

address   name                           
-------   ----                           
00000000  __TI_static_base__             
00000000  g_pfnVectors                   
00000ab1  __TI_printfi                   
00001000  __STACK_SIZE                   
00001000  __SYSMEM_SIZE                  
000013ab  __mpu_init                     
000013ad  oi_alloc                       
000013b9  oi_free                        
000013c9  oi_init_noupdate               
000013ed  oi_init                        
00001403  oi_close                       
00001415  oi_update                      
00001467  oi_parsePacket                 
00001961  oi_setLeds                     
000019a5  oi_setWheels                   
000019e7  oi_loadSong                    
00001a3d  oi_play_song                   
00001a51  go_charge                      
00001a5f  oi_uartInit                    
00001ae7  oi_uartSendChar                
00001b03  oi_uartReceive                 
00001b2b  oi_uartSendStr                 
00001b49  oi_uartSendBuff                
00001b7b  oi_checkFirmware               
00001c31  oi_shutoff_init                
00001ca3  GPIOF_Handler                  
00001cc5  getDegrees                     
00001e31  __kernel_rem_pio2              
00002569  tan                            
00002569  tanl                           
00002a71  minit                          
00002af1  malloc                         
00002b5b  free                           
00002c1b  realloc                        
00002d25  memalign                       
00002e11  calloc                         
00002e41  exp                            
00002e41  expl                           
0000316d  __kernel_tan                   
0000348d  lcd_init                       
0000354d  lcd_putc                       
00003585  lcd_puts                       
000035a3  lcd_sendCommand                
000035e1  lcd_sendNibble                 
00003625  lcd_gotoLine                   
0000364d  lcd_setCursorPos               
0000368b  lcd_printf                     
00003779  move_forward                   
0000381d  turn_ccw                       
00003869  turn_cw                        
000038b5  move_backward                  
0000390b  stop                           
00003917  checkAll                       
00003a4f  _system_post_cinit             
00003a51  sweep                          
00003c3b  sendInfo                       
00003cd5  closeTo                        
00003d01  sensors_CheckCliff             
00003d9f  sensors_CheckBorder            
00003f25  TIMER3B_Handler                
00003f51  pulse_init                     
00004005  send_pulse                     
0000404b  pulse_getDist                  
0000413d  comCheck                       
00004341  __aeabi_uldivmod               
00004535  __aeabi_dsub                   
0000453f  __aeabi_dadd                   
000046ed  timer_waitMillis               
00004721  timer_waitMicros               
0000474b  timer_startTimer               
0000479b  timer_stopTimer                
000047b1  timer_startClock               
000047fd  timer_getClock                 
00004803  timer_stopClock                
00004845  ADC_init                       
000048b7  ADC_read                       
000048db  ir_getDist                     
0000499d  __aeabi_ddiv                   
00004ad5  uart_init                      
00004b5d  uart_sendChar                  
00004b79  uart_receive                   
00004b9f  uart_sendStr                   
00004bfd  __aeabi_dmul                   
00004cf9  ldexp                          
00004cf9  ldexpl                         
00004cf9  scalbn                         
00004cf9  scalbnl                        
00004df5  floor                          
00004df5  floorl                         
00004eed  servo_init                     
00004f75  servo_getAngle                 
00004f7b  servo_moveServo                
00004fdd  __aeabi_memcpy                 
00004fdd  __aeabi_memcpy4                
00004fdd  __aeabi_memcpy8                
00004fdd  memcpy                         
00005079  vsnprintf                      
00005101  __aeabi_cdcmpeq                
00005101  __aeabi_cdcmple                
00005187  __aeabi_cdrcmple               
0000520d  init_Songs                     
0000523b  playSong                       
00005247  flash_leds                     
00005291  __aeabi_memclr                 
00005291  __aeabi_memclr4                
00005291  __aeabi_memclr8                
00005293  __aeabi_memset                 
00005293  __aeabi_memset4                
00005293  __aeabi_memset8                
00005299  memset                         
0000530d  main                           
00005385  __TI_auto_init                 
000053f5  __TI_decompress_lzss           
0000545d  frexp                          
0000545d  frexpl                         
000054c1  sprintf                        
00005521  _c_int00                       
00005575  C$$EXIT                        
00005579  abort                          
00005581  exit                           
000055c9  ltoa                           
0000561d  atoi                           
00005669  copy_in                        
000056b5  __aeabi_d2iz                   
000056fd  __aeabi_d2uiz                  
00005741  IntRegister                    
00005775  __aeabi_i2d                    
000057a3  __aeabi_ui2d                   
000057c3  memccpy                        
000057df  initAll                        
000057f7  oi_parseInt                    
00005811  _args_main                     
00005829  strcmp                         
00005841  strchr                         
00005859  _register_unlock               
0000585f  _register_lock                 
00005867  _nop                           
0000586d  copysign                       
0000586d  copysignl                      
00005881  strcpy                         
00005895  strlen                         
000058a9  IntMasterEnable                
000058b9  lcd_clear                      
000058c9  toupper                        
000058d9  __TI_decompress_none           
000058e7  CPUcpsie                       
000058f3  __TI_zero_init                 
000058ff  ResetISR                       
0000590b  _system_pre_init               
00005a68  _ctypes_                       
00005c6c  __TI_Handler_Table_Base        
00005c78  __TI_Handler_Table_Limit       
00005c88  __TI_CINIT_Base                
00005ca0  __TI_CINIT_Limit               
20000000  g_pfnRAMVectors                
2000026c  __stack                        
2000046c  __STACK_TOP                    
2000126c  __STACK_END                    
20001270  _sys_memory                    
200022dc  spdL                           
200022e0  spdH                           
200022e4  lock                           
200022e8  ang                            
200022ec  dist                           
20002300  __TI_cleanup_ptr               
20002304  __TI_dtors_ptr                 
20002308  __TI_enable_exit_profile_output
20002318  last_time                      
2000231c  curr_time                      
20002320  update_flag                    
20002324  _lock                          
20002328  _unlock                        
2000232c  errno                          
20002330  main_func_sp                   
20002334  Cliff                          
20002336  Boundary                       
20002338  angle                          
ffffffff  __TI_pprof_out_hndl            
ffffffff  __TI_prof_data_size            
ffffffff  __TI_prof_data_start           
ffffffff  __binit__                      
ffffffff  __c_args__                     
ffffffff  binit                          
UNDEFED   SHT$$INIT_ARRAY$$Base          
UNDEFED   SHT$$INIT_ARRAY$$Limit         

[185 symbols]
