******************************************************************************
                  TI ARM Linker PC v16.9.6                     
******************************************************************************
>> Linked Sun Apr 15 21:52:02 2018

OUTPUT FILE NAME:   <Project.out>
ENTRY POINT SYMBOL: "_c_int00"  address: 00004019


MEMORY CONFIGURATION

         name            origin    length      used     unused   attr    fill
----------------------  --------  ---------  --------  --------  ----  --------
  FLASH                 00000000   00040000  000045c6  0003ba3a  R  X
  SRAM                  20000000   00008000  0000232c  00005cd4  RW X


SEGMENT ALLOCATION MAP

run origin  load origin   length   init length attrs members
----------  ----------- ---------- ----------- ----- -------
00000000    00000000    000045d0   000045d0    r-x
  00000000    00000000    0000026c   0000026c    r-- .intvecs
  0000026c    0000026c    000041ae   000041ae    r-x .text
  00004420    00004420    00000154   00000154    r-- .const
  00004578    00004578    00000058   00000058    r-- .cinit
20000000    20000000    00002330   00000000    rw-
  20000000    20000000    0000026c   00000000    rw- .vtable
  2000026c    2000026c    00001000   00000000    rw- .stack
  20001270    20001270    00001000   00000000    rw- .sysmem
  20002270    20002270    0000006c   00000000    rw- .bss
  200022dc    200022dc    00000054   00000000    rw- .data


SECTION ALLOCATION MAP

 output                                  attributes/
section   page    origin      length       input sections
--------  ----  ----------  ----------   ----------------
.intvecs   0    00000000    0000026c     
                  00000000    0000026c     tm4c123gh6pm_startup_ccs.obj (.intvecs)

.text      0    0000026c    000041ae     
                  0000026c    0000113e     rtsv7M4_T_le_v4SPD16_eabi.lib : _printfi.obj (.text)
                  000013aa    00000002                                   : mpu_init.obj (.text)
                  000013ac    00000a84     open_interface.obj (.text)
                  00001e30    000003d0     rtsv7M4_T_le_v4SPD16_eabi.lib : memory.obj (.text)
                  00002200    0000032c                                   : e_exp.obj (.text)
                  0000252c    000002ec     lcd.obj (.text)
                  00002818    00000278     sensors.obj (.text)
                  00002a90    00000218     movement.obj (.text)
                  00002ca8    00000218     pulse.obj (.text)
                  00002ec0    000001f4     rtsv7M4_T_le_v4SPD16_eabi.lib : ull_div_t2.obj (.text)
                  000030b4    000001b6                                   : fd_add_t2.obj (.text)
                  0000326a    00000002                                   : startup.obj (.text)
                  0000326c    0000018c     communication.obj (.text)
                  000033f8    00000158     Timer.obj (.text)
                  00003550    0000014c     ir.obj (.text)
                  0000369c    00000136     rtsv7M4_T_le_v4SPD16_eabi.lib : fd_div_t2.obj (.text)
                  000037d2    00000002     --HOLE-- [fill = 0]
                  000037d4    00000128     uart.obj (.text)
                  000038fc    000000fc     rtsv7M4_T_le_v4SPD16_eabi.lib : fd_mul_t2.obj (.text)
                  000039f8    000000fc                                   : s_scalbn.obj (.text)
                  00003af4    0000009c                                   : memcpy_t2.obj (.text)
                  00003b90    00000088                                   : vsnprintf.obj (.text)
                  00003c18    00000086                                   : fd_cmp_t2.obj (.text:__aeabi_cdcmple)
                  00003c9e    00000086                                   : fd_cmp_t2.obj (.text:__aeabi_cdrcmple)
                  00003d24    00000084     entertainment.obj (.text)
                  00003da8    0000007a     rtsv7M4_T_le_v4SPD16_eabi.lib : memset_t2.obj (.text)
                  00003e22    00000002     --HOLE-- [fill = 0]
                  00003e24    00000070                                   : autoinit.obj (.text)
                  00003e94    00000068                                   : copy_decompress_lzss.obj (.text:decompress:lzss)
                  00003efc    00000064                                   : s_frexp.obj (.text)
                  00003f60    00000060                                   : sprintf.obj (.text)
                  00003fc0    00000056     main.obj (.text)
                  00004016    00000002     --HOLE-- [fill = 0]
                  00004018    00000054     rtsv7M4_T_le_v4SPD16_eabi.lib : boot.obj (.text)
                  0000406c    00000054                                   : exit.obj (.text)
                  000040c0    00000054                                   : ltoa.obj (.text)
                  00004114    0000004c                                   : atoi.obj (.text)
                  00004160    0000004c                                   : cpy_tbl.obj (.text)
                  000041ac    00000048                                   : fd_toi_t2.obj (.text)
                  000041f4    00000044                                   : fd_tou_t2.obj (.text)
                  00004238    00000034     driverlib.lib : interrupt.obj (.text:IntRegister)
                  0000426c    0000002e     init.obj (.text)
                  0000429a    0000002e     rtsv7M4_T_le_v4SPD16_eabi.lib : i_tofd_t2.obj (.text)
                  000042c8    00000020                                   : u_tofd_t2.obj (.text)
                  000042e8    0000001c                                   : memccpy.obj (.text)
                  00004304    00000018     open_interface.obj (.text:oi_parseInt)
                  0000431c    00000018     rtsv7M4_T_le_v4SPD16_eabi.lib : args_main.obj (.text)
                  00004334    00000018                                   : strcmp.obj (.text)
                  0000434c    00000016                                   : strchr.obj (.text)
                  00004362    00000002     --HOLE-- [fill = 0]
                  00004364    00000014                                   : _lock.obj (.text)
                  00004378    00000014                                   : s_copysign.obj (.text)
                  0000438c    00000014                                   : strcpy.obj (.text)
                  000043a0    00000014                                   : strlen.obj (.text)
                  000043b4    00000010     driverlib.lib : interrupt.obj (.text:IntMasterEnable)
                  000043c4    00000010     lcd.obj (.text:lcd_clear)
                  000043d4    00000010     rtsv7M4_T_le_v4SPD16_eabi.lib : toupper.obj (.text)
                  000043e4    0000000e                                   : copy_decompress_none.obj (.text:decompress:none)
                  000043f2    0000000c     driverlib.lib : cpu.obj (.text:CPUcpsie)
                  000043fe    0000000c     rtsv7M4_T_le_v4SPD16_eabi.lib : copy_zero_init.obj (.text:decompress:ZI)
                  0000440a    0000000c     tm4c123gh6pm_startup_ccs.obj (.text)
                  00004416    00000004     rtsv7M4_T_le_v4SPD16_eabi.lib : pre_init.obj (.text)

.const     0    00004420    00000154     
                  00004420    00000101     rtsv7M4_T_le_v4SPD16_eabi.lib : ctype.obj (.const:.string:_ctypes_)
                  00004521    00000005     entertainment.obj (.const:.string:$P$T0$1)
                  00004526    00000002     --HOLE-- [fill = 0]
                  00004528    00000030     rtsv7M4_T_le_v4SPD16_eabi.lib : e_exp.obj (.const:$O1$$)
                  00004558    0000000f     open_interface.obj (.const:.string:$P$T0$3)
                  00004567    00000005     entertainment.obj (.const:.string:$P$T1$2)
                  0000456c    00000004     lcd.obj (.const:.string:lineAddress$1)
                  00004570    00000004     lcd.obj (.const:.string:lineAddresses$2)

.cinit     0    00004578    00000058     
                  00004578    00000024     (.cinit..data.load) [load image, compression = lzss]
                  0000459c    0000000c     (__TI_handler_table)
                  000045a8    00000008     (.cinit..bss.load) [load image, compression = zero_init]
                  000045b0    00000008     (.cinit..vtable.load) [load image, compression = zero_init]
                  000045b8    00000018     (__TI_cinit_table)

.init_array 
*          0    00000000    00000000     UNINITIALIZED

.vtable    0    20000000    0000026c     UNINITIALIZED
                  20000000    0000026c     driverlib.lib : interrupt.obj (.vtable)

.stack     0    2000026c    00001000     UNINITIALIZED
                  2000026c    00001000     --HOLE--

.sysmem    0    20001270    00001000     UNINITIALIZED
                  20001270    00000008     rtsv7M4_T_le_v4SPD16_eabi.lib : memory.obj (.sysmem)
                  20001278    00000ff8     --HOLE--

.bss       0    20002270    0000006c     UNINITIALIZED
                  20002270    00000054     lcd.obj (.bss:lastbuffer$3)
                  200022c4    00000018     open_interface.obj (.bss:firmware$2)

.data      0    200022dc    00000054     UNINITIALIZED
                  200022dc    00000010     open_interface.obj (.data)
                  200022ec    0000000c     rtsv7M4_T_le_v4SPD16_eabi.lib : exit.obj (.data:$O1$$)
                  200022f8    0000000c                                   : memory.obj (.data:$O1$$)
                  20002304    0000000c     pulse.obj (.data)
                  20002310    00000009     communication.obj (.data)
                  20002319    00000003     --HOLE--
                  2000231c    00000008     rtsv7M4_T_le_v4SPD16_eabi.lib : _lock.obj (.data:$O1$$)
                  20002324    00000004                                   : errno.obj (.data)
                  20002328    00000004                                   : stkdepth_vars.obj (.data)
                  2000232c    00000004     sensors.obj (.data)

MODULE SUMMARY

       Module                         code    ro data   rw data
       ------                         ----    -------   -------
    .\
       open_interface.obj             2716    15        40     
       lcd.obj                        764     8         84     
       sensors.obj                    632     0         4      
       tm4c123gh6pm_startup_ccs.obj   12      620       0      
       pulse.obj                      536     0         12     
       movement.obj                   536     0         0      
       communication.obj              396     0         9      
       Timer.obj                      344     0         0      
       ir.obj                         332     0         0      
       uart.obj                       296     0         0      
       entertainment.obj              132     10        0      
       main.obj                       86      0         0      
       init.obj                       46      0         0      
    +--+------------------------------+-------+---------+---------+
       Total:                         6828    653       149    
                                                               
    C:/ti/TivaWare_C_Series-2.1.2.111/driverlib/ccs/Debug/driverlib.lib
       interrupt.obj                  68      0         620    
       cpu.obj                        12      0         0      
    +--+------------------------------+-------+---------+---------+
       Total:                         80      0         620    
                                                               
    C:\ti\ccsv7\tools\compiler\ti-cgt-arm_16.9.6.LTS\lib\rtsv7M4_T_le_v4SPD16_eabi.lib
       _printfi.obj                   4414    0         0      
       memory.obj                     976     0         12     
       e_exp.obj                      812     48        0      
       ull_div_t2.obj                 500     0         0      
       fd_add_t2.obj                  438     0         0      
       fd_div_t2.obj                  310     0         0      
       fd_cmp_t2.obj                  268     0         0      
       ctype.obj                      0       257       0      
       fd_mul_t2.obj                  252     0         0      
       s_scalbn.obj                   252     0         0      
       memcpy_t2.obj                  156     0         0      
       vsnprintf.obj                  136     0         0      
       memset_t2.obj                  122     0         0      
       autoinit.obj                   112     0         0      
       copy_decompress_lzss.obj       104     0         0      
       s_frexp.obj                    100     0         0      
       exit.obj                       84      0         12     
       sprintf.obj                    96      0         0      
       boot.obj                       84      0         0      
       ltoa.obj                       84      0         0      
       atoi.obj                       76      0         0      
       cpy_tbl.obj                    76      0         0      
       fd_toi_t2.obj                  72      0         0      
       fd_tou_t2.obj                  68      0         0      
       i_tofd_t2.obj                  46      0         0      
       u_tofd_t2.obj                  32      0         0      
       _lock.obj                      20      0         8      
       memccpy.obj                    28      0         0      
       args_main.obj                  24      0         0      
       strcmp.obj                     24      0         0      
       strchr.obj                     22      0         0      
       s_copysign.obj                 20      0         0      
       strcpy.obj                     20      0         0      
       strlen.obj                     20      0         0      
       toupper.obj                    16      0         0      
       copy_decompress_none.obj       14      0         0      
       copy_zero_init.obj             12      0         0      
       errno.obj                      0       0         4      
       pre_init.obj                   4       0         0      
       stkdepth_vars.obj              0       0         4      
       mpu_init.obj                   2       0         0      
       startup.obj                    2       0         0      
    +--+------------------------------+-------+---------+---------+
       Total:                         9898    305       40     
                                                               
       Heap:                          0       0         4096   
       Stack:                         0       0         4096   
       Linker Generated:              0       88        0      
    +--+------------------------------+-------+---------+---------+
       Grand Total:                   16806   1046      9001   


LINKER GENERATED COPY TABLES

__TI_cinit_table @ 000045b8 records: 3, size/record: 8, table size: 24
	.data: load addr=00004578, load size=00000024 bytes, run addr=200022dc, run size=00000054 bytes, compression=lzss
	.bss: load addr=000045a8, load size=00000008 bytes, run addr=20002270, run size=0000006c bytes, compression=zero_init
	.vtable: load addr=000045b0, load size=00000008 bytes, run addr=20000000, run size=0000026c bytes, compression=zero_init


LINKER GENERATED HANDLER TABLE

__TI_handler_table @ 0000459c records: 3, size/record: 4, table size: 12
	index: 0, handler: __TI_zero_init
	index: 1, handler: __TI_decompress_lzss
	index: 2, handler: __TI_decompress_none


GLOBAL SYMBOLS: SORTED ALPHABETICALLY BY Name 

address   name                           
-------   ----                           
00003551  ADC_init                       
000035c3  ADC_read                       
2000232e  Boundary                       
0000406d  C$$EXIT                        
000043f3  CPUcpsie                       
2000232c  Cliff                          
00001ca3  GPIOF_Handler                  
000043b5  IntMasterEnable                
00004239  IntRegister                    
0000440b  ResetISR                       
UNDEFED   SHT$$INIT_ARRAY$$Base          
UNDEFED   SHT$$INIT_ARRAY$$Limit         
00002ca9  TIMER3B_Handler                
2000126c  __STACK_END                    
00001000  __STACK_SIZE                   
2000046c  __STACK_TOP                    
00001000  __SYSMEM_SIZE                  
000045b8  __TI_CINIT_Base                
000045d0  __TI_CINIT_Limit               
0000459c  __TI_Handler_Table_Base        
000045a8  __TI_Handler_Table_Limit       
00003e25  __TI_auto_init                 
200022ec  __TI_cleanup_ptr               
00003e95  __TI_decompress_lzss           
000043e5  __TI_decompress_none           
200022f0  __TI_dtors_ptr                 
200022f4  __TI_enable_exit_profile_output
ffffffff  __TI_pprof_out_hndl            
00000ab1  __TI_printfi                   
ffffffff  __TI_prof_data_size            
ffffffff  __TI_prof_data_start           
00000000  __TI_static_base__             
000043ff  __TI_zero_init                 
00003c19  __aeabi_cdcmpeq                
00003c19  __aeabi_cdcmple                
00003c9f  __aeabi_cdrcmple               
000041ad  __aeabi_d2iz                   
000041f5  __aeabi_d2uiz                  
000030bf  __aeabi_dadd                   
0000369d  __aeabi_ddiv                   
000038fd  __aeabi_dmul                   
000030b5  __aeabi_dsub                   
0000429b  __aeabi_i2d                    
00003da9  __aeabi_memclr                 
00003da9  __aeabi_memclr4                
00003da9  __aeabi_memclr8                
00003af5  __aeabi_memcpy                 
00003af5  __aeabi_memcpy4                
00003af5  __aeabi_memcpy8                
00003dab  __aeabi_memset                 
00003dab  __aeabi_memset4                
00003dab  __aeabi_memset8                
000042c9  __aeabi_ui2d                   
00002ec1  __aeabi_uldivmod               
ffffffff  __binit__                      
ffffffff  __c_args__                     
000013ab  __mpu_init                     
2000026c  __stack                        
0000431d  _args_main                     
00004019  _c_int00                       
00004420  _ctypes_                       
2000231c  _lock                          
00004373  _nop                           
0000436b  _register_lock                 
00004365  _register_unlock               
20001270  _sys_memory                    
0000326b  _system_post_cinit             
00004417  _system_pre_init               
20002320  _unlock                        
00004071  abort                          
00004115  atoi                           
ffffffff  binit                          
000021d1  calloc                         
00002c0d  checkAll                       
00002819  closeTo                        
0000326d  comCheck                       
00004161  copy_in                        
00004379  copysign                       
00004379  copysignl                      
20002308  curr_time                      
20002324  errno                          
00004079  exit                           
00002201  exp                            
00002201  expl                           
00003d5f  flash_leds                     
00001f1b  free                           
00003efd  frexp                          
00003efd  frexpl                         
20000000  g_pfnRAMVectors                
00000000  g_pfnVectors                   
00001cc5  getDegrees                     
00001a51  go_charge                      
0000426d  initAll                        
00003d25  init_Songs                     
000035e7  ir_getDist                     
20002304  last_time                      
000043c5  lcd_clear                      
000026c5  lcd_gotoLine                   
0000252d  lcd_init                       
0000272b  lcd_printf                     
000025ed  lcd_putc                       
00002625  lcd_puts                       
00002643  lcd_sendCommand                
00002681  lcd_sendNibble                 
000026ed  lcd_setCursorPos               
000039f9  ldexp                          
000039f9  ldexpl                         
20002318  lock                           
000040c1  ltoa                           
00003fc1  main                           
20002328  main_func_sp                   
00001eb1  malloc                         
000020e5  memalign                       
000042e9  memccpy                        
00003af5  memcpy                         
00003db1  memset                         
00001e31  minit                          
00002ba7  move_backward                  
00002a91  move_forward                   
000013ad  oi_alloc                       
00001b7b  oi_checkFirmware               
00001403  oi_close                       
000013b9  oi_free                        
000013ed  oi_init                        
000013c9  oi_init_noupdate               
000019e7  oi_loadSong                    
00004305  oi_parseInt                    
00001467  oi_parsePacket                 
00001a3d  oi_play_song                   
00001961  oi_setLeds                     
000019a5  oi_setWheels                   
00001c31  oi_shutoff_init                
00001a5f  oi_uartInit                    
00001b03  oi_uartReceive                 
00001b49  oi_uartSendBuff                
00001ae7  oi_uartSendChar                
00001b2b  oi_uartSendStr                 
00001415  oi_update                      
00003d53  playSong                       
00002dcf  pulse_getDist                  
00002cd5  pulse_init                     
00001fdb  realloc                        
000039f9  scalbn                         
000039f9  scalbnl                        
00002d89  send_pulse                     
000028e3  sensors_CheckBorder            
00002845  sensors_CheckCliff             
20002314  spdH                           
20002310  spdL                           
00003f61  sprintf                        
00002c01  stop                           
0000434d  strchr                         
00004335  strcmp                         
0000438d  strcpy                         
000043a1  strlen                         
00003509  timer_getClock                 
000034bd  timer_startClock               
00003457  timer_startTimer               
0000350f  timer_stopClock                
000034a7  timer_stopTimer                
0000342d  timer_waitMicros               
000033f9  timer_waitMillis               
000043d5  toupper                        
00002b0f  turn_ccw                       
00002b5d  turn_cw                        
000037d5  uart_init                      
00003879  uart_receive                   
0000385d  uart_sendChar                  
0000389f  uart_sendStr                   
2000230c  update_flag                    
00003b91  vsnprintf                      


GLOBAL SYMBOLS: SORTED BY Symbol Address 

address   name                           
-------   ----                           
00000000  __TI_static_base__             
00000000  g_pfnVectors                   
00000ab1  __TI_printfi                   
00001000  __STACK_SIZE                   
00001000  __SYSMEM_SIZE                  
000013ab  __mpu_init                     
000013ad  oi_alloc                       
000013b9  oi_free                        
000013c9  oi_init_noupdate               
000013ed  oi_init                        
00001403  oi_close                       
00001415  oi_update                      
00001467  oi_parsePacket                 
00001961  oi_setLeds                     
000019a5  oi_setWheels                   
000019e7  oi_loadSong                    
00001a3d  oi_play_song                   
00001a51  go_charge                      
00001a5f  oi_uartInit                    
00001ae7  oi_uartSendChar                
00001b03  oi_uartReceive                 
00001b2b  oi_uartSendStr                 
00001b49  oi_uartSendBuff                
00001b7b  oi_checkFirmware               
00001c31  oi_shutoff_init                
00001ca3  GPIOF_Handler                  
00001cc5  getDegrees                     
00001e31  minit                          
00001eb1  malloc                         
00001f1b  free                           
00001fdb  realloc                        
000020e5  memalign                       
000021d1  calloc                         
00002201  exp                            
00002201  expl                           
0000252d  lcd_init                       
000025ed  lcd_putc                       
00002625  lcd_puts                       
00002643  lcd_sendCommand                
00002681  lcd_sendNibble                 
000026c5  lcd_gotoLine                   
000026ed  lcd_setCursorPos               
0000272b  lcd_printf                     
00002819  closeTo                        
00002845  sensors_CheckCliff             
000028e3  sensors_CheckBorder            
00002a91  move_forward                   
00002b0f  turn_ccw                       
00002b5d  turn_cw                        
00002ba7  move_backward                  
00002c01  stop                           
00002c0d  checkAll                       
00002ca9  TIMER3B_Handler                
00002cd5  pulse_init                     
00002d89  send_pulse                     
00002dcf  pulse_getDist                  
00002ec1  __aeabi_uldivmod               
000030b5  __aeabi_dsub                   
000030bf  __aeabi_dadd                   
0000326b  _system_post_cinit             
0000326d  comCheck                       
000033f9  timer_waitMillis               
0000342d  timer_waitMicros               
00003457  timer_startTimer               
000034a7  timer_stopTimer                
000034bd  timer_startClock               
00003509  timer_getClock                 
0000350f  timer_stopClock                
00003551  ADC_init                       
000035c3  ADC_read                       
000035e7  ir_getDist                     
0000369d  __aeabi_ddiv                   
000037d5  uart_init                      
0000385d  uart_sendChar                  
00003879  uart_receive                   
0000389f  uart_sendStr                   
000038fd  __aeabi_dmul                   
000039f9  ldexp                          
000039f9  ldexpl                         
000039f9  scalbn                         
000039f9  scalbnl                        
00003af5  __aeabi_memcpy                 
00003af5  __aeabi_memcpy4                
00003af5  __aeabi_memcpy8                
00003af5  memcpy                         
00003b91  vsnprintf                      
00003c19  __aeabi_cdcmpeq                
00003c19  __aeabi_cdcmple                
00003c9f  __aeabi_cdrcmple               
00003d25  init_Songs                     
00003d53  playSong                       
00003d5f  flash_leds                     
00003da9  __aeabi_memclr                 
00003da9  __aeabi_memclr4                
00003da9  __aeabi_memclr8                
00003dab  __aeabi_memset                 
00003dab  __aeabi_memset4                
00003dab  __aeabi_memset8                
00003db1  memset                         
00003e25  __TI_auto_init                 
00003e95  __TI_decompress_lzss           
00003efd  frexp                          
00003efd  frexpl                         
00003f61  sprintf                        
00003fc1  main                           
00004019  _c_int00                       
0000406d  C$$EXIT                        
00004071  abort                          
00004079  exit                           
000040c1  ltoa                           
00004115  atoi                           
00004161  copy_in                        
000041ad  __aeabi_d2iz                   
000041f5  __aeabi_d2uiz                  
00004239  IntRegister                    
0000426d  initAll                        
0000429b  __aeabi_i2d                    
000042c9  __aeabi_ui2d                   
000042e9  memccpy                        
00004305  oi_parseInt                    
0000431d  _args_main                     
00004335  strcmp                         
0000434d  strchr                         
00004365  _register_unlock               
0000436b  _register_lock                 
00004373  _nop                           
00004379  copysign                       
00004379  copysignl                      
0000438d  strcpy                         
000043a1  strlen                         
000043b5  IntMasterEnable                
000043c5  lcd_clear                      
000043d5  toupper                        
000043e5  __TI_decompress_none           
000043f3  CPUcpsie                       
000043ff  __TI_zero_init                 
0000440b  ResetISR                       
00004417  _system_pre_init               
00004420  _ctypes_                       
0000459c  __TI_Handler_Table_Base        
000045a8  __TI_Handler_Table_Limit       
000045b8  __TI_CINIT_Base                
000045d0  __TI_CINIT_Limit               
20000000  g_pfnRAMVectors                
2000026c  __stack                        
2000046c  __STACK_TOP                    
2000126c  __STACK_END                    
20001270  _sys_memory                    
200022ec  __TI_cleanup_ptr               
200022f0  __TI_dtors_ptr                 
200022f4  __TI_enable_exit_profile_output
20002304  last_time                      
20002308  curr_time                      
2000230c  update_flag                    
20002310  spdL                           
20002314  spdH                           
20002318  lock                           
2000231c  _lock                          
20002320  _unlock                        
20002324  errno                          
20002328  main_func_sp                   
2000232c  Cliff                          
2000232e  Boundary                       
ffffffff  __TI_pprof_out_hndl            
ffffffff  __TI_prof_data_size            
ffffffff  __TI_prof_data_start           
ffffffff  __binit__                      
ffffffff  __c_args__                     
ffffffff  binit                          
UNDEFED   SHT$$INIT_ARRAY$$Base          
UNDEFED   SHT$$INIT_ARRAY$$Limit         

[171 symbols]
