<?xml version="1.0"?>
<link_info>
   <banner>TI ARM Linker PC v16.9.6.LTS</banner>
   <copyright>Copyright (c) 1996-2017 Texas Instruments Incorporated</copyright>
   <link_time>0x5a68dec7</link_time>
   <link_errors>0x0</link_errors>
   <output_file>helloworldTrial.out</output_file>
   <entry_point>
      <name>_c_int00</name>
      <address>0x34d9</address>
   </entry_point>
   <input_file_list>
      <input_file id="fl-2">
         <path>.\</path>
         <kind>object</kind>
         <file>Timer.obj</file>
         <name>Timer.obj</name>
      </input_file>
      <input_file id="fl-3">
         <path>.\</path>
         <kind>object</kind>
         <file>helloworld.obj</file>
         <name>helloworld.obj</name>
      </input_file>
      <input_file id="fl-4">
         <path>.\</path>
         <kind>object</kind>
         <file>lcd.obj</file>
         <name>lcd.obj</name>
      </input_file>
      <input_file id="fl-5">
         <path>.\</path>
         <kind>object</kind>
         <file>tm4c123gh6pm_startup_ccs.obj</file>
         <name>tm4c123gh6pm_startup_ccs.obj</name>
      </input_file>
      <input_file id="fl-a">
         <kind>object</kind>
         <file>&lt;internal&gt;</file>
         <name>&lt;internal&gt;</name>
      </input_file>
      <input_file id="fl-c0">
         <path>C:\ti\ccsv7\tools\compiler\ti-cgt-arm_16.9.6.LTS\lib\</path>
         <kind>archive</kind>
         <file>rtsv7M4_T_le_v4SPD16_eabi.lib</file>
         <name>boot.obj</name>
      </input_file>
      <input_file id="fl-c1">
         <path>C:\ti\ccsv7\tools\compiler\ti-cgt-arm_16.9.6.LTS\lib\</path>
         <kind>archive</kind>
         <file>rtsv7M4_T_le_v4SPD16_eabi.lib</file>
         <name>copy_decompress_lzss.obj</name>
      </input_file>
      <input_file id="fl-c2">
         <path>C:\ti\ccsv7\tools\compiler\ti-cgt-arm_16.9.6.LTS\lib\</path>
         <kind>archive</kind>
         <file>rtsv7M4_T_le_v4SPD16_eabi.lib</file>
         <name>copy_decompress_none.obj</name>
      </input_file>
      <input_file id="fl-c3">
         <path>C:\ti\ccsv7\tools\compiler\ti-cgt-arm_16.9.6.LTS\lib\</path>
         <kind>archive</kind>
         <file>rtsv7M4_T_le_v4SPD16_eabi.lib</file>
         <name>copy_zero_init.obj</name>
      </input_file>
      <input_file id="fl-c4">
         <path>C:\ti\ccsv7\tools\compiler\ti-cgt-arm_16.9.6.LTS\lib\</path>
         <kind>archive</kind>
         <file>rtsv7M4_T_le_v4SPD16_eabi.lib</file>
         <name>exit.obj</name>
      </input_file>
      <input_file id="fl-c5">
         <path>C:\ti\ccsv7\tools\compiler\ti-cgt-arm_16.9.6.LTS\lib\</path>
         <kind>archive</kind>
         <file>rtsv7M4_T_le_v4SPD16_eabi.lib</file>
         <name>memcpy_t2.obj</name>
      </input_file>
      <input_file id="fl-c6">
         <path>C:\ti\ccsv7\tools\compiler\ti-cgt-arm_16.9.6.LTS\lib\</path>
         <kind>archive</kind>
         <file>rtsv7M4_T_le_v4SPD16_eabi.lib</file>
         <name>memset_t2.obj</name>
      </input_file>
      <input_file id="fl-c7">
         <path>C:\ti\ccsv7\tools\compiler\ti-cgt-arm_16.9.6.LTS\lib\</path>
         <kind>archive</kind>
         <file>rtsv7M4_T_le_v4SPD16_eabi.lib</file>
         <name>mpu_init.obj</name>
      </input_file>
      <input_file id="fl-c8">
         <path>C:\ti\ccsv7\tools\compiler\ti-cgt-arm_16.9.6.LTS\lib\</path>
         <kind>archive</kind>
         <file>rtsv7M4_T_le_v4SPD16_eabi.lib</file>
         <name>pre_init.obj</name>
      </input_file>
      <input_file id="fl-c9">
         <path>C:\ti\ccsv7\tools\compiler\ti-cgt-arm_16.9.6.LTS\lib\</path>
         <kind>archive</kind>
         <file>rtsv7M4_T_le_v4SPD16_eabi.lib</file>
         <name>printf.obj</name>
      </input_file>
      <input_file id="fl-ca">
         <path>C:\ti\ccsv7\tools\compiler\ti-cgt-arm_16.9.6.LTS\lib\</path>
         <kind>archive</kind>
         <file>rtsv7M4_T_le_v4SPD16_eabi.lib</file>
         <name>stkdepth_vars.obj</name>
      </input_file>
      <input_file id="fl-cb">
         <path>C:\ti\ccsv7\tools\compiler\ti-cgt-arm_16.9.6.LTS\lib\</path>
         <kind>archive</kind>
         <file>rtsv7M4_T_le_v4SPD16_eabi.lib</file>
         <name>strcat.obj</name>
      </input_file>
      <input_file id="fl-cc">
         <path>C:\ti\ccsv7\tools\compiler\ti-cgt-arm_16.9.6.LTS\lib\</path>
         <kind>archive</kind>
         <file>rtsv7M4_T_le_v4SPD16_eabi.lib</file>
         <name>strcmp.obj</name>
      </input_file>
      <input_file id="fl-cd">
         <path>C:\ti\ccsv7\tools\compiler\ti-cgt-arm_16.9.6.LTS\lib\</path>
         <kind>archive</kind>
         <file>rtsv7M4_T_le_v4SPD16_eabi.lib</file>
         <name>strcpy.obj</name>
      </input_file>
      <input_file id="fl-ce">
         <path>C:\ti\ccsv7\tools\compiler\ti-cgt-arm_16.9.6.LTS\lib\</path>
         <kind>archive</kind>
         <file>rtsv7M4_T_le_v4SPD16_eabi.lib</file>
         <name>strlen.obj</name>
      </input_file>
      <input_file id="fl-cf">
         <path>C:\ti\ccsv7\tools\compiler\ti-cgt-arm_16.9.6.LTS\lib\</path>
         <kind>archive</kind>
         <file>rtsv7M4_T_le_v4SPD16_eabi.lib</file>
         <name>vla_alloc.obj</name>
      </input_file>
      <input_file id="fl-d0">
         <path>C:\ti\ccsv7\tools\compiler\ti-cgt-arm_16.9.6.LTS\lib\</path>
         <kind>archive</kind>
         <file>rtsv7M4_T_le_v4SPD16_eabi.lib</file>
         <name>vsnprintf.obj</name>
      </input_file>
      <input_file id="fl-d1">
         <path>C:\ti\ccsv7\tools\compiler\ti-cgt-arm_16.9.6.LTS\lib\</path>
         <kind>archive</kind>
         <file>rtsv7M4_T_le_v4SPD16_eabi.lib</file>
         <name>_lock.obj</name>
      </input_file>
      <input_file id="fl-d2">
         <path>C:\ti\ccsv7\tools\compiler\ti-cgt-arm_16.9.6.LTS\lib\</path>
         <kind>archive</kind>
         <file>rtsv7M4_T_le_v4SPD16_eabi.lib</file>
         <name>_printfi.obj</name>
      </input_file>
      <input_file id="fl-d3">
         <path>C:\ti\ccsv7\tools\compiler\ti-cgt-arm_16.9.6.LTS\lib\</path>
         <kind>archive</kind>
         <file>rtsv7M4_T_le_v4SPD16_eabi.lib</file>
         <name>args_main.obj</name>
      </input_file>
      <input_file id="fl-d4">
         <path>C:\ti\ccsv7\tools\compiler\ti-cgt-arm_16.9.6.LTS\lib\</path>
         <kind>archive</kind>
         <file>rtsv7M4_T_le_v4SPD16_eabi.lib</file>
         <name>atoi.obj</name>
      </input_file>
      <input_file id="fl-d5">
         <path>C:\ti\ccsv7\tools\compiler\ti-cgt-arm_16.9.6.LTS\lib\</path>
         <kind>archive</kind>
         <file>rtsv7M4_T_le_v4SPD16_eabi.lib</file>
         <name>autoinit.obj</name>
      </input_file>
      <input_file id="fl-d6">
         <path>C:\ti\ccsv7\tools\compiler\ti-cgt-arm_16.9.6.LTS\lib\</path>
         <kind>archive</kind>
         <file>rtsv7M4_T_le_v4SPD16_eabi.lib</file>
         <name>cpy_tbl.obj</name>
      </input_file>
      <input_file id="fl-d7">
         <path>C:\ti\ccsv7\tools\compiler\ti-cgt-arm_16.9.6.LTS\lib\</path>
         <kind>archive</kind>
         <file>rtsv7M4_T_le_v4SPD16_eabi.lib</file>
         <name>ctype.obj</name>
      </input_file>
      <input_file id="fl-d8">
         <path>C:\ti\ccsv7\tools\compiler\ti-cgt-arm_16.9.6.LTS\lib\</path>
         <kind>archive</kind>
         <file>rtsv7M4_T_le_v4SPD16_eabi.lib</file>
         <name>defs.obj</name>
      </input_file>
      <input_file id="fl-d9">
         <path>C:\ti\ccsv7\tools\compiler\ti-cgt-arm_16.9.6.LTS\lib\</path>
         <kind>archive</kind>
         <file>rtsv7M4_T_le_v4SPD16_eabi.lib</file>
         <name>error.obj</name>
      </input_file>
      <input_file id="fl-da">
         <path>C:\ti\ccsv7\tools\compiler\ti-cgt-arm_16.9.6.LTS\lib\</path>
         <kind>archive</kind>
         <file>rtsv7M4_T_le_v4SPD16_eabi.lib</file>
         <name>fd_add_t2.obj</name>
      </input_file>
      <input_file id="fl-db">
         <path>C:\ti\ccsv7\tools\compiler\ti-cgt-arm_16.9.6.LTS\lib\</path>
         <kind>archive</kind>
         <file>rtsv7M4_T_le_v4SPD16_eabi.lib</file>
         <name>fd_cmp_t2.obj</name>
      </input_file>
      <input_file id="fl-dc">
         <path>C:\ti\ccsv7\tools\compiler\ti-cgt-arm_16.9.6.LTS\lib\</path>
         <kind>archive</kind>
         <file>rtsv7M4_T_le_v4SPD16_eabi.lib</file>
         <name>fd_div_t2.obj</name>
      </input_file>
      <input_file id="fl-dd">
         <path>C:\ti\ccsv7\tools\compiler\ti-cgt-arm_16.9.6.LTS\lib\</path>
         <kind>archive</kind>
         <file>rtsv7M4_T_le_v4SPD16_eabi.lib</file>
         <name>fd_mul_t2.obj</name>
      </input_file>
      <input_file id="fl-de">
         <path>C:\ti\ccsv7\tools\compiler\ti-cgt-arm_16.9.6.LTS\lib\</path>
         <kind>archive</kind>
         <file>rtsv7M4_T_le_v4SPD16_eabi.lib</file>
         <name>fd_toi_t2.obj</name>
      </input_file>
      <input_file id="fl-df">
         <path>C:\ti\ccsv7\tools\compiler\ti-cgt-arm_16.9.6.LTS\lib\</path>
         <kind>archive</kind>
         <file>rtsv7M4_T_le_v4SPD16_eabi.lib</file>
         <name>fputc.obj</name>
      </input_file>
      <input_file id="fl-e0">
         <path>C:\ti\ccsv7\tools\compiler\ti-cgt-arm_16.9.6.LTS\lib\</path>
         <kind>archive</kind>
         <file>rtsv7M4_T_le_v4SPD16_eabi.lib</file>
         <name>fputs.obj</name>
      </input_file>
      <input_file id="fl-e1">
         <path>C:\ti\ccsv7\tools\compiler\ti-cgt-arm_16.9.6.LTS\lib\</path>
         <kind>archive</kind>
         <file>rtsv7M4_T_le_v4SPD16_eabi.lib</file>
         <name>i_tofd_t2.obj</name>
      </input_file>
      <input_file id="fl-e2">
         <path>C:\ti\ccsv7\tools\compiler\ti-cgt-arm_16.9.6.LTS\lib\</path>
         <kind>archive</kind>
         <file>rtsv7M4_T_le_v4SPD16_eabi.lib</file>
         <name>ltoa.obj</name>
      </input_file>
      <input_file id="fl-e3">
         <path>C:\ti\ccsv7\tools\compiler\ti-cgt-arm_16.9.6.LTS\lib\</path>
         <kind>archive</kind>
         <file>rtsv7M4_T_le_v4SPD16_eabi.lib</file>
         <name>memccpy.obj</name>
      </input_file>
      <input_file id="fl-e4">
         <path>C:\ti\ccsv7\tools\compiler\ti-cgt-arm_16.9.6.LTS\lib\</path>
         <kind>archive</kind>
         <file>rtsv7M4_T_le_v4SPD16_eabi.lib</file>
         <name>memchr.obj</name>
      </input_file>
      <input_file id="fl-e5">
         <path>C:\ti\ccsv7\tools\compiler\ti-cgt-arm_16.9.6.LTS\lib\</path>
         <kind>archive</kind>
         <file>rtsv7M4_T_le_v4SPD16_eabi.lib</file>
         <name>memory.obj</name>
      </input_file>
      <input_file id="fl-e6">
         <path>C:\ti\ccsv7\tools\compiler\ti-cgt-arm_16.9.6.LTS\lib\</path>
         <kind>archive</kind>
         <file>rtsv7M4_T_le_v4SPD16_eabi.lib</file>
         <name>s_frexp.obj</name>
      </input_file>
      <input_file id="fl-e7">
         <path>C:\ti\ccsv7\tools\compiler\ti-cgt-arm_16.9.6.LTS\lib\</path>
         <kind>archive</kind>
         <file>rtsv7M4_T_le_v4SPD16_eabi.lib</file>
         <name>s_scalbn.obj</name>
      </input_file>
      <input_file id="fl-e8">
         <path>C:\ti\ccsv7\tools\compiler\ti-cgt-arm_16.9.6.LTS\lib\</path>
         <kind>archive</kind>
         <file>rtsv7M4_T_le_v4SPD16_eabi.lib</file>
         <name>startup.obj</name>
      </input_file>
      <input_file id="fl-e9">
         <path>C:\ti\ccsv7\tools\compiler\ti-cgt-arm_16.9.6.LTS\lib\</path>
         <kind>archive</kind>
         <file>rtsv7M4_T_le_v4SPD16_eabi.lib</file>
         <name>strchr.obj</name>
      </input_file>
      <input_file id="fl-ea">
         <path>C:\ti\ccsv7\tools\compiler\ti-cgt-arm_16.9.6.LTS\lib\</path>
         <kind>archive</kind>
         <file>rtsv7M4_T_le_v4SPD16_eabi.lib</file>
         <name>ull_div_t2.obj</name>
      </input_file>
      <input_file id="fl-eb">
         <path>C:\ti\ccsv7\tools\compiler\ti-cgt-arm_16.9.6.LTS\lib\</path>
         <kind>archive</kind>
         <file>rtsv7M4_T_le_v4SPD16_eabi.lib</file>
         <name>write.obj</name>
      </input_file>
      <input_file id="fl-ec">
         <path>C:\ti\ccsv7\tools\compiler\ti-cgt-arm_16.9.6.LTS\lib\</path>
         <kind>archive</kind>
         <file>rtsv7M4_T_le_v4SPD16_eabi.lib</file>
         <name>_io_perm.obj</name>
      </input_file>
      <input_file id="fl-ed">
         <path>C:\ti\ccsv7\tools\compiler\ti-cgt-arm_16.9.6.LTS\lib\</path>
         <kind>archive</kind>
         <file>rtsv7M4_T_le_v4SPD16_eabi.lib</file>
         <name>errno.obj</name>
      </input_file>
      <input_file id="fl-ee">
         <path>C:\ti\ccsv7\tools\compiler\ti-cgt-arm_16.9.6.LTS\lib\</path>
         <kind>archive</kind>
         <file>rtsv7M4_T_le_v4SPD16_eabi.lib</file>
         <name>fflush.obj</name>
      </input_file>
      <input_file id="fl-ef">
         <path>C:\ti\ccsv7\tools\compiler\ti-cgt-arm_16.9.6.LTS\lib\</path>
         <kind>archive</kind>
         <file>rtsv7M4_T_le_v4SPD16_eabi.lib</file>
         <name>fseek.obj</name>
      </input_file>
      <input_file id="fl-f0">
         <path>C:\ti\ccsv7\tools\compiler\ti-cgt-arm_16.9.6.LTS\lib\</path>
         <kind>archive</kind>
         <file>rtsv7M4_T_le_v4SPD16_eabi.lib</file>
         <name>hostclose.obj</name>
      </input_file>
      <input_file id="fl-f1">
         <path>C:\ti\ccsv7\tools\compiler\ti-cgt-arm_16.9.6.LTS\lib\</path>
         <kind>archive</kind>
         <file>rtsv7M4_T_le_v4SPD16_eabi.lib</file>
         <name>hostlseek.obj</name>
      </input_file>
      <input_file id="fl-f2">
         <path>C:\ti\ccsv7\tools\compiler\ti-cgt-arm_16.9.6.LTS\lib\</path>
         <kind>archive</kind>
         <file>rtsv7M4_T_le_v4SPD16_eabi.lib</file>
         <name>hostopen.obj</name>
      </input_file>
      <input_file id="fl-f3">
         <path>C:\ti\ccsv7\tools\compiler\ti-cgt-arm_16.9.6.LTS\lib\</path>
         <kind>archive</kind>
         <file>rtsv7M4_T_le_v4SPD16_eabi.lib</file>
         <name>hostread.obj</name>
      </input_file>
      <input_file id="fl-f4">
         <path>C:\ti\ccsv7\tools\compiler\ti-cgt-arm_16.9.6.LTS\lib\</path>
         <kind>archive</kind>
         <file>rtsv7M4_T_le_v4SPD16_eabi.lib</file>
         <name>hostrename.obj</name>
      </input_file>
      <input_file id="fl-f5">
         <path>C:\ti\ccsv7\tools\compiler\ti-cgt-arm_16.9.6.LTS\lib\</path>
         <kind>archive</kind>
         <file>rtsv7M4_T_le_v4SPD16_eabi.lib</file>
         <name>hostunlink.obj</name>
      </input_file>
      <input_file id="fl-f6">
         <path>C:\ti\ccsv7\tools\compiler\ti-cgt-arm_16.9.6.LTS\lib\</path>
         <kind>archive</kind>
         <file>rtsv7M4_T_le_v4SPD16_eabi.lib</file>
         <name>hostwrite.obj</name>
      </input_file>
      <input_file id="fl-f7">
         <path>C:\ti\ccsv7\tools\compiler\ti-cgt-arm_16.9.6.LTS\lib\</path>
         <kind>archive</kind>
         <file>rtsv7M4_T_le_v4SPD16_eabi.lib</file>
         <name>lseek.obj</name>
      </input_file>
      <input_file id="fl-f8">
         <path>C:\ti\ccsv7\tools\compiler\ti-cgt-arm_16.9.6.LTS\lib\</path>
         <kind>archive</kind>
         <file>rtsv7M4_T_le_v4SPD16_eabi.lib</file>
         <name>s_copysign.obj</name>
      </input_file>
      <input_file id="fl-f9">
         <path>C:\ti\ccsv7\tools\compiler\ti-cgt-arm_16.9.6.LTS\lib\</path>
         <kind>archive</kind>
         <file>rtsv7M4_T_le_v4SPD16_eabi.lib</file>
         <name>setvbuf.obj</name>
      </input_file>
      <input_file id="fl-fa">
         <path>C:\ti\ccsv7\tools\compiler\ti-cgt-arm_16.9.6.LTS\lib\</path>
         <kind>archive</kind>
         <file>rtsv7M4_T_le_v4SPD16_eabi.lib</file>
         <name>trgmsg.obj</name>
      </input_file>
      <input_file id="fl-fb">
         <path>C:\ti\ccsv7\tools\compiler\ti-cgt-arm_16.9.6.LTS\lib\</path>
         <kind>archive</kind>
         <file>rtsv7M4_T_le_v4SPD16_eabi.lib</file>
         <name>fopen.obj</name>
      </input_file>
      <input_file id="fl-fc">
         <path>C:\ti\ccsv7\tools\compiler\ti-cgt-arm_16.9.6.LTS\lib\</path>
         <kind>archive</kind>
         <file>rtsv7M4_T_le_v4SPD16_eabi.lib</file>
         <name>open.obj</name>
      </input_file>
      <input_file id="fl-fd">
         <path>C:\ti\ccsv7\tools\compiler\ti-cgt-arm_16.9.6.LTS\lib\</path>
         <kind>archive</kind>
         <file>rtsv7M4_T_le_v4SPD16_eabi.lib</file>
         <name>fclose.obj</name>
      </input_file>
      <input_file id="fl-fe">
         <path>C:\ti\ccsv7\tools\compiler\ti-cgt-arm_16.9.6.LTS\lib\</path>
         <kind>archive</kind>
         <file>rtsv7M4_T_le_v4SPD16_eabi.lib</file>
         <name>getdevice.obj</name>
      </input_file>
      <input_file id="fl-ff">
         <path>C:\ti\ccsv7\tools\compiler\ti-cgt-arm_16.9.6.LTS\lib\</path>
         <kind>archive</kind>
         <file>rtsv7M4_T_le_v4SPD16_eabi.lib</file>
         <name>remove.obj</name>
      </input_file>
      <input_file id="fl-100">
         <path>C:\ti\ccsv7\tools\compiler\ti-cgt-arm_16.9.6.LTS\lib\</path>
         <kind>archive</kind>
         <file>rtsv7M4_T_le_v4SPD16_eabi.lib</file>
         <name>strncpy.obj</name>
      </input_file>
      <input_file id="fl-101">
         <path>C:\ti\ccsv7\tools\compiler\ti-cgt-arm_16.9.6.LTS\lib\</path>
         <kind>archive</kind>
         <file>rtsv7M4_T_le_v4SPD16_eabi.lib</file>
         <name>unlink.obj</name>
      </input_file>
      <input_file id="fl-102">
         <path>C:\ti\ccsv7\tools\compiler\ti-cgt-arm_16.9.6.LTS\lib\</path>
         <kind>archive</kind>
         <file>rtsv7M4_T_le_v4SPD16_eabi.lib</file>
         <name>close.obj</name>
      </input_file>
   </input_file_list>
   <object_component_list>
      <object_component id="oc-f">
         <name>.intvecs</name>
         <load_address>0x0</load_address>
         <run_address>0x0</run_address>
         <size>0x26c</size>
         <input_file_ref idref="fl-5"/>
      </object_component>
      <object_component id="oc-157">
         <name>.text</name>
         <load_address>0x26c</load_address>
         <run_address>0x26c</run_address>
         <size>0x113e</size>
         <input_file_ref idref="fl-d2"/>
      </object_component>
      <object_component id="oc-5a">
         <name>.text</name>
         <load_address>0x13aa</load_address>
         <run_address>0x13aa</run_address>
         <size>0x2</size>
         <input_file_ref idref="fl-c7"/>
      </object_component>
      <object_component id="oc-164">
         <name>.text</name>
         <load_address>0x13ac</load_address>
         <run_address>0x13ac</run_address>
         <size>0x3d0</size>
         <input_file_ref idref="fl-e5"/>
      </object_component>
      <object_component id="oc-de">
         <name>.text</name>
         <load_address>0x177c</load_address>
         <run_address>0x177c</run_address>
         <size>0x2e8</size>
         <input_file_ref idref="fl-4"/>
      </object_component>
      <object_component id="oc-f0">
         <name>.text</name>
         <load_address>0x1a64</load_address>
         <run_address>0x1a64</run_address>
         <size>0x244</size>
         <input_file_ref idref="fl-cf"/>
      </object_component>
      <object_component id="oc-1c2">
         <name>.text</name>
         <load_address>0x1ca8</load_address>
         <run_address>0x1ca8</run_address>
         <size>0x1f4</size>
         <input_file_ref idref="fl-ea"/>
      </object_component>
      <object_component id="oc-29d">
         <name>.text</name>
         <load_address>0x1e9c</load_address>
         <run_address>0x1e9c</run_address>
         <size>0x1c4</size>
         <input_file_ref idref="fl-fb"/>
      </object_component>
      <object_component id="oc-1eb">
         <name>.text</name>
         <load_address>0x2060</load_address>
         <run_address>0x2060</run_address>
         <size>0x1b6</size>
         <input_file_ref idref="fl-da"/>
      </object_component>
      <object_component id="oc-a6">
         <name>.text</name>
         <load_address>0x2216</load_address>
         <run_address>0x2216</run_address>
         <size>0x2</size>
         <input_file_ref idref="fl-e8"/>
      </object_component>
      <object_component id="oc-fc">
         <name>.text</name>
         <load_address>0x2218</load_address>
         <run_address>0x2218</run_address>
         <size>0x158</size>
         <input_file_ref idref="fl-2"/>
      </object_component>
      <object_component id="oc-1d1">
         <name>.text</name>
         <load_address>0x2370</load_address>
         <run_address>0x2370</run_address>
         <size>0x136</size>
         <input_file_ref idref="fl-dc"/>
      </object_component>
      <object_component id="oc-151">
         <name>.text</name>
         <load_address>0x24a8</load_address>
         <run_address>0x24a8</run_address>
         <size>0x134</size>
         <input_file_ref idref="fl-e0"/>
      </object_component>
      <object_component id="oc-1cc">
         <name>.text</name>
         <load_address>0x25dc</load_address>
         <run_address>0x25dc</run_address>
         <size>0xfc</size>
         <input_file_ref idref="fl-dd"/>
      </object_component>
      <object_component id="oc-1f6">
         <name>.text</name>
         <load_address>0x26d8</load_address>
         <run_address>0x26d8</run_address>
         <size>0xfc</size>
         <input_file_ref idref="fl-e7"/>
      </object_component>
      <object_component id="oc-ae">
         <name>.text</name>
         <load_address>0x27d4</load_address>
         <run_address>0x27d4</run_address>
         <size>0xf8</size>
         <input_file_ref idref="fl-3"/>
      </object_component>
      <object_component id="oc-24d">
         <name>.text</name>
         <load_address>0x28cc</load_address>
         <run_address>0x28cc</run_address>
         <size>0xdc</size>
         <input_file_ref idref="fl-f9"/>
      </object_component>
      <object_component id="oc-1ac">
         <name>.text</name>
         <load_address>0x29a8</load_address>
         <run_address>0x29a8</run_address>
         <size>0xc8</size>
         <input_file_ref idref="fl-ee"/>
      </object_component>
      <object_component id="oc-2d9">
         <name>.text</name>
         <load_address>0x2a70</load_address>
         <run_address>0x2a70</run_address>
         <size>0xbc</size>
         <input_file_ref idref="fl-fc"/>
      </object_component>
      <object_component id="oc-1a6">
         <name>.text</name>
         <load_address>0x2b2c</load_address>
         <run_address>0x2b2c</run_address>
         <size>0xac</size>
         <input_file_ref idref="fl-ec"/>
      </object_component>
      <object_component id="oc-42">
         <name>.text</name>
         <load_address>0x2bd8</load_address>
         <run_address>0x2bd8</run_address>
         <size>0x9c</size>
         <input_file_ref idref="fl-c5"/>
      </object_component>
      <object_component id="oc-2df">
         <name>.text</name>
         <load_address>0x2c74</load_address>
         <run_address>0x2c74</run_address>
         <size>0x98</size>
         <input_file_ref idref="fl-fd"/>
      </object_component>
      <object_component id="oc-14b">
         <name>.text</name>
         <load_address>0x2d0c</load_address>
         <run_address>0x2d0c</run_address>
         <size>0x98</size>
         <input_file_ref idref="fl-df"/>
      </object_component>
      <object_component id="oc-12f">
         <name>.text</name>
         <load_address>0x2da4</load_address>
         <run_address>0x2da4</run_address>
         <size>0x88</size>
         <input_file_ref idref="fl-d0"/>
      </object_component>
      <object_component id="oc-1c7">
         <name>.text:__aeabi_cdcmple</name>
         <load_address>0x2e2c</load_address>
         <run_address>0x2e2c</run_address>
         <size>0x86</size>
         <input_file_ref idref="fl-db"/>
      </object_component>
      <object_component id="oc-1d6">
         <name>.text:__aeabi_cdrcmple</name>
         <load_address>0x2eb2</load_address>
         <run_address>0x2eb2</run_address>
         <size>0x86</size>
         <input_file_ref idref="fl-db"/>
      </object_component>
      <object_component id="oc-4e">
         <name>.text</name>
         <load_address>0x2f38</load_address>
         <run_address>0x2f38</run_address>
         <size>0x7a</size>
         <input_file_ref idref="fl-c6"/>
      </object_component>
      <object_component id="oc-66">
         <name>.text</name>
         <load_address>0x2fb4</load_address>
         <run_address>0x2fb4</run_address>
         <size>0x70</size>
         <input_file_ref idref="fl-d5"/>
      </object_component>
      <object_component id="oc-31a">
         <name>.text</name>
         <load_address>0x3024</load_address>
         <run_address>0x3024</run_address>
         <size>0x70</size>
         <input_file_ref idref="fl-fe"/>
      </object_component>
      <object_component id="oc-e4">
         <name>.text</name>
         <load_address>0x3094</load_address>
         <run_address>0x3094</run_address>
         <size>0x70</size>
         <input_file_ref idref="fl-c9"/>
      </object_component>
      <object_component id="oc-12">
         <name>.text:decompress:lzss</name>
         <load_address>0x3104</load_address>
         <run_address>0x3104</run_address>
         <size>0x68</size>
         <input_file_ref idref="fl-c1"/>
      </object_component>
      <object_component id="oc-302">
         <name>.text</name>
         <load_address>0x316c</load_address>
         <run_address>0x316c</run_address>
         <size>0x68</size>
         <input_file_ref idref="fl-f1"/>
      </object_component>
      <object_component id="oc-30e">
         <name>.text</name>
         <load_address>0x31d4</load_address>
         <run_address>0x31d4</run_address>
         <size>0x68</size>
         <input_file_ref idref="fl-f4"/>
      </object_component>
      <object_component id="oc-334">
         <name>.text</name>
         <load_address>0x323c</load_address>
         <run_address>0x323c</run_address>
         <size>0x68</size>
         <input_file_ref idref="fl-fa"/>
      </object_component>
      <object_component id="oc-247">
         <name>.text</name>
         <load_address>0x32a4</load_address>
         <run_address>0x32a4</run_address>
         <size>0x64</size>
         <input_file_ref idref="fl-ef"/>
      </object_component>
      <object_component id="oc-1f0">
         <name>.text</name>
         <load_address>0x3308</load_address>
         <run_address>0x3308</run_address>
         <size>0x64</size>
         <input_file_ref idref="fl-e6"/>
      </object_component>
      <object_component id="oc-2ea">
         <name>.text</name>
         <load_address>0x336c</load_address>
         <run_address>0x336c</run_address>
         <size>0x60</size>
         <input_file_ref idref="fl-f2"/>
      </object_component>
      <object_component id="oc-323">
         <name>.text</name>
         <load_address>0x33cc</load_address>
         <run_address>0x33cc</run_address>
         <size>0x5c</size>
         <input_file_ref idref="fl-102"/>
      </object_component>
      <object_component id="oc-2f6">
         <name>.text</name>
         <load_address>0x3428</load_address>
         <run_address>0x3428</run_address>
         <size>0x58</size>
         <input_file_ref idref="fl-f3"/>
      </object_component>
      <object_component id="oc-2fc">
         <name>.text</name>
         <load_address>0x3480</load_address>
         <run_address>0x3480</run_address>
         <size>0x58</size>
         <input_file_ref idref="fl-f6"/>
      </object_component>
      <object_component id="oc-24">
         <name>.text</name>
         <load_address>0x34d8</load_address>
         <run_address>0x34d8</run_address>
         <size>0x54</size>
         <input_file_ref idref="fl-c0"/>
      </object_component>
      <object_component id="oc-72">
         <name>.text</name>
         <load_address>0x352c</load_address>
         <run_address>0x352c</run_address>
         <size>0x54</size>
         <input_file_ref idref="fl-c4"/>
      </object_component>
      <object_component id="oc-1e0">
         <name>.text</name>
         <load_address>0x3580</load_address>
         <run_address>0x3580</run_address>
         <size>0x54</size>
         <input_file_ref idref="fl-e2"/>
      </object_component>
      <object_component id="oc-202">
         <name>.text</name>
         <load_address>0x35d4</load_address>
         <run_address>0x35d4</run_address>
         <size>0x4c</size>
         <input_file_ref idref="fl-d4"/>
      </object_component>
      <object_component id="oc-a0">
         <name>.text</name>
         <load_address>0x3620</load_address>
         <run_address>0x3620</run_address>
         <size>0x4c</size>
         <input_file_ref idref="fl-d6"/>
      </object_component>
      <object_component id="oc-1db">
         <name>.text</name>
         <load_address>0x366c</load_address>
         <run_address>0x366c</run_address>
         <size>0x48</size>
         <input_file_ref idref="fl-de"/>
      </object_component>
      <object_component id="oc-2f0">
         <name>.text</name>
         <load_address>0x36b4</load_address>
         <run_address>0x36b4</run_address>
         <size>0x44</size>
         <input_file_ref idref="fl-f0"/>
      </object_component>
      <object_component id="oc-308">
         <name>.text</name>
         <load_address>0x36f8</load_address>
         <run_address>0x36f8</run_address>
         <size>0x44</size>
         <input_file_ref idref="fl-f5"/>
      </object_component>
      <object_component id="oc-34a">
         <name>.text</name>
         <load_address>0x373c</load_address>
         <run_address>0x373c</run_address>
         <size>0x36</size>
         <input_file_ref idref="fl-100"/>
      </object_component>
      <object_component id="oc-1e6">
         <name>.text</name>
         <load_address>0x3772</load_address>
         <run_address>0x3772</run_address>
         <size>0x2e</size>
         <input_file_ref idref="fl-e1"/>
      </object_component>
      <object_component id="oc-329">
         <name>.text</name>
         <load_address>0x37a0</load_address>
         <run_address>0x37a0</run_address>
         <size>0x2c</size>
         <input_file_ref idref="fl-101"/>
      </object_component>
      <object_component id="oc-295">
         <name>.text</name>
         <load_address>0x37cc</load_address>
         <run_address>0x37cc</run_address>
         <size>0x28</size>
         <input_file_ref idref="fl-f7"/>
      </object_component>
      <object_component id="oc-1b2">
         <name>.text</name>
         <load_address>0x37f4</load_address>
         <run_address>0x37f4</run_address>
         <size>0x28</size>
         <input_file_ref idref="fl-eb"/>
      </object_component>
      <object_component id="oc-1ba">
         <name>.text</name>
         <load_address>0x381c</load_address>
         <run_address>0x381c</run_address>
         <size>0x20</size>
         <input_file_ref idref="fl-e4"/>
      </object_component>
      <object_component id="oc-f6">
         <name>.text</name>
         <load_address>0x383c</load_address>
         <run_address>0x383c</run_address>
         <size>0x1e</size>
         <input_file_ref idref="fl-cb"/>
      </object_component>
      <object_component id="oc-208">
         <name>.text</name>
         <load_address>0x385a</load_address>
         <run_address>0x385a</run_address>
         <size>0x1c</size>
         <input_file_ref idref="fl-e3"/>
      </object_component>
      <object_component id="oc-6c">
         <name>.text</name>
         <load_address>0x3878</load_address>
         <run_address>0x3878</run_address>
         <size>0x18</size>
         <input_file_ref idref="fl-d3"/>
      </object_component>
      <object_component id="oc-135">
         <name>.text</name>
         <load_address>0x3890</load_address>
         <run_address>0x3890</run_address>
         <size>0x18</size>
         <input_file_ref idref="fl-cc"/>
      </object_component>
      <object_component id="oc-1fc">
         <name>.text</name>
         <load_address>0x38a8</load_address>
         <run_address>0x38a8</run_address>
         <size>0x16</size>
         <input_file_ref idref="fl-e9"/>
      </object_component>
      <object_component id="oc-110">
         <name>.text</name>
         <load_address>0x38c0</load_address>
         <run_address>0x38c0</run_address>
         <size>0x14</size>
         <input_file_ref idref="fl-d1"/>
      </object_component>
      <object_component id="oc-276">
         <name>.text</name>
         <load_address>0x38d4</load_address>
         <run_address>0x38d4</run_address>
         <size>0x14</size>
         <input_file_ref idref="fl-f8"/>
      </object_component>
      <object_component id="oc-13b">
         <name>.text</name>
         <load_address>0x38e8</load_address>
         <run_address>0x38e8</run_address>
         <size>0x14</size>
         <input_file_ref idref="fl-cd"/>
      </object_component>
      <object_component id="oc-ea">
         <name>.text</name>
         <load_address>0x38fc</load_address>
         <run_address>0x38fc</run_address>
         <size>0x14</size>
         <input_file_ref idref="fl-ce"/>
      </object_component>
      <object_component id="oc-128">
         <name>.text:lcd_clear</name>
         <load_address>0x3910</load_address>
         <run_address>0x3910</run_address>
         <size>0x10</size>
         <input_file_ref idref="fl-4"/>
      </object_component>
      <object_component id="oc-18">
         <name>.text:decompress:none</name>
         <load_address>0x3920</load_address>
         <run_address>0x3920</run_address>
         <size>0xe</size>
         <input_file_ref idref="fl-c2"/>
      </object_component>
      <object_component id="oc-1e">
         <name>.text:decompress:ZI</name>
         <load_address>0x392e</load_address>
         <run_address>0x392e</run_address>
         <size>0xc</size>
         <input_file_ref idref="fl-c3"/>
      </object_component>
      <object_component id="oc-2e">
         <name>.text</name>
         <load_address>0x393a</load_address>
         <run_address>0x393a</run_address>
         <size>0xc</size>
         <input_file_ref idref="fl-5"/>
      </object_component>
      <object_component id="oc-16a">
         <name>.text</name>
         <load_address>0x3946</load_address>
         <run_address>0x3946</run_address>
         <size>0x4</size>
         <input_file_ref idref="fl-d9"/>
      </object_component>
      <object_component id="oc-60">
         <name>.text</name>
         <load_address>0x394a</load_address>
         <run_address>0x394a</run_address>
         <size>0x4</size>
         <input_file_ref idref="fl-c8"/>
      </object_component>
      <object_component id="oc-283">
         <name>.const:.string:_ctypes_</name>
         <load_address>0x394e</load_address>
         <run_address>0x394e</run_address>
         <size>0x101</size>
         <input_file_ref idref="fl-d7"/>
      </object_component>
      <object_component id="oc-102">
         <name>.const:.string:$P$T1$1</name>
         <load_address>0x3a4f</load_address>
         <run_address>0x3a4f</run_address>
         <size>0x22</size>
         <input_file_ref idref="fl-3"/>
      </object_component>
      <object_component id="oc-141">
         <name>.const:.string:lineAddress$1</name>
         <load_address>0x3a71</load_address>
         <run_address>0x3a71</run_address>
         <size>0x4</size>
         <input_file_ref idref="fl-4"/>
      </object_component>
      <object_component id="oc-142">
         <name>.const:.string:lineAddresses$2</name>
         <load_address>0x3a75</load_address>
         <run_address>0x3a75</run_address>
         <size>0x4</size>
         <input_file_ref idref="fl-4"/>
      </object_component>
      <object_component id="oc-3a1">
         <name>.cinit..data.load</name>
         <load_address>0x3a80</load_address>
         <run_address>0x3a80</run_address>
         <size>0x70</size>
      </object_component>
      <object_component id="oc-39f">
         <name>__TI_handler_table</name>
         <load_address>0x3af0</load_address>
         <run_address>0x3af0</run_address>
         <size>0xc</size>
      </object_component>
      <object_component id="oc-3a2">
         <name>.cinit..bss.load</name>
         <load_address>0x3b00</load_address>
         <run_address>0x3b00</run_address>
         <size>0x8</size>
      </object_component>
      <object_component id="oc-3a0">
         <name>__TI_cinit_table</name>
         <load_address>0x3b08</load_address>
         <run_address>0x3b08</run_address>
         <size>0x10</size>
      </object_component>
      <object_component id="oc-b6">
         <name>.data:$O1$$</name>
         <load_address>0x20002400</load_address>
         <run_address>0x20002400</run_address>
         <size>0xc</size>
         <input_file_ref idref="fl-c4"/>
      </object_component>
      <object_component id="oc-78">
         <name>.data</name>
         <load_address>0x2000242c</load_address>
         <run_address>0x2000242c</run_address>
         <size>0x4</size>
         <input_file_ref idref="fl-ca"/>
      </object_component>
      <object_component id="oc-b9">
         <name>.data:$O1$$</name>
         <load_address>0x20002418</load_address>
         <run_address>0x20002418</run_address>
         <size>0x8</size>
         <input_file_ref idref="fl-d1"/>
      </object_component>
      <object_component id="oc-15d">
         <name>.data:_ftable</name>
         <load_address>0x20002238</load_address>
         <run_address>0x20002238</run_address>
         <size>0xf0</size>
         <input_file_ref idref="fl-d8"/>
      </object_component>
      <object_component id="oc-255">
         <name>.data</name>
         <load_address>0x200023f0</load_address>
         <run_address>0x200023f0</run_address>
         <size>0x10</size>
         <input_file_ref idref="fl-d8"/>
      </object_component>
      <object_component id="oc-227">
         <name>.data:$O1$$</name>
         <load_address>0x2000240c</load_address>
         <run_address>0x2000240c</run_address>
         <size>0xc</size>
         <input_file_ref idref="fl-e5"/>
      </object_component>
      <object_component id="oc-2b0">
         <name>.data:_device</name>
         <load_address>0x20002328</load_address>
         <run_address>0x20002328</run_address>
         <size>0x78</size>
         <input_file_ref idref="fl-eb"/>
      </object_component>
      <object_component id="oc-25a">
         <name>.data:_stream</name>
         <load_address>0x200023a0</load_address>
         <run_address>0x200023a0</run_address>
         <size>0x50</size>
         <input_file_ref idref="fl-eb"/>
      </object_component>
      <object_component id="oc-27c">
         <name>.data</name>
         <load_address>0x20002420</load_address>
         <run_address>0x20002420</run_address>
         <size>0x4</size>
         <input_file_ref idref="fl-ed"/>
      </object_component>
      <object_component id="oc-2e5">
         <name>.data</name>
         <load_address>0x20002424</load_address>
         <run_address>0x20002424</run_address>
         <size>0x4</size>
         <input_file_ref idref="fl-fb"/>
      </object_component>
      <object_component id="oc-320">
         <name>.data</name>
         <load_address>0x20002428</load_address>
         <run_address>0x20002428</run_address>
         <size>0x4</size>
         <input_file_ref idref="fl-fc"/>
      </object_component>
      <object_component id="oc-143">
         <name>.bss:lastbuffer$3</name>
         <uninitialized>true</uninitialized>
         <run_address>0x200021c0</run_address>
         <size>0x54</size>
         <input_file_ref idref="fl-4"/>
      </object_component>
      <object_component id="oc-170">
         <name>.bss:$O1$$</name>
         <uninitialized>true</uninitialized>
         <run_address>0x20002214</run_address>
         <size>0x1c</size>
         <input_file_ref idref="fl-cf"/>
      </object_component>
      <object_component id="oc-35a">
         <name>.bss:_CIOBUF_</name>
         <uninitialized>true</uninitialized>
         <run_address>0x20002000</run_address>
         <size>0x120</size>
         <input_file_ref idref="fl-fa"/>
      </object_component>
      <object_component id="oc-32f">
         <name>.common:__TI_tmpnams</name>
         <uninitialized>true</uninitialized>
         <run_address>0x20002120</run_address>
         <size>0xa0</size>
      </object_component>
      <object_component id="oc-33a">
         <name>.common:parmbuf</name>
         <uninitialized>true</uninitialized>
         <run_address>0x20002230</run_address>
         <size>0x8</size>
      </object_component>
      <object_component id="oc-2b">
         <name>.sysmem</name>
         <uninitialized>true</uninitialized>
         <run_address>0x20001000</run_address>
         <size>0x8</size>
         <input_file_ref idref="fl-e5"/>
      </object_component>
      <object_component id="oc-3a4">
         <name>.sysmem</name>
         <uninitialized>true</uninitialized>
         <run_address>0x20001000</run_address>
         <size>0x0</size>
      </object_component>
      <object_component id="oc-2a">
         <name>.stack</name>
         <uninitialized>true</uninitialized>
         <run_address>0x20000000</run_address>
         <size>0x0</size>
         <input_file_ref idref="fl-c0"/>
      </object_component>
      <object_component id="oc-3a3">
         <name>.stack</name>
         <uninitialized>true</uninitialized>
         <run_address>0x20000000</run_address>
         <size>0x0</size>
      </object_component>
      <object_component id="oc-fd">
         <name>.debug_info</name>
         <load_address>0x0</load_address>
         <run_address>0x0</run_address>
         <size>0x3f1</size>
         <input_file_ref idref="fl-2"/>
      </object_component>
      <object_component id="oc-3d">
         <name>.debug_info</name>
         <load_address>0x3f1</load_address>
         <run_address>0x3f1</run_address>
         <size>0x84</size>
         <input_file_ref idref="fl-2"/>
      </object_component>
      <object_component id="oc-83">
         <name>.debug_info</name>
         <load_address>0x475</load_address>
         <run_address>0x475</run_address>
         <size>0x18b</size>
         <input_file_ref idref="fl-2"/>
      </object_component>
      <object_component id="oc-183">
         <name>.debug_info</name>
         <load_address>0x600</load_address>
         <run_address>0x600</run_address>
         <size>0x2c</size>
         <input_file_ref idref="fl-2"/>
      </object_component>
      <object_component id="oc-106">
         <name>.debug_info</name>
         <load_address>0x62c</load_address>
         <run_address>0x62c</run_address>
         <size>0x3cb</size>
         <input_file_ref idref="fl-3"/>
      </object_component>
      <object_component id="oc-103">
         <name>.debug_info</name>
         <load_address>0x9f7</load_address>
         <run_address>0x9f7</run_address>
         <size>0xce</size>
         <input_file_ref idref="fl-3"/>
      </object_component>
      <object_component id="oc-af">
         <name>.debug_info</name>
         <load_address>0xac5</load_address>
         <run_address>0xac5</run_address>
         <size>0x24a</size>
         <input_file_ref idref="fl-3"/>
      </object_component>
      <object_component id="oc-18c">
         <name>.debug_info</name>
         <load_address>0xd0f</load_address>
         <run_address>0xd0f</run_address>
         <size>0xc8</size>
         <input_file_ref idref="fl-3"/>
      </object_component>
      <object_component id="oc-146">
         <name>.debug_info</name>
         <load_address>0xdd7</load_address>
         <run_address>0xdd7</run_address>
         <size>0x4e</size>
         <input_file_ref idref="fl-3"/>
      </object_component>
      <object_component id="oc-145">
         <name>.debug_info</name>
         <load_address>0xe25</load_address>
         <run_address>0xe25</run_address>
         <size>0x1d6</size>
         <input_file_ref idref="fl-4"/>
      </object_component>
      <object_component id="oc-129">
         <name>.debug_info</name>
         <load_address>0xffb</load_address>
         <run_address>0xffb</run_address>
         <size>0x121</size>
         <input_file_ref idref="fl-4"/>
      </object_component>
      <object_component id="oc-df">
         <name>.debug_info</name>
         <load_address>0x111c</load_address>
         <run_address>0x111c</run_address>
         <size>0x83f</size>
         <input_file_ref idref="fl-4"/>
      </object_component>
      <object_component id="oc-36">
         <name>.debug_info</name>
         <load_address>0x195b</load_address>
         <run_address>0x195b</run_address>
         <size>0xfc</size>
         <input_file_ref idref="fl-5"/>
      </object_component>
      <object_component id="oc-10">
         <name>.debug_info</name>
         <load_address>0x1a57</load_address>
         <run_address>0x1a57</run_address>
         <size>0xe7</size>
         <input_file_ref idref="fl-5"/>
      </object_component>
      <object_component id="oc-31">
         <name>.debug_info</name>
         <load_address>0x1b3e</load_address>
         <run_address>0x1b3e</run_address>
         <size>0x263</size>
         <input_file_ref idref="fl-5"/>
      </object_component>
      <object_component id="oc-25">
         <name>.debug_info</name>
         <load_address>0x1da1</load_address>
         <run_address>0x1da1</run_address>
         <size>0x160</size>
         <input_file_ref idref="fl-c0"/>
      </object_component>
      <object_component id="oc-8d">
         <name>.debug_info</name>
         <load_address>0x1f01</load_address>
         <run_address>0x1f01</run_address>
         <size>0x293</size>
         <input_file_ref idref="fl-c1"/>
      </object_component>
      <object_component id="oc-14">
         <name>.debug_info</name>
         <load_address>0x2194</load_address>
         <run_address>0x2194</run_address>
         <size>0x245</size>
         <input_file_ref idref="fl-c1"/>
      </object_component>
      <object_component id="oc-38">
         <name>.debug_info</name>
         <load_address>0x23d9</load_address>
         <run_address>0x23d9</run_address>
         <size>0x60</size>
         <input_file_ref idref="fl-c1"/>
      </object_component>
      <object_component id="oc-88">
         <name>.debug_info</name>
         <load_address>0x2439</load_address>
         <run_address>0x2439</run_address>
         <size>0x46</size>
         <input_file_ref idref="fl-c1"/>
      </object_component>
      <object_component id="oc-4d">
         <name>.debug_info</name>
         <load_address>0x247f</load_address>
         <run_address>0x247f</run_address>
         <size>0x2da</size>
         <input_file_ref idref="fl-c2"/>
      </object_component>
      <object_component id="oc-1a">
         <name>.debug_info</name>
         <load_address>0x2759</load_address>
         <run_address>0x2759</run_address>
         <size>0x1df</size>
         <input_file_ref idref="fl-c2"/>
      </object_component>
      <object_component id="oc-48">
         <name>.debug_info</name>
         <load_address>0x2938</load_address>
         <run_address>0x2938</run_address>
         <size>0x46</size>
         <input_file_ref idref="fl-c2"/>
      </object_component>
      <object_component id="oc-8f">
         <name>.debug_info</name>
         <load_address>0x297e</load_address>
         <run_address>0x297e</run_address>
         <size>0x2c</size>
         <input_file_ref idref="fl-c2"/>
      </object_component>
      <object_component id="oc-59">
         <name>.debug_info</name>
         <load_address>0x29aa</load_address>
         <run_address>0x29aa</run_address>
         <size>0x2c9</size>
         <input_file_ref idref="fl-c3"/>
      </object_component>
      <object_component id="oc-21">
         <name>.debug_info</name>
         <load_address>0x2c73</load_address>
         <run_address>0x2c73</run_address>
         <size>0x1aa</size>
         <input_file_ref idref="fl-c3"/>
      </object_component>
      <object_component id="oc-54">
         <name>.debug_info</name>
         <load_address>0x2e1d</load_address>
         <run_address>0x2e1d</run_address>
         <size>0x46</size>
         <input_file_ref idref="fl-c3"/>
      </object_component>
      <object_component id="oc-97">
         <name>.debug_info</name>
         <load_address>0x2e63</load_address>
         <run_address>0x2e63</run_address>
         <size>0x2c</size>
         <input_file_ref idref="fl-c3"/>
      </object_component>
      <object_component id="oc-bd">
         <name>.debug_info</name>
         <load_address>0x2e8f</load_address>
         <run_address>0x2e8f</run_address>
         <size>0x3ce</size>
         <input_file_ref idref="fl-c4"/>
      </object_component>
      <object_component id="oc-b7">
         <name>.debug_info</name>
         <load_address>0x325d</load_address>
         <run_address>0x325d</run_address>
         <size>0x185</size>
         <input_file_ref idref="fl-c4"/>
      </object_component>
      <object_component id="oc-75">
         <name>.debug_info</name>
         <load_address>0x33e2</load_address>
         <run_address>0x33e2</run_address>
         <size>0x214</size>
         <input_file_ref idref="fl-c4"/>
      </object_component>
      <object_component id="oc-44">
         <name>.debug_info</name>
         <load_address>0x35f6</load_address>
         <run_address>0x35f6</run_address>
         <size>0x111</size>
         <input_file_ref idref="fl-c5"/>
      </object_component>
      <object_component id="oc-4f">
         <name>.debug_info</name>
         <load_address>0x3707</load_address>
         <run_address>0x3707</run_address>
         <size>0x13f</size>
         <input_file_ref idref="fl-c6"/>
      </object_component>
      <object_component id="oc-5d">
         <name>.debug_info</name>
         <load_address>0x3846</load_address>
         <run_address>0x3846</run_address>
         <size>0x138</size>
         <input_file_ref idref="fl-c7"/>
      </object_component>
      <object_component id="oc-64">
         <name>.debug_info</name>
         <load_address>0x397e</load_address>
         <run_address>0x397e</run_address>
         <size>0x148</size>
         <input_file_ref idref="fl-c8"/>
      </object_component>
      <object_component id="oc-161">
         <name>.debug_info</name>
         <load_address>0x3ac6</load_address>
         <run_address>0x3ac6</run_address>
         <size>0x3c6</size>
         <input_file_ref idref="fl-c9"/>
      </object_component>
      <object_component id="oc-e6">
         <name>.debug_info</name>
         <load_address>0x3e8c</load_address>
         <run_address>0x3e8c</run_address>
         <size>0x284</size>
         <input_file_ref idref="fl-c9"/>
      </object_component>
      <object_component id="oc-220">
         <name>.debug_info</name>
         <load_address>0x4110</load_address>
         <run_address>0x4110</run_address>
         <size>0xae</size>
         <input_file_ref idref="fl-c9"/>
      </object_component>
      <object_component id="oc-79">
         <name>.debug_info</name>
         <load_address>0x41be</load_address>
         <run_address>0x41be</run_address>
         <size>0x109</size>
         <input_file_ref idref="fl-ca"/>
      </object_component>
      <object_component id="oc-181">
         <name>.debug_info</name>
         <load_address>0x42c7</load_address>
         <run_address>0x42c7</run_address>
         <size>0x28a</size>
         <input_file_ref idref="fl-cb"/>
      </object_component>
      <object_component id="oc-f7">
         <name>.debug_info</name>
         <load_address>0x4551</load_address>
         <run_address>0x4551</run_address>
         <size>0x249</size>
         <input_file_ref idref="fl-cb"/>
      </object_component>
      <object_component id="oc-1a1">
         <name>.debug_info</name>
         <load_address>0x479a</load_address>
         <run_address>0x479a</run_address>
         <size>0x27f</size>
         <input_file_ref idref="fl-cc"/>
      </object_component>
      <object_component id="oc-136">
         <name>.debug_info</name>
         <load_address>0x4a19</load_address>
         <run_address>0x4a19</run_address>
         <size>0x258</size>
         <input_file_ref idref="fl-cc"/>
      </object_component>
      <object_component id="oc-1a3">
         <name>.debug_info</name>
         <load_address>0x4c71</load_address>
         <run_address>0x4c71</run_address>
         <size>0x28a</size>
         <input_file_ref idref="fl-cd"/>
      </object_component>
      <object_component id="oc-13f">
         <name>.debug_info</name>
         <load_address>0x4efb</load_address>
         <run_address>0x4efb</run_address>
         <size>0x231</size>
         <input_file_ref idref="fl-cd"/>
      </object_component>
      <object_component id="oc-163">
         <name>.debug_info</name>
         <load_address>0x512c</load_address>
         <run_address>0x512c</run_address>
         <size>0x284</size>
         <input_file_ref idref="fl-ce"/>
      </object_component>
      <object_component id="oc-eb">
         <name>.debug_info</name>
         <load_address>0x53b0</load_address>
         <run_address>0x53b0</run_address>
         <size>0x22a</size>
         <input_file_ref idref="fl-ce"/>
      </object_component>
      <object_component id="oc-174">
         <name>.debug_info</name>
         <load_address>0x55da</load_address>
         <run_address>0x55da</run_address>
         <size>0x3ae</size>
         <input_file_ref idref="fl-cf"/>
      </object_component>
      <object_component id="oc-171">
         <name>.debug_info</name>
         <load_address>0x5988</load_address>
         <run_address>0x5988</run_address>
         <size>0x109</size>
         <input_file_ref idref="fl-cf"/>
      </object_component>
      <object_component id="oc-f2">
         <name>.debug_info</name>
         <load_address>0x5a91</load_address>
         <run_address>0x5a91</run_address>
         <size>0x552</size>
         <input_file_ref idref="fl-cf"/>
      </object_component>
      <object_component id="oc-23a">
         <name>.debug_info</name>
         <load_address>0x5fe3</load_address>
         <run_address>0x5fe3</run_address>
         <size>0x2c</size>
         <input_file_ref idref="fl-cf"/>
      </object_component>
      <object_component id="oc-176">
         <name>.debug_info</name>
         <load_address>0x600f</load_address>
         <run_address>0x600f</run_address>
         <size>0x2c</size>
         <input_file_ref idref="fl-cf"/>
      </object_component>
      <object_component id="oc-235">
         <name>.debug_info</name>
         <load_address>0x603b</load_address>
         <run_address>0x603b</run_address>
         <size>0x2c</size>
         <input_file_ref idref="fl-cf"/>
      </object_component>
      <object_component id="oc-17b">
         <name>.debug_info</name>
         <load_address>0x6067</load_address>
         <run_address>0x6067</run_address>
         <size>0x148</size>
         <input_file_ref idref="fl-cf"/>
      </object_component>
      <object_component id="oc-22c">
         <name>.debug_info</name>
         <load_address>0x61af</load_address>
         <run_address>0x61af</run_address>
         <size>0xc1</size>
         <input_file_ref idref="fl-cf"/>
      </object_component>
      <object_component id="oc-195">
         <name>.debug_info</name>
         <load_address>0x6270</load_address>
         <run_address>0x6270</run_address>
         <size>0x362</size>
         <input_file_ref idref="fl-d0"/>
      </object_component>
      <object_component id="oc-131">
         <name>.debug_info</name>
         <load_address>0x65d2</load_address>
         <run_address>0x65d2</run_address>
         <size>0x35c</size>
         <input_file_ref idref="fl-d0"/>
      </object_component>
      <object_component id="oc-196">
         <name>.debug_info</name>
         <load_address>0x692e</load_address>
         <run_address>0x692e</run_address>
         <size>0x2c</size>
         <input_file_ref idref="fl-d0"/>
      </object_component>
      <object_component id="oc-19b">
         <name>.debug_info</name>
         <load_address>0x695a</load_address>
         <run_address>0x695a</run_address>
         <size>0x69</size>
         <input_file_ref idref="fl-d0"/>
      </object_component>
      <object_component id="oc-118">
         <name>.debug_info</name>
         <load_address>0x69c3</load_address>
         <run_address>0x69c3</run_address>
         <size>0x2be</size>
         <input_file_ref idref="fl-d1"/>
      </object_component>
      <object_component id="oc-ba">
         <name>.debug_info</name>
         <load_address>0x6c81</load_address>
         <run_address>0x6c81</run_address>
         <size>0x113</size>
         <input_file_ref idref="fl-d1"/>
      </object_component>
      <object_component id="oc-111">
         <name>.debug_info</name>
         <load_address>0x6d94</load_address>
         <run_address>0x6d94</run_address>
         <size>0x21f</size>
         <input_file_ref idref="fl-d1"/>
      </object_component>
      <object_component id="oc-20f">
         <name>.debug_info</name>
         <load_address>0x6fb3</load_address>
         <run_address>0x6fb3</run_address>
         <size>0x51f</size>
         <input_file_ref idref="fl-d2"/>
      </object_component>
      <object_component id="oc-158">
         <name>.debug_info</name>
         <load_address>0x74d2</load_address>
         <run_address>0x74d2</run_address>
         <size>0x1543</size>
         <input_file_ref idref="fl-d2"/>
      </object_component>
      <object_component id="oc-210">
         <name>.debug_info</name>
         <load_address>0x8a15</load_address>
         <run_address>0x8a15</run_address>
         <size>0x86</size>
         <input_file_ref idref="fl-d2"/>
      </object_component>
      <object_component id="oc-28c">
         <name>.debug_info</name>
         <load_address>0x8a9b</load_address>
         <run_address>0x8a9b</run_address>
         <size>0x46</size>
         <input_file_ref idref="fl-d2"/>
      </object_component>
      <object_component id="oc-215">
         <name>.debug_info</name>
         <load_address>0x8ae1</load_address>
         <run_address>0x8ae1</run_address>
         <size>0x39</size>
         <input_file_ref idref="fl-d2"/>
      </object_component>
      <object_component id="oc-b5">
         <name>.debug_info</name>
         <load_address>0x8b1a</load_address>
         <run_address>0x8b1a</run_address>
         <size>0x300</size>
         <input_file_ref idref="fl-d3"/>
      </object_component>
      <object_component id="oc-6d">
         <name>.debug_info</name>
         <load_address>0x8e1a</load_address>
         <run_address>0x8e1a</run_address>
         <size>0x167</size>
         <input_file_ref idref="fl-d3"/>
      </object_component>
      <object_component id="oc-109">
         <name>.debug_info</name>
         <load_address>0x8f81</load_address>
         <run_address>0x8f81</run_address>
         <size>0x5e</size>
         <input_file_ref idref="fl-d3"/>
      </object_component>
      <object_component id="oc-287">
         <name>.debug_info</name>
         <load_address>0x8fdf</load_address>
         <run_address>0x8fdf</run_address>
         <size>0x2ae</size>
         <input_file_ref idref="fl-d4"/>
      </object_component>
      <object_component id="oc-204">
         <name>.debug_info</name>
         <load_address>0x928d</load_address>
         <run_address>0x928d</run_address>
         <size>0x171</size>
         <input_file_ref idref="fl-d4"/>
      </object_component>
      <object_component id="oc-ad">
         <name>.debug_info</name>
         <load_address>0x93fe</load_address>
         <run_address>0x93fe</run_address>
         <size>0x483</size>
         <input_file_ref idref="fl-d5"/>
      </object_component>
      <object_component id="oc-67">
         <name>.debug_info</name>
         <load_address>0x9881</load_address>
         <run_address>0x9881</run_address>
         <size>0x190</size>
         <input_file_ref idref="fl-d5"/>
      </object_component>
      <object_component id="oc-d4">
         <name>.debug_info</name>
         <load_address>0x9a11</load_address>
         <run_address>0x9a11</run_address>
         <size>0x39</size>
         <input_file_ref idref="fl-d5"/>
      </object_component>
      <object_component id="oc-123">
         <name>.debug_info</name>
         <load_address>0x9a4a</load_address>
         <run_address>0x9a4a</run_address>
         <size>0x39</size>
         <input_file_ref idref="fl-d5"/>
      </object_component>
      <object_component id="oc-d9">
         <name>.debug_info</name>
         <load_address>0x9a83</load_address>
         <run_address>0x9a83</run_address>
         <size>0xcd</size>
         <input_file_ref idref="fl-d5"/>
      </object_component>
      <object_component id="oc-d0">
         <name>.debug_info</name>
         <load_address>0x9b50</load_address>
         <run_address>0x9b50</run_address>
         <size>0x37a</size>
         <input_file_ref idref="fl-d6"/>
      </object_component>
      <object_component id="oc-a1">
         <name>.debug_info</name>
         <load_address>0x9eca</load_address>
         <run_address>0x9eca</run_address>
         <size>0x183</size>
         <input_file_ref idref="fl-d6"/>
      </object_component>
      <object_component id="oc-11e">
         <name>.debug_info</name>
         <load_address>0xa04d</load_address>
         <run_address>0xa04d</run_address>
         <size>0x2c</size>
         <input_file_ref idref="fl-d6"/>
      </object_component>
      <object_component id="oc-2d0">
         <name>.debug_info</name>
         <load_address>0xa079</load_address>
         <run_address>0xa079</run_address>
         <size>0xee</size>
         <input_file_ref idref="fl-d7"/>
      </object_component>
      <object_component id="oc-284">
         <name>.debug_info</name>
         <load_address>0xa167</load_address>
         <run_address>0xa167</run_address>
         <size>0xfa</size>
         <input_file_ref idref="fl-d7"/>
      </object_component>
      <object_component id="oc-21c">
         <name>.debug_info</name>
         <load_address>0xa261</load_address>
         <run_address>0xa261</run_address>
         <size>0x139</size>
         <input_file_ref idref="fl-d8"/>
      </object_component>
      <object_component id="oc-15e">
         <name>.debug_info</name>
         <load_address>0xa39a</load_address>
         <run_address>0xa39a</run_address>
         <size>0xf7</size>
         <input_file_ref idref="fl-d8"/>
      </object_component>
      <object_component id="oc-256">
         <name>.debug_info</name>
         <load_address>0xa491</load_address>
         <run_address>0xa491</run_address>
         <size>0x184</size>
         <input_file_ref idref="fl-d8"/>
      </object_component>
      <object_component id="oc-16c">
         <name>.debug_info</name>
         <load_address>0xa615</load_address>
         <run_address>0xa615</run_address>
         <size>0x163</size>
         <input_file_ref idref="fl-d9"/>
      </object_component>
      <object_component id="oc-1ec">
         <name>.debug_info</name>
         <load_address>0xa778</load_address>
         <run_address>0xa778</run_address>
         <size>0x144</size>
         <input_file_ref idref="fl-da"/>
      </object_component>
      <object_component id="oc-1c9">
         <name>.debug_info</name>
         <load_address>0xa8bc</load_address>
         <run_address>0xa8bc</run_address>
         <size>0x120</size>
         <input_file_ref idref="fl-db"/>
      </object_component>
      <object_component id="oc-1d8">
         <name>.debug_info</name>
         <load_address>0xa9dc</load_address>
         <run_address>0xa9dc</run_address>
         <size>0x122</size>
         <input_file_ref idref="fl-db"/>
      </object_component>
      <object_component id="oc-1d2">
         <name>.debug_info</name>
         <load_address>0xaafe</load_address>
         <run_address>0xaafe</run_address>
         <size>0x132</size>
         <input_file_ref idref="fl-dc"/>
      </object_component>
      <object_component id="oc-1ce">
         <name>.debug_info</name>
         <load_address>0xac30</load_address>
         <run_address>0xac30</run_address>
         <size>0x132</size>
         <input_file_ref idref="fl-dd"/>
      </object_component>
      <object_component id="oc-1dd">
         <name>.debug_info</name>
         <load_address>0xad62</load_address>
         <run_address>0xad62</run_address>
         <size>0x126</size>
         <input_file_ref idref="fl-de"/>
      </object_component>
      <object_component id="oc-1b9">
         <name>.debug_info</name>
         <load_address>0xae88</load_address>
         <run_address>0xae88</run_address>
         <size>0x378</size>
         <input_file_ref idref="fl-df"/>
      </object_component>
      <object_component id="oc-14d">
         <name>.debug_info</name>
         <load_address>0xb200</load_address>
         <run_address>0xb200</run_address>
         <size>0x23f</size>
         <input_file_ref idref="fl-df"/>
      </object_component>
      <object_component id="oc-1c1">
         <name>.debug_info</name>
         <load_address>0xb43f</load_address>
         <run_address>0xb43f</run_address>
         <size>0x43c</size>
         <input_file_ref idref="fl-e0"/>
      </object_component>
      <object_component id="oc-154">
         <name>.debug_info</name>
         <load_address>0xb87b</load_address>
         <run_address>0xb87b</run_address>
         <size>0x359</size>
         <input_file_ref idref="fl-e0"/>
      </object_component>
      <object_component id="oc-1e7">
         <name>.debug_info</name>
         <load_address>0xbbd4</load_address>
         <run_address>0xbbd4</run_address>
         <size>0x124</size>
         <input_file_ref idref="fl-e1"/>
      </object_component>
      <object_component id="oc-26c">
         <name>.debug_info</name>
         <load_address>0xbcf8</load_address>
         <run_address>0xbcf8</run_address>
         <size>0x2e6</size>
         <input_file_ref idref="fl-e2"/>
      </object_component>
      <object_component id="oc-1e1">
         <name>.debug_info</name>
         <load_address>0xbfde</load_address>
         <run_address>0xbfde</run_address>
         <size>0x1c2</size>
         <input_file_ref idref="fl-e2"/>
      </object_component>
      <object_component id="oc-289">
         <name>.debug_info</name>
         <load_address>0xc1a0</load_address>
         <run_address>0xc1a0</run_address>
         <size>0x28b</size>
         <input_file_ref idref="fl-e3"/>
      </object_component>
      <object_component id="oc-209">
         <name>.debug_info</name>
         <load_address>0xc42b</load_address>
         <run_address>0xc42b</run_address>
         <size>0x1ab</size>
         <input_file_ref idref="fl-e3"/>
      </object_component>
      <object_component id="oc-262">
         <name>.debug_info</name>
         <load_address>0xc5d6</load_address>
         <run_address>0xc5d6</run_address>
         <size>0x29a</size>
         <input_file_ref idref="fl-e4"/>
      </object_component>
      <object_component id="oc-1bc">
         <name>.debug_info</name>
         <load_address>0xc870</load_address>
         <run_address>0xc870</run_address>
         <size>0x242</size>
         <input_file_ref idref="fl-e4"/>
      </object_component>
      <object_component id="oc-7e">
         <name>.debug_info</name>
         <load_address>0xcab2</load_address>
         <run_address>0xcab2</run_address>
         <size>0x3bc</size>
         <input_file_ref idref="fl-e5"/>
      </object_component>
      <object_component id="oc-2c">
         <name>.debug_info</name>
         <load_address>0xce6e</load_address>
         <run_address>0xce6e</run_address>
         <size>0x101</size>
         <input_file_ref idref="fl-e5"/>
      </object_component>
      <object_component id="oc-228">
         <name>.debug_info</name>
         <load_address>0xcf6f</load_address>
         <run_address>0xcf6f</run_address>
         <size>0x14c</size>
         <input_file_ref idref="fl-e5"/>
      </object_component>
      <object_component id="oc-167">
         <name>.debug_info</name>
         <load_address>0xd0bb</load_address>
         <run_address>0xd0bb</run_address>
         <size>0x885</size>
         <input_file_ref idref="fl-e5"/>
      </object_component>
      <object_component id="oc-c3">
         <name>.debug_info</name>
         <load_address>0xd940</load_address>
         <run_address>0xd940</run_address>
         <size>0x2c</size>
         <input_file_ref idref="fl-e5"/>
      </object_component>
      <object_component id="oc-c8">
         <name>.debug_info</name>
         <load_address>0xd96c</load_address>
         <run_address>0xd96c</run_address>
         <size>0x62</size>
         <input_file_ref idref="fl-e5"/>
      </object_component>
      <object_component id="oc-270">
         <name>.debug_info</name>
         <load_address>0xd9ce</load_address>
         <run_address>0xd9ce</run_address>
         <size>0x2d9</size>
         <input_file_ref idref="fl-e6"/>
      </object_component>
      <object_component id="oc-1f3">
         <name>.debug_info</name>
         <load_address>0xdca7</load_address>
         <run_address>0xdca7</run_address>
         <size>0x18a</size>
         <input_file_ref idref="fl-e6"/>
      </object_component>
      <object_component id="oc-271">
         <name>.debug_info</name>
         <load_address>0xde31</load_address>
         <run_address>0xde31</run_address>
         <size>0x2c</size>
         <input_file_ref idref="fl-e6"/>
      </object_component>
      <object_component id="oc-280">
         <name>.debug_info</name>
         <load_address>0xde5d</load_address>
         <run_address>0xde5d</run_address>
         <size>0x316</size>
         <input_file_ref idref="fl-e7"/>
      </object_component>
      <object_component id="oc-1f7">
         <name>.debug_info</name>
         <load_address>0xe173</load_address>
         <run_address>0xe173</run_address>
         <size>0x1d5</size>
         <input_file_ref idref="fl-e7"/>
      </object_component>
      <object_component id="oc-aa">
         <name>.debug_info</name>
         <load_address>0xe348</load_address>
         <run_address>0xe348</run_address>
         <size>0x145</size>
         <input_file_ref idref="fl-e8"/>
      </object_component>
      <object_component id="oc-282">
         <name>.debug_info</name>
         <load_address>0xe48d</load_address>
         <run_address>0xe48d</run_address>
         <size>0x28f</size>
         <input_file_ref idref="fl-e9"/>
      </object_component>
      <object_component id="oc-1fd">
         <name>.debug_info</name>
         <load_address>0xe71c</load_address>
         <run_address>0xe71c</run_address>
         <size>0x244</size>
         <input_file_ref idref="fl-e9"/>
      </object_component>
      <object_component id="oc-1c3">
         <name>.debug_info</name>
         <load_address>0xe960</load_address>
         <run_address>0xe960</run_address>
         <size>0x17d</size>
         <input_file_ref idref="fl-ea"/>
      </object_component>
      <object_component id="oc-25e">
         <name>.debug_info</name>
         <load_address>0xeadd</load_address>
         <run_address>0xeadd</run_address>
         <size>0x4c5</size>
         <input_file_ref idref="fl-eb"/>
      </object_component>
      <object_component id="oc-2b1">
         <name>.debug_info</name>
         <load_address>0xefa2</load_address>
         <run_address>0xefa2</run_address>
         <size>0xf8</size>
         <input_file_ref idref="fl-eb"/>
      </object_component>
      <object_component id="oc-25b">
         <name>.debug_info</name>
         <load_address>0xf09a</load_address>
         <run_address>0xf09a</run_address>
         <size>0xf8</size>
         <input_file_ref idref="fl-eb"/>
      </object_component>
      <object_component id="oc-1b5">
         <name>.debug_info</name>
         <load_address>0xf192</load_address>
         <run_address>0xf192</run_address>
         <size>0x184</size>
         <input_file_ref idref="fl-eb"/>
      </object_component>
      <object_component id="oc-2b7">
         <name>.debug_info</name>
         <load_address>0xf316</load_address>
         <run_address>0xf316</run_address>
         <size>0x120</size>
         <input_file_ref idref="fl-eb"/>
      </object_component>
      <object_component id="oc-2bc">
         <name>.debug_info</name>
         <load_address>0xf436</load_address>
         <run_address>0xf436</run_address>
         <size>0x2c</size>
         <input_file_ref idref="fl-eb"/>
      </object_component>
      <object_component id="oc-254">
         <name>.debug_info</name>
         <load_address>0xf462</load_address>
         <run_address>0xf462</run_address>
         <size>0x2eb</size>
         <input_file_ref idref="fl-ec"/>
      </object_component>
      <object_component id="oc-1a8">
         <name>.debug_info</name>
         <load_address>0xf74d</load_address>
         <run_address>0xf74d</run_address>
         <size>0x230</size>
         <input_file_ref idref="fl-ec"/>
      </object_component>
      <object_component id="oc-2a5">
         <name>.debug_info</name>
         <load_address>0xf97d</load_address>
         <run_address>0xf97d</run_address>
         <size>0xbb</size>
         <input_file_ref idref="fl-ec"/>
      </object_component>
      <object_component id="oc-27d">
         <name>.debug_info</name>
         <load_address>0xfa38</load_address>
         <run_address>0xfa38</run_address>
         <size>0xf3</size>
         <input_file_ref idref="fl-ed"/>
      </object_component>
      <object_component id="oc-259">
         <name>.debug_info</name>
         <load_address>0xfb2b</load_address>
         <run_address>0xfb2b</run_address>
         <size>0x33c</size>
         <input_file_ref idref="fl-ee"/>
      </object_component>
      <object_component id="oc-1ad">
         <name>.debug_info</name>
         <load_address>0xfe67</load_address>
         <run_address>0xfe67</run_address>
         <size>0x25a</size>
         <input_file_ref idref="fl-ee"/>
      </object_component>
      <object_component id="oc-29c">
         <name>.debug_info</name>
         <load_address>0x100c1</load_address>
         <run_address>0x100c1</run_address>
         <size>0x319</size>
         <input_file_ref idref="fl-ef"/>
      </object_component>
      <object_component id="oc-248">
         <name>.debug_info</name>
         <load_address>0x103da</load_address>
         <run_address>0x103da</run_address>
         <size>0x1e1</size>
         <input_file_ref idref="fl-ef"/>
      </object_component>
      <object_component id="oc-33f">
         <name>.debug_info</name>
         <load_address>0x105bb</load_address>
         <run_address>0x105bb</run_address>
         <size>0x368</size>
         <input_file_ref idref="fl-f0"/>
      </object_component>
      <object_component id="oc-2f4">
         <name>.debug_info</name>
         <load_address>0x10923</load_address>
         <run_address>0x10923</run_address>
         <size>0x1b1</size>
         <input_file_ref idref="fl-f0"/>
      </object_component>
      <object_component id="oc-345">
         <name>.debug_info</name>
         <load_address>0x10ad4</load_address>
         <run_address>0x10ad4</run_address>
         <size>0x36d</size>
         <input_file_ref idref="fl-f1"/>
      </object_component>
      <object_component id="oc-304">
         <name>.debug_info</name>
         <load_address>0x10e41</load_address>
         <run_address>0x10e41</run_address>
         <size>0x205</size>
         <input_file_ref idref="fl-f1"/>
      </object_component>
      <object_component id="oc-33b">
         <name>.debug_info</name>
         <load_address>0x11046</load_address>
         <run_address>0x11046</run_address>
         <size>0x3cb</size>
         <input_file_ref idref="fl-f2"/>
      </object_component>
      <object_component id="oc-2eb">
         <name>.debug_info</name>
         <load_address>0x11411</load_address>
         <run_address>0x11411</run_address>
         <size>0x201</size>
         <input_file_ref idref="fl-f2"/>
      </object_component>
      <object_component id="oc-341">
         <name>.debug_info</name>
         <load_address>0x11612</load_address>
         <run_address>0x11612</run_address>
         <size>0x36c</size>
         <input_file_ref idref="fl-f3"/>
      </object_component>
      <object_component id="oc-2f7">
         <name>.debug_info</name>
         <load_address>0x1197e</load_address>
         <run_address>0x1197e</run_address>
         <size>0x1f0</size>
         <input_file_ref idref="fl-f3"/>
      </object_component>
      <object_component id="oc-349">
         <name>.debug_info</name>
         <load_address>0x11b6e</load_address>
         <run_address>0x11b6e</run_address>
         <size>0x3f3</size>
         <input_file_ref idref="fl-f4"/>
      </object_component>
      <object_component id="oc-30f">
         <name>.debug_info</name>
         <load_address>0x11f61</load_address>
         <run_address>0x11f61</run_address>
         <size>0x22b</size>
         <input_file_ref idref="fl-f4"/>
      </object_component>
      <object_component id="oc-347">
         <name>.debug_info</name>
         <load_address>0x1218c</load_address>
         <run_address>0x1218c</run_address>
         <size>0x3be</size>
         <input_file_ref idref="fl-f5"/>
      </object_component>
      <object_component id="oc-30a">
[...]
      </symbol>
      <symbol id="sm-e2">
         <name>g_pfnVectors</name>
         <value>0x0</value>
         <object_component_ref idref="oc-f"/>
      </symbol>
      <symbol id="sm-f3">
         <name>_c_int00</name>
         <value>0x34d9</value>
         <object_component_ref idref="oc-24"/>
      </symbol>
      <symbol id="sm-f4">
         <name>__stack</name>
         <value>0x20000000</value>
         <object_component_ref idref="oc-2a"/>
      </symbol>
      <symbol id="sm-112">
         <name>__TI_decompress_lzss</name>
         <value>0x3105</value>
         <object_component_ref idref="oc-12"/>
      </symbol>
      <symbol id="sm-129">
         <name>__TI_decompress_none</name>
         <value>0x3921</value>
         <object_component_ref idref="oc-18"/>
      </symbol>
      <symbol id="sm-140">
         <name>__TI_zero_init</name>
         <value>0x392f</value>
         <object_component_ref idref="oc-1e"/>
      </symbol>
      <symbol id="sm-161">
         <name>C$$EXIT</name>
         <value>0x352d</value>
         <object_component_ref idref="oc-72"/>
      </symbol>
      <symbol id="sm-162">
         <name>abort</name>
         <value>0x3531</value>
         <object_component_ref idref="oc-72"/>
      </symbol>
      <symbol id="sm-163">
         <name>exit</name>
         <value>0x3539</value>
         <object_component_ref idref="oc-72"/>
      </symbol>
      <symbol id="sm-164">
         <name>__TI_dtors_ptr</name>
         <value>0x20002404</value>
         <object_component_ref idref="oc-b6"/>
      </symbol>
      <symbol id="sm-165">
         <name>__TI_cleanup_ptr</name>
         <value>0x20002400</value>
         <object_component_ref idref="oc-b6"/>
      </symbol>
      <symbol id="sm-166">
         <name>__TI_enable_exit_profile_output</name>
         <value>0x20002408</value>
         <object_component_ref idref="oc-b6"/>
      </symbol>
      <symbol id="sm-181">
         <name>memcpy</name>
         <value>0x2bd9</value>
         <object_component_ref idref="oc-42"/>
      </symbol>
      <symbol id="sm-182">
         <name>__aeabi_memcpy</name>
         <value>0x2bd9</value>
         <object_component_ref idref="oc-42"/>
      </symbol>
      <symbol id="sm-183">
         <name>__aeabi_memcpy8</name>
         <value>0x2bd9</value>
         <object_component_ref idref="oc-42"/>
      </symbol>
      <symbol id="sm-184">
         <name>__aeabi_memcpy4</name>
         <value>0x2bd9</value>
         <object_component_ref idref="oc-42"/>
      </symbol>
      <symbol id="sm-193">
         <name>__aeabi_memset</name>
         <value>0x2f3b</value>
         <object_component_ref idref="oc-4e"/>
      </symbol>
      <symbol id="sm-194">
         <name>memset</name>
         <value>0x2f41</value>
         <object_component_ref idref="oc-4e"/>
      </symbol>
      <symbol id="sm-195">
         <name>__aeabi_memset8</name>
         <value>0x2f3b</value>
         <object_component_ref idref="oc-4e"/>
      </symbol>
      <symbol id="sm-196">
         <name>__aeabi_memset4</name>
         <value>0x2f3b</value>
         <object_component_ref idref="oc-4e"/>
      </symbol>
      <symbol id="sm-197">
         <name>__aeabi_memclr8</name>
         <value>0x2f39</value>
         <object_component_ref idref="oc-4e"/>
      </symbol>
      <symbol id="sm-198">
         <name>__aeabi_memclr4</name>
         <value>0x2f39</value>
         <object_component_ref idref="oc-4e"/>
      </symbol>
      <symbol id="sm-199">
         <name>__aeabi_memclr</name>
         <value>0x2f39</value>
         <object_component_ref idref="oc-4e"/>
      </symbol>
      <symbol id="sm-1a3">
         <name>__mpu_init</name>
         <value>0x13ab</value>
         <object_component_ref idref="oc-5a"/>
      </symbol>
      <symbol id="sm-1ad">
         <name>_system_pre_init</name>
         <value>0x394b</value>
         <object_component_ref idref="oc-60"/>
      </symbol>
      <symbol id="sm-1cb">
         <name>printf</name>
         <value>0x309d</value>
         <object_component_ref idref="oc-e4"/>
      </symbol>
      <symbol id="sm-1d3">
         <name>main_func_sp</name>
         <value>0x2000242c</value>
         <object_component_ref idref="oc-78"/>
      </symbol>
      <symbol id="sm-1e3">
         <name>strcat</name>
         <value>0x383d</value>
         <object_component_ref idref="oc-f6"/>
      </symbol>
      <symbol id="sm-1f2">
         <name>strcmp</name>
         <value>0x3891</value>
         <object_component_ref idref="oc-135"/>
      </symbol>
      <symbol id="sm-200">
         <name>strcpy</name>
         <value>0x38e9</value>
         <object_component_ref idref="oc-13b"/>
      </symbol>
      <symbol id="sm-20e">
         <name>strlen</name>
         <value>0x38fd</value>
         <object_component_ref idref="oc-ea"/>
      </symbol>
      <symbol id="sm-262">
         <name>__vla_dealloc</name>
         <value>0x1a65</value>
         <object_component_ref idref="oc-f0"/>
      </symbol>
      <symbol id="sm-263">
         <name>__vla_dealloc_eh</name>
         <value>0x1ad7</value>
         <object_component_ref idref="oc-f0"/>
      </symbol>
      <symbol id="sm-264">
         <name>__vla_alloc</name>
         <value>0x1b57</value>
         <object_component_ref idref="oc-f0"/>
      </symbol>
      <symbol id="sm-285">
         <name>vsnprintf</name>
         <value>0x2da5</value>
         <object_component_ref idref="oc-12f"/>
      </symbol>
      <symbol id="sm-29e">
         <name>_nop</name>
         <value>0x38cf</value>
         <object_component_ref idref="oc-110"/>
      </symbol>
      <symbol id="sm-29f">
         <name>_lock</name>
         <value>0x20002418</value>
         <object_component_ref idref="oc-b9"/>
      </symbol>
      <symbol id="sm-2a0">
         <name>_unlock</name>
         <value>0x2000241c</value>
         <object_component_ref idref="oc-b9"/>
      </symbol>
      <symbol id="sm-2a1">
         <name>_register_lock</name>
         <value>0x38c7</value>
         <object_component_ref idref="oc-110"/>
      </symbol>
      <symbol id="sm-2a2">
         <name>_register_unlock</name>
         <value>0x38c1</value>
         <object_component_ref idref="oc-110"/>
      </symbol>
      <symbol id="sm-3a3">
         <name>__TI_printfi</name>
         <value>0xab1</value>
         <object_component_ref idref="oc-157"/>
      </symbol>
      <symbol id="sm-3b7">
         <name>_args_main</name>
         <value>0x3879</value>
         <object_component_ref idref="oc-6c"/>
      </symbol>
      <symbol id="sm-3cd">
         <name>atoi</name>
         <value>0x35d5</value>
         <object_component_ref idref="oc-202"/>
      </symbol>
      <symbol id="sm-3f7">
         <name>__TI_auto_init</name>
         <value>0x2fb5</value>
         <object_component_ref idref="oc-66"/>
      </symbol>
      <symbol id="sm-411">
         <name>copy_in</name>
         <value>0x3621</value>
         <object_component_ref idref="oc-a0"/>
      </symbol>
      <symbol id="sm-41c">
         <name>_ctypes_</name>
         <value>0x394e</value>
         <object_component_ref idref="oc-283"/>
      </symbol>
      <symbol id="sm-431">
         <name>__TI_tmpnams</name>
         <value>0x20002120</value>
      </symbol>
      <symbol id="sm-432">
         <name>__aeabi_stdout</name>
         <value>0x200023f8</value>
         <object_component_ref idref="oc-255"/>
      </symbol>
      <symbol id="sm-433">
         <name>__aeabi_stderr</name>
         <value>0x200023fc</value>
         <object_component_ref idref="oc-255"/>
      </symbol>
      <symbol id="sm-434">
         <name>__aeabi_stdin</name>
         <value>0x200023f4</value>
         <object_component_ref idref="oc-255"/>
      </symbol>
      <symbol id="sm-435">
         <name>_ftable</name>
         <value>0x20002238</value>
         <object_component_ref idref="oc-15d"/>
      </symbol>
      <symbol id="sm-436">
         <name>__TI_ft_end</name>
         <value>0x200023f0</value>
         <object_component_ref idref="oc-255"/>
      </symbol>
      <symbol id="sm-440">
         <name>__abort_execution</name>
         <value>0x3947</value>
         <object_component_ref idref="oc-16a"/>
      </symbol>
      <symbol id="sm-457">
         <name>__aeabi_dsub</name>
         <value>0x2061</value>
         <object_component_ref idref="oc-1eb"/>
      </symbol>
      <symbol id="sm-458">
         <name>__aeabi_dadd</name>
         <value>0x206b</value>
         <object_component_ref idref="oc-1eb"/>
      </symbol>
      <symbol id="sm-47a">
         <name>__aeabi_cdcmpeq</name>
         <value>0x2e2d</value>
         <object_component_ref idref="oc-1c7"/>
      </symbol>
      <symbol id="sm-47b">
         <name>__aeabi_cdcmple</name>
         <value>0x2e2d</value>
         <object_component_ref idref="oc-1c7"/>
      </symbol>
      <symbol id="sm-47c">
         <name>__aeabi_cdrcmple</name>
         <value>0x2eb3</value>
         <object_component_ref idref="oc-1d6"/>
      </symbol>
      <symbol id="sm-490">
         <name>__aeabi_ddiv</name>
         <value>0x2371</value>
         <object_component_ref idref="oc-1d1"/>
      </symbol>
      <symbol id="sm-49b">
         <name>__aeabi_dmul</name>
         <value>0x25dd</value>
         <object_component_ref idref="oc-1cc"/>
      </symbol>
      <symbol id="sm-4a5">
         <name>__aeabi_d2iz</name>
         <value>0x366d</value>
         <object_component_ref idref="oc-1db"/>
      </symbol>
      <symbol id="sm-4bc">
         <name>putc</name>
         <value>0x2d0d</value>
         <object_component_ref idref="oc-14b"/>
      </symbol>
      <symbol id="sm-4bd">
         <name>fputc</name>
         <value>0x2d0d</value>
         <object_component_ref idref="oc-14b"/>
      </symbol>
      <symbol id="sm-4be">
         <name>putchar</name>
         <value>0x2d91</value>
         <object_component_ref idref="oc-14b"/>
      </symbol>
      <symbol id="sm-4e0">
         <name>puts</name>
         <value>0x25b5</value>
         <object_component_ref idref="oc-151"/>
      </symbol>
      <symbol id="sm-4e1">
         <name>fputs</name>
         <value>0x24a9</value>
         <object_component_ref idref="oc-151"/>
      </symbol>
      <symbol id="sm-4eb">
         <name>__aeabi_i2d</name>
         <value>0x3773</value>
         <object_component_ref idref="oc-1e6"/>
      </symbol>
      <symbol id="sm-4fa">
         <name>ltoa</name>
         <value>0x3581</value>
         <object_component_ref idref="oc-1e0"/>
      </symbol>
      <symbol id="sm-50a">
         <name>memccpy</name>
         <value>0x385b</value>
         <object_component_ref idref="oc-208"/>
      </symbol>
      <symbol id="sm-51a">
         <name>memchr</name>
         <value>0x381d</value>
         <object_component_ref idref="oc-1ba"/>
      </symbol>
      <symbol id="sm-591">
         <name>_sys_memory</name>
         <value>0x20001000</value>
         <object_component_ref idref="oc-2b"/>
      </symbol>
      <symbol id="sm-592">
         <name>free</name>
         <value>0x1497</value>
         <object_component_ref idref="oc-164"/>
      </symbol>
      <symbol id="sm-593">
         <name>realloc</name>
         <value>0x1557</value>
         <object_component_ref idref="oc-164"/>
      </symbol>
      <symbol id="sm-594">
         <name>memalign</name>
         <value>0x1661</value>
         <object_component_ref idref="oc-164"/>
      </symbol>
      <symbol id="sm-595">
         <name>calloc</name>
         <value>0x174d</value>
         <object_component_ref idref="oc-164"/>
      </symbol>
      <symbol id="sm-596">
         <name>malloc</name>
         <value>0x142d</value>
         <object_component_ref idref="oc-164"/>
      </symbol>
      <symbol id="sm-597">
         <name>minit</name>
         <value>0x13ad</value>
         <object_component_ref idref="oc-164"/>
      </symbol>
      <symbol id="sm-5b2">
         <name>frexpl</name>
         <value>0x3309</value>
         <object_component_ref idref="oc-1f0"/>
      </symbol>
      <symbol id="sm-5b3">
         <name>frexp</name>
         <value>0x3309</value>
         <object_component_ref idref="oc-1f0"/>
      </symbol>
      <symbol id="sm-5d0">
         <name>scalbn</name>
         <value>0x26d9</value>
         <object_component_ref idref="oc-1f6"/>
      </symbol>
      <symbol id="sm-5d1">
         <name>scalbnl</name>
         <value>0x26d9</value>
         <object_component_ref idref="oc-1f6"/>
      </symbol>
      <symbol id="sm-5d2">
         <name>ldexpl</name>
         <value>0x26d9</value>
         <object_component_ref idref="oc-1f6"/>
      </symbol>
      <symbol id="sm-5d3">
         <name>ldexp</name>
         <value>0x26d9</value>
         <object_component_ref idref="oc-1f6"/>
      </symbol>
      <symbol id="sm-5dd">
         <name>_system_post_cinit</name>
         <value>0x2217</value>
         <object_component_ref idref="oc-a6"/>
      </symbol>
      <symbol id="sm-5ed">
         <name>strchr</name>
         <value>0x38a9</value>
         <object_component_ref idref="oc-1fc"/>
      </symbol>
      <symbol id="sm-609">
         <name>__aeabi_uldivmod</name>
         <value>0x1ca9</value>
         <object_component_ref idref="oc-1c2"/>
      </symbol>
      <symbol id="sm-62f">
         <name>_stream</name>
         <value>0x200023a0</value>
         <object_component_ref idref="oc-25a"/>
      </symbol>
      <symbol id="sm-630">
         <name>_device</name>
         <value>0x20002328</value>
         <object_component_ref idref="oc-2b0"/>
      </symbol>
      <symbol id="sm-631">
         <name>write</name>
         <value>0x37f5</value>
         <object_component_ref idref="oc-1b2"/>
      </symbol>
      <symbol id="sm-64f">
         <name>__TI_wrt_ok</name>
         <value>0x2b2d</value>
         <object_component_ref idref="oc-1a6"/>
      </symbol>
      <symbol id="sm-650">
         <name>__TI_rd_ok</name>
         <value>0x2b8f</value>
         <object_component_ref idref="oc-1a6"/>
      </symbol>
      <symbol id="sm-658">
         <name>errno</name>
         <value>0x20002420</value>
         <object_component_ref idref="oc-27c"/>
      </symbol>
      <symbol id="sm-672">
         <name>__TI_doflush</name>
         <value>0x29a9</value>
         <object_component_ref idref="oc-1ac"/>
      </symbol>
      <symbol id="sm-673">
         <name>fflush</name>
         <value>0x29f5</value>
         <object_component_ref idref="oc-1ac"/>
      </symbol>
      <symbol id="sm-685">
         <name>fseek</name>
         <value>0x32a5</value>
         <object_component_ref idref="oc-247"/>
      </symbol>
      <symbol id="sm-696">
         <name>HOSTclose</name>
         <value>0x36b5</value>
         <object_component_ref idref="oc-2f0"/>
      </symbol>
      <symbol id="sm-6a7">
         <name>HOSTlseek</name>
         <value>0x316d</value>
         <object_component_ref idref="oc-302"/>
      </symbol>
      <symbol id="sm-6b9">
         <name>parmbuf</name>
         <value>0x20002230</value>
      </symbol>
      <symbol id="sm-6ba">
         <name>HOSTopen</name>
         <value>0x336d</value>
         <object_component_ref idref="oc-2ea"/>
      </symbol>
      <symbol id="sm-6cb">
         <name>HOSTread</name>
         <value>0x3429</value>
         <object_component_ref idref="oc-2f6"/>
      </symbol>
      <symbol id="sm-6dc">
         <name>HOSTrename</name>
         <value>0x31d5</value>
         <object_component_ref idref="oc-30e"/>
      </symbol>
      <symbol id="sm-6ed">
         <name>HOSTunlink</name>
         <value>0x36f9</value>
         <object_component_ref idref="oc-308"/>
      </symbol>
      <symbol id="sm-6fe">
         <name>HOSTwrite</name>
         <value>0x3481</value>
         <object_component_ref idref="oc-2fc"/>
      </symbol>
      <symbol id="sm-70e">
         <name>lseek</name>
         <value>0x37cd</value>
         <object_component_ref idref="oc-295"/>
      </symbol>
      <symbol id="sm-718">
         <name>copysign</name>
         <value>0x38d5</value>
         <object_component_ref idref="oc-276"/>
      </symbol>
      <symbol id="sm-719">
         <name>copysignl</name>
         <value>0x38d5</value>
         <object_component_ref idref="oc-276"/>
      </symbol>
      <symbol id="sm-735">
         <name>setvbuf</name>
         <value>0x28cd</value>
         <object_component_ref idref="oc-24d"/>
      </symbol>
      <symbol id="sm-750">
         <name>__TI_readmsg</name>
         <value>0x326f</value>
         <object_component_ref idref="oc-334"/>
      </symbol>
      <symbol id="sm-751">
         <name>C$$IO$$</name>
         <value>0x326b</value>
         <object_component_ref idref="oc-334"/>
      </symbol>
      <symbol id="sm-752">
         <name>__CIOBUF_</name>
         <value>0x20002000</value>
         <object_component_ref idref="oc-35a"/>
      </symbol>
      <symbol id="sm-753">
         <name>__TI_writemsg</name>
         <value>0x323d</value>
         <object_component_ref idref="oc-334"/>
      </symbol>
      <symbol id="sm-785">
         <name>__TI_cleanup</name>
         <value>0x1f65</value>
         <object_component_ref idref="oc-29d"/>
      </symbol>
      <symbol id="sm-786">
         <name>freopen</name>
         <value>0x1f91</value>
         <object_component_ref idref="oc-29d"/>
      </symbol>
      <symbol id="sm-787">
         <name>fopen</name>
         <value>0x1fbb</value>
         <object_component_ref idref="oc-29d"/>
      </symbol>
      <symbol id="sm-7a4">
         <name>open</name>
         <value>0x2a71</value>
         <object_component_ref idref="oc-2d9"/>
      </symbol>
      <symbol id="sm-7ba">
         <name>__TI_closefile</name>
         <value>0x2c75</value>
         <object_component_ref idref="oc-2df"/>
      </symbol>
      <symbol id="sm-7bb">
         <name>fclose</name>
         <value>0x2cdb</value>
         <object_component_ref idref="oc-2df"/>
      </symbol>
      <symbol id="sm-7d5">
         <name>finddevice</name>
         <value>0x3025</value>
         <object_component_ref idref="oc-31a"/>
      </symbol>
      <symbol id="sm-7d6">
         <name>getdevice</name>
         <value>0x304f</value>
         <object_component_ref idref="oc-31a"/>
      </symbol>
      <symbol id="sm-7e7">
         <name>strncpy</name>
         <value>0x373d</value>
         <object_component_ref idref="oc-34a"/>
      </symbol>
      <symbol id="sm-7f7">
         <name>unlink</name>
         <value>0x37a1</value>
         <object_component_ref idref="oc-329"/>
      </symbol>
      <symbol id="sm-80b">
         <name>close</name>
         <value>0x33cd</value>
         <object_component_ref idref="oc-323"/>
      </symbol>
      <symbol id="sm-80c">
         <name>__TI_static_base__</name>
         <value>0x0</value>
      </symbol>
      <symbol id="sm-80f">
         <name>SHT$$INIT_ARRAY$$Limit</name>
         <value>0x0</value>
      </symbol>
      <symbol id="sm-810">
         <name>SHT$$INIT_ARRAY$$Base</name>
         <value>0x0</value>
      </symbol>
      <symbol id="sm-811">
         <name>remove</name>
         <value>0x37a1</value>
      </symbol>
   </symbol_table>
   <title>Link successful</title>
</link_info>
