******************************************************************************
                  TI ARM Linker PC v16.9.1                     
******************************************************************************
>> Linked Wed Jan 17 14:10:51 2018

OUTPUT FILE NAME:   <helloworld.out>
ENTRY POINT SYMBOL: "_c_int00"  address: 00003859


MEMORY CONFIGURATION

         name            origin    length      used     unused   attr    fill
----------------------  --------  ---------  --------  --------  ----  --------
  FLASH                 00000000   00040000  00003d8c  0003c274  R  X
  SRAM                  20000000   00008000  00002434  00005bcc  RW X


SEGMENT ALLOCATION MAP

run origin  load origin   length   init length attrs members
----------  ----------- ---------- ----------- ----- -------
00000000    00000000    00003d90   00003d90    r-x
  00000000    00000000    0000026c   0000026c    r-- .intvecs
  0000026c    0000026c    0000395e   0000395e    r-x .text
  00003bca    00003bca    0000012a   0000012a    r-- .const
  00003cf8    00003cf8    00000098   00000098    r-- .cinit
20000000    20000000    00002434   00000000    rw-
  20000000    20000000    00001000   00000000    rw- .stack
  20001000    20001000    00001000   00000000    rw- .sysmem
  20002000    20002000    00000238   00000000    rw- .bss
  20002238    20002238    000001fc   00000000    rw- .data


SECTION ALLOCATION MAP

 output                                  attributes/
section   page    origin      length       input sections
--------  ----  ----------  ----------   ----------------
.intvecs   0    00000000    0000026c     
                  00000000    0000026c     tm4c123gh6pm_startup_ccs.obj (.intvecs)

.text      0    0000026c    0000395e     
                  0000026c    0000113e     rtsv7M4_T_le_v4SPD16_eabi.lib : _printfi.obj (.text)
                  000013aa    00000002                                   : mpu_init.obj (.text)
                  000013ac    000003d0                                   : memory.obj (.text)
                  0000177c    00000324                                   : trgdrv.obj (.text)
                  00001aa0    0000030c                                   : lowlev.obj (.text)
                  00001dac    000002e8     lcd.obj (.text)
                  00002094    00000298     rtsv7M4_T_le_v4SPD16_eabi.lib : vla_alloc.obj (.text)
                  0000232c    000001f4                                   : ull_div_t2.obj (.text)
                  00002520    000001c4                                   : fopen.obj (.text)
                  000026e4    000001b6                                   : fd_add_t2.obj (.text)
                  0000289a    00000002                                   : startup.obj (.text)
                  0000289c    00000158     Timer.obj (.text)
                  000029f4    00000136     rtsv7M4_T_le_v4SPD16_eabi.lib : fd_div_t2.obj (.text)
                  00002b2a    00000002     --HOLE-- [fill = 0]
                  00002b2c    00000134                                   : fputs.obj (.text)
                  00002c60    000000fc                                   : fd_mul_t2.obj (.text)
                  00002d5c    000000fc                                   : s_scalbn.obj (.text)
                  00002e58    000000f0     helloworld.obj (.text)
                  00002f48    000000dc     rtsv7M4_T_le_v4SPD16_eabi.lib : setvbuf.obj (.text)
                  00003024    000000c8                                   : fflush.obj (.text)
                  000030ec    000000ac                                   : _io_perm.obj (.text)
                  00003198    0000009c                                   : memcpy_t2.obj (.text)
                  00003234    00000098                                   : fclose.obj (.text)
                  000032cc    00000098                                   : fputc.obj (.text)
                  00003364    00000088                                   : vsnprintf.obj (.text)
                  000033ec    00000086                                   : fd_cmp_t2.obj (.text:__aeabi_cdcmple)
                  00003472    00000086                                   : fd_cmp_t2.obj (.text:__aeabi_cdrcmple)
                  000034f8    0000007a                                   : memset_t2.obj (.text)
                  00003572    00000002     --HOLE-- [fill = 0]
                  00003574    00000070                                   : autoinit.obj (.text)
                  000035e4    00000070                                   : printf.obj (.text)
                  00003654    0000006c                                   : fprintf.obj (.text)
                  000036c0    00000068                                   : copy_decompress_lzss.obj (.text:decompress:lzss)
                  00003728    00000068                                   : trgmsg.obj (.text)
                  00003790    00000064                                   : fseek.obj (.text)
                  000037f4    00000064                                   : s_frexp.obj (.text)
                  00003858    00000054                                   : boot.obj (.text)
                  000038ac    00000054                                   : exit.obj (.text)
                  00003900    00000054                                   : ltoa.obj (.text)
                  00003954    0000004c                                   : atoi.obj (.text)
                  000039a0    0000004c                                   : cpy_tbl.obj (.text)
                  000039ec    00000048                                   : fd_toi_t2.obj (.text)
                  00003a34    00000036                                   : strncpy.obj (.text)
                  00003a6a    0000002e                                   : i_tofd_t2.obj (.text)
                  00003a98    00000020                                   : memchr.obj (.text)
                  00003ab8    0000001e                                   : strcat.obj (.text)
                  00003ad6    0000001c                                   : memccpy.obj (.text)
                  00003af2    00000002     --HOLE-- [fill = 0]
                  00003af4    00000018                                   : args_main.obj (.text)
                  00003b0c    00000018                                   : strcmp.obj (.text)
                  00003b24    00000016                                   : strchr.obj (.text)
                  00003b3a    00000002     --HOLE-- [fill = 0]
                  00003b3c    00000014                                   : _lock.obj (.text)
                  00003b50    00000014                                   : s_copysign.obj (.text)
                  00003b64    00000014                                   : strcpy.obj (.text)
                  00003b78    00000014                                   : strlen.obj (.text)
                  00003b8c    00000010     lcd.obj (.text:lcd_clear)
                  00003b9c    0000000e     rtsv7M4_T_le_v4SPD16_eabi.lib : copy_decompress_none.obj (.text:decompress:none)
                  00003baa    0000000c                                   : copy_zero_init.obj (.text:decompress:ZI)
                  00003bb6    0000000c     tm4c123gh6pm_startup_ccs.obj (.text)
                  00003bc2    00000004     rtsv7M4_T_le_v4SPD16_eabi.lib : error.obj (.text)
                  00003bc6    00000004                                   : pre_init.obj (.text)

.const     0    00003bca    0000012a     
                  00003bca    00000101     rtsv7M4_T_le_v4SPD16_eabi.lib : ctype.obj (.const:.string:_ctypes_)
                  00003ccb    00000021     helloworld.obj (.const:.string:$P$T1$1)
                  00003cec    00000004     lcd.obj (.const:.string:lineAddress$1)
                  00003cf0    00000004     lcd.obj (.const:.string:lineAddresses$2)

.cinit     0    00003cf8    00000098     
                  00003cf8    00000070     (.cinit..data.load) [load image, compression = lzss]
                  00003d68    0000000c     (__TI_handler_table)
                  00003d74    00000004     --HOLE-- [fill = 0]
                  00003d78    00000008     (.cinit..bss.load) [load image, compression = zero_init]
                  00003d80    00000010     (__TI_cinit_table)

.init_array 
*          0    00000000    00000000     UNINITIALIZED

.stack     0    20000000    00001000     UNINITIALIZED
                  20000000    00001000     --HOLE--

.sysmem    0    20001000    00001000     UNINITIALIZED
                  20001000    00000008     rtsv7M4_T_le_v4SPD16_eabi.lib : memory.obj (.sysmem)
                  20001008    00000ff8     --HOLE--

.bss       0    20002000    00000238     UNINITIALIZED
                  20002000    00000120     rtsv7M4_T_le_v4SPD16_eabi.lib : trgmsg.obj (.bss:_CIOBUF_)
                  20002120    000000a0     (.common:__TI_tmpnams)
                  200021c0    00000054     lcd.obj (.bss:lastbuffer$3)
                  20002214    0000001c     rtsv7M4_T_le_v4SPD16_eabi.lib : vla_alloc.obj (.bss:$O1$$)
                  20002230    00000008                                   : trgdrv.obj (.bss:parmbuf)

.data      0    20002238    000001fc     UNINITIALIZED
                  20002238    000000f0     rtsv7M4_T_le_v4SPD16_eabi.lib : defs.obj (.data:_ftable)
                  20002328    000000d0                                   : lowlev.obj (.data:$O1$$)
                  200023f8    00000010                                   : defs.obj (.data)
                  20002408    0000000c                                   : exit.obj (.data:$O1$$)
                  20002414    0000000c                                   : memory.obj (.data:$O1$$)
                  20002420    00000008                                   : _lock.obj (.data:$O1$$)
                  20002428    00000004                                   : errno.obj (.data)
                  2000242c    00000004                                   : fopen.obj (.data)
                  20002430    00000004                                   : stkdepth_vars.obj (.data)

MODULE SUMMARY

       Module                         code    ro data   rw data
       ------                         ----    -------   -------
    .\
       lcd.obj                        760     8         84     
       tm4c123gh6pm_startup_ccs.obj   12      620       0      
       Timer.obj                      344     0         0      
       helloworld.obj                 240     33        0      
    +--+------------------------------+-------+---------+---------+
       Total:                         1356    661       84     
                                                               
    C:\ti\ccsv7\tools\compiler\ti-cgt-arm_16.9.1.LTS\lib\rtsv7M4_T_le_v4SPD16_eabi.lib
       _printfi.obj                   4414    0         0      
       lowlev.obj                     780     0         208    
       memory.obj                     976     0         12     
       trgdrv.obj                     804     0         8      
       vla_alloc.obj                  664     0         28     
       ull_div_t2.obj                 500     0         0      
       fopen.obj                      452     0         4      
       fd_add_t2.obj                  438     0         0      
       defs.obj                       0       0         416    
       trgmsg.obj                     104     0         288    
       fd_div_t2.obj                  310     0         0      
       fputs.obj                      308     0         0      
       fd_cmp_t2.obj                  268     0         0      
       ctype.obj                      0       257       0      
       fd_mul_t2.obj                  252     0         0      
       s_scalbn.obj                   252     0         0      
       setvbuf.obj                    220     0         0      
       fflush.obj                     200     0         0      
       _io_perm.obj                   172     0         0      
       memcpy_t2.obj                  156     0         0      
       fclose.obj                     152     0         0      
       fputc.obj                      152     0         0      
       vsnprintf.obj                  136     0         0      
       memset_t2.obj                  122     0         0      
       autoinit.obj                   112     0         0      
       printf.obj                     112     0         0      
       fprintf.obj                    108     0         0      
       copy_decompress_lzss.obj       104     0         0      
       fseek.obj                      100     0         0      
       s_frexp.obj                    100     0         0      
       exit.obj                       84      0         12     
       boot.obj                       84      0         0      
       ltoa.obj                       84      0         0      
       atoi.obj                       76      0         0      
       cpy_tbl.obj                    76      0         0      
       fd_toi_t2.obj                  72      0         0      
       strncpy.obj                    54      0         0      
       i_tofd_t2.obj                  46      0         0      
       memchr.obj                     32      0         0      
       strcat.obj                     30      0         0      
       _lock.obj                      20      0         8      
       memccpy.obj                    28      0         0      
       args_main.obj                  24      0         0      
       strcmp.obj                     24      0         0      
       strchr.obj                     22      0         0      
       s_copysign.obj                 20      0         0      
       strcpy.obj                     20      0         0      
       strlen.obj                     20      0         0      
       copy_decompress_none.obj       14      0         0      
       copy_zero_init.obj             12      0         0      
       errno.obj                      0       0         4      
       error.obj                      4       0         0      
       pre_init.obj                   4       0         0      
       stkdepth_vars.obj              0       0         4      
       mpu_init.obj                   2       0         0      
       startup.obj                    2       0         0      
    +--+------------------------------+-------+---------+---------+
       Total:                         13322   257       992    
                                                               
       Heap:                          0       0         4096   
       Stack:                         0       0         4096   
       Linker Generated:              0       148       0      
    +--+------------------------------+-------+---------+---------+
       Grand Total:                   14678   1066      9268   


LINKER GENERATED COPY TABLES

__TI_cinit_table @ 00003d80 records: 2, size/record: 8, table size: 16
	.data: load addr=00003cf8, load size=00000070 bytes, run addr=20002238, run size=000001fc bytes, compression=lzss
	.bss: load addr=00003d78, load size=00000008 bytes, run addr=20002000, run size=00000238 bytes, compression=zero_init


LINKER GENERATED HANDLER TABLE

__TI_handler_table @ 00003d68 records: 3, size/record: 4, table size: 12
	index: 0, handler: __TI_decompress_lzss
	index: 1, handler: __TI_decompress_none
	index: 2, handler: __TI_zero_init


GLOBAL SYMBOLS: SORTED ALPHABETICALLY BY Name 

address   name                           
-------   ----                           
000038ad  C$$EXIT                        
00003757  C$$IO$$                        
00001a57  HOSTclock                      
00001a1f  HOSTclose                      
000019e1  HOSTgetenv                     
00001985  HOSTlseek                      
00001933  HOSTopen                       
000018e7  HOSTread                       
00001889  HOSTrename                     
0000184f  HOSTtime                       
00001801  HOSTtime64                     
000017c9  HOSTunlink                     
0000177d  HOSTwrite                      
00003bb7  ResetISR                       
UNDEFED   SHT$$INIT_ARRAY$$Base          
UNDEFED   SHT$$INIT_ARRAY$$Limit         
20002000  __CIOBUF_                      
20001000  __STACK_END                    
00001000  __STACK_SIZE                   
20000200  __STACK_TOP                    
00001000  __SYSMEM_SIZE                  
00003d80  __TI_CINIT_Base                
00003d90  __TI_CINIT_Limit               
00003d68  __TI_Handler_Table_Base        
00003d74  __TI_Handler_Table_Limit       
00003575  __TI_auto_init                 
000025e9  __TI_cleanup                   
20002408  __TI_cleanup_ptr               
00003235  __TI_closefile                 
000036c1  __TI_decompress_lzss           
00003b9d  __TI_decompress_none           
00003025  __TI_doflush                   
2000240c  __TI_dtors_ptr                 
20002410  __TI_enable_exit_profile_output
200023f8  __TI_ft_end                    
ffffffff  __TI_pprof_out_hndl            
00000ab1  __TI_printfi                   
ffffffff  __TI_prof_data_size            
ffffffff  __TI_prof_data_start           
0000314f  __TI_rd_ok                     
0000375b  __TI_readmsg                   
00000000  __TI_static_base__             
20002120  __TI_tmpnams                   
00003729  __TI_writemsg                  
000030ed  __TI_wrt_ok                    
00003bab  __TI_zero_init                 
00003bc3  __abort_execution              
000033ed  __aeabi_cdcmpeq                
000033ed  __aeabi_cdcmple                
00003473  __aeabi_cdrcmple               
000039ed  __aeabi_d2iz                   
000026ef  __aeabi_dadd                   
000029f5  __aeabi_ddiv                   
00002c61  __aeabi_dmul                   
000026e5  __aeabi_dsub                   
00003a6b  __aeabi_i2d                    
000034f9  __aeabi_memclr                 
000034f9  __aeabi_memclr4                
000034f9  __aeabi_memclr8                
00003199  __aeabi_memcpy                 
00003199  __aeabi_memcpy4                
00003199  __aeabi_memcpy8                
000034fb  __aeabi_memset                 
000034fb  __aeabi_memset4                
000034fb  __aeabi_memset8                
20002404  __aeabi_stderr                 
200023fc  __aeabi_stdin                  
20002400  __aeabi_stdout                 
0000232d  __aeabi_uldivmod               
ffffffff  __binit__                      
ffffffff  __c_args__                     
000013ab  __mpu_init                     
20000000  __stack                        
0000219d  __vla_alloc                    
00002095  __vla_dealloc                  
0000211d  __vla_dealloc_eh               
00003af5  _args_main                     
00003859  _c_int00                       
00003bca  _ctypes_                       
20002238  _ftable                        
20002420  _lock                          
00003b4b  _nop                           
00003b43  _register_lock                 
00003b3d  _register_unlock               
20001000  _sys_memory                    
0000289b  _system_post_cinit             
00003bc7  _system_pre_init               
20002424  _unlock                        
000038b1  abort                          
00001d01  add_device                     
00003955  atoi                           
ffffffff  binit                          
0000174d  calloc                         
00001cb1  close                          
000039a1  copy_in                        
00003b51  copysign                       
00003b51  copysignl                      
20002428  errno                          
000038b9  exit                           
0000329b  fclose                         
00003071  fflush                         
0000263f  fopen                          
0000365d  fprintf                        
000032cd  fputc                          
00002b2d  fputs                          
00001497  free                           
00002615  freopen                        
000037f5  frexp                          
000037f5  frexpl                         
00003791  fseek                          
00000000  g_pfnVectors                   
00003b8d  lcd_clear                      
00001f41  lcd_gotoLine                   
00001dad  lcd_init                       
00001fa7  lcd_printf                     
00001e69  lcd_putc                       
00001ea1  lcd_puts                       
00001ebf  lcd_sendCommand                
00001efd  lcd_sendNibble                 
00001f69  lcd_setCursorPos               
00002d5d  ldexp                          
00002d5d  ldexpl                         
00001c8d  lseek                          
00003901  ltoa                           
00002e59  main                           
20002430  main_func_sp                   
0000142d  malloc                         
00001661  memalign                       
00003ad7  memccpy                        
00003a99  memchr                         
00003199  memcpy                         
00003501  memset                         
000013ad  minit                          
00001bdf  open                           
000035ed  printf                         
000032cd  putc                           
00003351  putchar                        
00002c39  puts                           
00001bbb  read                           
00001559  realloc                        
00001b31  remove                         
00001b93  remove_device                  
00001b55  rename                         
00002d5d  scalbn                         
00002d5d  scalbnl                        
00002f49  setvbuf                        
00003ab9  strcat                         
00003b25  strchr                         
00003b0d  strcmp                         
00003b65  strcpy                         
00003b79  strlen                         
00003a35  strncpy                        
000029ad  timer_getClock                 
00002961  timer_startClock               
000028fb  timer_startTimer               
000029b3  timer_stopClock                
0000294b  timer_stopTimer                
000028d1  timer_waitMicros               
0000289d  timer_waitMillis               
00001b31  unlink                         
00003365  vsnprintf                      
00001aa1  write                          


GLOBAL SYMBOLS: SORTED BY Symbol Address 

address   name                           
-------   ----                           
00000000  __TI_static_base__             
00000000  g_pfnVectors                   
00000ab1  __TI_printfi                   
00001000  __STACK_SIZE                   
00001000  __SYSMEM_SIZE                  
000013ab  __mpu_init                     
000013ad  minit                          
0000142d  malloc                         
00001497  free                           
00001559  realloc                        
00001661  memalign                       
0000174d  calloc                         
0000177d  HOSTwrite                      
000017c9  HOSTunlink                     
00001801  HOSTtime64                     
0000184f  HOSTtime                       
00001889  HOSTrename                     
000018e7  HOSTread                       
00001933  HOSTopen                       
00001985  HOSTlseek                      
000019e1  HOSTgetenv                     
00001a1f  HOSTclose                      
00001a57  HOSTclock                      
00001aa1  write                          
00001b31  remove                         
00001b31  unlink                         
00001b55  rename                         
00001b93  remove_device                  
00001bbb  read                           
00001bdf  open                           
00001c8d  lseek                          
00001cb1  close                          
00001d01  add_device                     
00001dad  lcd_init                       
00001e69  lcd_putc                       
00001ea1  lcd_puts                       
00001ebf  lcd_sendCommand                
00001efd  lcd_sendNibble                 
00001f41  lcd_gotoLine                   
00001f69  lcd_setCursorPos               
00001fa7  lcd_printf                     
00002095  __vla_dealloc                  
0000211d  __vla_dealloc_eh               
0000219d  __vla_alloc                    
0000232d  __aeabi_uldivmod               
000025e9  __TI_cleanup                   
00002615  freopen                        
0000263f  fopen                          
000026e5  __aeabi_dsub                   
000026ef  __aeabi_dadd                   
0000289b  _system_post_cinit             
0000289d  timer_waitMillis               
000028d1  timer_waitMicros               
000028fb  timer_startTimer               
0000294b  timer_stopTimer                
00002961  timer_startClock               
000029ad  timer_getClock                 
000029b3  timer_stopClock                
000029f5  __aeabi_ddiv                   
00002b2d  fputs                          
00002c39  puts                           
00002c61  __aeabi_dmul                   
00002d5d  ldexp                          
00002d5d  ldexpl                         
00002d5d  scalbn                         
00002d5d  scalbnl                        
00002e59  main                           
00002f49  setvbuf                        
00003025  __TI_doflush                   
00003071  fflush                         
000030ed  __TI_wrt_ok                    
0000314f  __TI_rd_ok                     
00003199  __aeabi_memcpy                 
00003199  __aeabi_memcpy4                
00003199  __aeabi_memcpy8                
00003199  memcpy                         
00003235  __TI_closefile                 
0000329b  fclose                         
000032cd  fputc                          
000032cd  putc                           
00003351  putchar                        
00003365  vsnprintf                      
000033ed  __aeabi_cdcmpeq                
000033ed  __aeabi_cdcmple                
00003473  __aeabi_cdrcmple               
000034f9  __aeabi_memclr                 
000034f9  __aeabi_memclr4                
000034f9  __aeabi_memclr8                
000034fb  __aeabi_memset                 
000034fb  __aeabi_memset4                
000034fb  __aeabi_memset8                
00003501  memset                         
00003575  __TI_auto_init                 
000035ed  printf                         
0000365d  fprintf                        
000036c1  __TI_decompress_lzss           
00003729  __TI_writemsg                  
00003757  C$$IO$$                        
0000375b  __TI_readmsg                   
00003791  fseek                          
000037f5  frexp                          
000037f5  frexpl                         
00003859  _c_int00                       
000038ad  C$$EXIT                        
000038b1  abort                          
000038b9  exit                           
00003901  ltoa                           
00003955  atoi                           
000039a1  copy_in                        
000039ed  __aeabi_d2iz                   
00003a35  strncpy                        
00003a6b  __aeabi_i2d                    
00003a99  memchr                         
00003ab9  strcat                         
00003ad7  memccpy                        
00003af5  _args_main                     
00003b0d  strcmp                         
00003b25  strchr                         
00003b3d  _register_unlock               
00003b43  _register_lock                 
00003b4b  _nop                           
00003b51  copysign                       
00003b51  copysignl                      
00003b65  strcpy                         
00003b79  strlen                         
00003b8d  lcd_clear                      
00003b9d  __TI_decompress_none           
00003bab  __TI_zero_init                 
00003bb7  ResetISR                       
00003bc3  __abort_execution              
00003bc7  _system_pre_init               
00003bca  _ctypes_                       
00003d68  __TI_Handler_Table_Base        
00003d74  __TI_Handler_Table_Limit       
00003d80  __TI_CINIT_Base                
00003d90  __TI_CINIT_Limit               
20000000  __stack                        
20000200  __STACK_TOP                    
20001000  __STACK_END                    
20001000  _sys_memory                    
20002000  __CIOBUF_                      
20002120  __TI_tmpnams                   
20002238  _ftable                        
200023f8  __TI_ft_end                    
200023fc  __aeabi_stdin                  
20002400  __aeabi_stdout                 
20002404  __aeabi_stderr                 
20002408  __TI_cleanup_ptr               
2000240c  __TI_dtors_ptr                 
20002410  __TI_enable_exit_profile_output
20002420  _lock                          
20002424  _unlock                        
20002428  errno                          
20002430  main_func_sp                   
ffffffff  __TI_pprof_out_hndl            
ffffffff  __TI_prof_data_size            
ffffffff  __TI_prof_data_start           
ffffffff  __binit__                      
ffffffff  __c_args__                     
ffffffff  binit                          
UNDEFED   SHT$$INIT_ARRAY$$Base          
UNDEFED   SHT$$INIT_ARRAY$$Limit         

[162 symbols]
