******************************************************************************
                  TI ARM Linker PC v16.9.6                     
******************************************************************************
>> Linked Wed Jan 24 13:30:15 2018

OUTPUT FILE NAME:   <helloworldTrial.out>
ENTRY POINT SYMBOL: "_c_int00"  address: 000034d9


MEMORY CONFIGURATION

         name            origin    length      used     unused   attr    fill
----------------------  --------  ---------  --------  --------  ----  --------
  FLASH                 00000000   00040000  00003b11  0003c4ef  R  X
  SRAM                  20000000   00008000  00002430  00005bd0  RW X


SEGMENT ALLOCATION MAP

run origin  load origin   length   init length attrs members
----------  ----------- ---------- ----------- ----- -------
00000000    00000000    00003b18   00003b18    r-x
  00000000    00000000    0000026c   0000026c    r-- .intvecs
  0000026c    0000026c    000036e2   000036e2    r-x .text
  0000394e    0000394e    0000012b   0000012b    r-- .const
  00003a80    00003a80    00000098   00000098    r-- .cinit
20000000    20000000    00002430   00000000    rw-
  20000000    20000000    00001000   00000000    rw- .stack
  20001000    20001000    00001000   00000000    rw- .sysmem
  20002000    20002000    00000238   00000000    rw- .bss
  20002238    20002238    000001f8   00000000    rw- .data


SECTION ALLOCATION MAP

 output                                  attributes/
section   page    origin      length       input sections
--------  ----  ----------  ----------   ----------------
.intvecs   0    00000000    0000026c     
                  00000000    0000026c     tm4c123gh6pm_startup_ccs.obj (.intvecs)

.text      0    0000026c    000036e2     
                  0000026c    0000113e     rtsv7M4_T_le_v4SPD16_eabi.lib : _printfi.obj (.text)
                  000013aa    00000002                                   : mpu_init.obj (.text)
                  000013ac    000003d0                                   : memory.obj (.text)
                  0000177c    000002e8     lcd.obj (.text)
                  00001a64    00000244     rtsv7M4_T_le_v4SPD16_eabi.lib : vla_alloc.obj (.text)
                  00001ca8    000001f4                                   : ull_div_t2.obj (.text)
                  00001e9c    000001c4                                   : fopen.obj (.text)
                  00002060    000001b6                                   : fd_add_t2.obj (.text)
                  00002216    00000002                                   : startup.obj (.text)
                  00002218    00000158     Timer.obj (.text)
                  00002370    00000136     rtsv7M4_T_le_v4SPD16_eabi.lib : fd_div_t2.obj (.text)
                  000024a6    00000002     --HOLE-- [fill = 0]
                  000024a8    00000134                                   : fputs.obj (.text)
                  000025dc    000000fc                                   : fd_mul_t2.obj (.text)
                  000026d8    000000fc                                   : s_scalbn.obj (.text)
                  000027d4    000000f8     helloworld.obj (.text)
                  000028cc    000000dc     rtsv7M4_T_le_v4SPD16_eabi.lib : setvbuf.obj (.text)
                  000029a8    000000c8                                   : fflush.obj (.text)
                  00002a70    000000bc                                   : open.obj (.text)
                  00002b2c    000000ac                                   : _io_perm.obj (.text)
                  00002bd8    0000009c                                   : memcpy_t2.obj (.text)
                  00002c74    00000098                                   : fclose.obj (.text)
                  00002d0c    00000098                                   : fputc.obj (.text)
                  00002da4    00000088                                   : vsnprintf.obj (.text)
                  00002e2c    00000086                                   : fd_cmp_t2.obj (.text:__aeabi_cdcmple)
                  00002eb2    00000086                                   : fd_cmp_t2.obj (.text:__aeabi_cdrcmple)
                  00002f38    0000007a                                   : memset_t2.obj (.text)
                  00002fb2    00000002     --HOLE-- [fill = 0]
                  00002fb4    00000070                                   : autoinit.obj (.text)
                  00003024    00000070                                   : getdevice.obj (.text)
                  00003094    00000070                                   : printf.obj (.text)
                  00003104    00000068                                   : copy_decompress_lzss.obj (.text:decompress:lzss)
                  0000316c    00000068                                   : hostlseek.obj (.text)
                  000031d4    00000068                                   : hostrename.obj (.text)
                  0000323c    00000068                                   : trgmsg.obj (.text)
                  000032a4    00000064                                   : fseek.obj (.text)
                  00003308    00000064                                   : s_frexp.obj (.text)
                  0000336c    00000060                                   : hostopen.obj (.text)
                  000033cc    0000005c                                   : close.obj (.text)
                  00003428    00000058                                   : hostread.obj (.text)
                  00003480    00000058                                   : hostwrite.obj (.text)
                  000034d8    00000054                                   : boot.obj (.text)
                  0000352c    00000054                                   : exit.obj (.text)
                  00003580    00000054                                   : ltoa.obj (.text)
                  000035d4    0000004c                                   : atoi.obj (.text)
                  00003620    0000004c                                   : cpy_tbl.obj (.text)
                  0000366c    00000048                                   : fd_toi_t2.obj (.text)
                  000036b4    00000044                                   : hostclose.obj (.text)
                  000036f8    00000044                                   : hostunlink.obj (.text)
                  0000373c    00000036                                   : strncpy.obj (.text)
                  00003772    0000002e                                   : i_tofd_t2.obj (.text)
                  000037a0    0000002c                                   : unlink.obj (.text)
                  000037cc    00000028                                   : lseek.obj (.text)
                  000037f4    00000028                                   : write.obj (.text)
                  0000381c    00000020                                   : memchr.obj (.text)
                  0000383c    0000001e                                   : strcat.obj (.text)
                  0000385a    0000001c                                   : memccpy.obj (.text)
                  00003876    00000002     --HOLE-- [fill = 0]
                  00003878    00000018                                   : args_main.obj (.text)
                  00003890    00000018                                   : strcmp.obj (.text)
                  000038a8    00000016                                   : strchr.obj (.text)
                  000038be    00000002     --HOLE-- [fill = 0]
                  000038c0    00000014                                   : _lock.obj (.text)
                  000038d4    00000014                                   : s_copysign.obj (.text)
                  000038e8    00000014                                   : strcpy.obj (.text)
                  000038fc    00000014                                   : strlen.obj (.text)
                  00003910    00000010     lcd.obj (.text:lcd_clear)
                  00003920    0000000e     rtsv7M4_T_le_v4SPD16_eabi.lib : copy_decompress_none.obj (.text:decompress:none)
                  0000392e    0000000c                                   : copy_zero_init.obj (.text:decompress:ZI)
                  0000393a    0000000c     tm4c123gh6pm_startup_ccs.obj (.text)
                  00003946    00000004     rtsv7M4_T_le_v4SPD16_eabi.lib : error.obj (.text)
                  0000394a    00000004                                   : pre_init.obj (.text)

.const     0    0000394e    0000012b     
                  0000394e    00000101     rtsv7M4_T_le_v4SPD16_eabi.lib : ctype.obj (.const:.string:_ctypes_)
                  00003a4f    00000022     helloworld.obj (.const:.string:$P$T1$1)
                  00003a71    00000004     lcd.obj (.const:.string:lineAddress$1)
                  00003a75    00000004     lcd.obj (.const:.string:lineAddresses$2)

.cinit     0    00003a80    00000098     
                  00003a80    00000070     (.cinit..data.load) [load image, compression = lzss]
                  00003af0    0000000c     (__TI_handler_table)
                  00003afc    00000004     --HOLE-- [fill = 0]
                  00003b00    00000008     (.cinit..bss.load) [load image, compression = zero_init]
                  00003b08    00000010     (__TI_cinit_table)

.init_array 
*          0    00000000    00000000     UNINITIALIZED

.stack     0    20000000    00001000     UNINITIALIZED
                  20000000    00001000     --HOLE--

.sysmem    0    20001000    00001000     UNINITIALIZED
                  20001000    00000008     rtsv7M4_T_le_v4SPD16_eabi.lib : memory.obj (.sysmem)
                  20001008    00000ff8     --HOLE--

.bss       0    20002000    00000238     UNINITIALIZED
                  20002000    00000120     rtsv7M4_T_le_v4SPD16_eabi.lib : trgmsg.obj (.bss:_CIOBUF_)
                  20002120    000000a0     (.common:__TI_tmpnams)
                  200021c0    00000054     lcd.obj (.bss:lastbuffer$3)
                  20002214    0000001c     rtsv7M4_T_le_v4SPD16_eabi.lib : vla_alloc.obj (.bss:$O1$$)
                  20002230    00000008     (.common:parmbuf)

.data      0    20002238    000001f8     UNINITIALIZED
                  20002238    000000f0     rtsv7M4_T_le_v4SPD16_eabi.lib : defs.obj (.data:_ftable)
                  20002328    00000078                                   : write.obj (.data:_device)
                  200023a0    00000050                                   : write.obj (.data:_stream)
                  200023f0    00000010                                   : defs.obj (.data)
                  20002400    0000000c                                   : exit.obj (.data:$O1$$)
                  2000240c    0000000c                                   : memory.obj (.data:$O1$$)
                  20002418    00000008                                   : _lock.obj (.data:$O1$$)
                  20002420    00000004                                   : errno.obj (.data)
                  20002424    00000004                                   : fopen.obj (.data)
                  20002428    00000004                                   : open.obj (.data)
                  2000242c    00000004                                   : stkdepth_vars.obj (.data)

MODULE SUMMARY

       Module                         code    ro data   rw data
       ------                         ----    -------   -------
    .\
       lcd.obj                        760     8         84     
       tm4c123gh6pm_startup_ccs.obj   12      620       0      
       Timer.obj                      344     0         0      
       helloworld.obj                 248     34        0      
    +--+------------------------------+-------+---------+---------+
       Total:                         1364    662       84     
                                                               
    C:\ti\ccsv7\tools\compiler\ti-cgt-arm_16.9.6.LTS\lib\rtsv7M4_T_le_v4SPD16_eabi.lib
       _printfi.obj                   4414    0         0      
       memory.obj                     976     0         12     
       vla_alloc.obj                  580     0         28     
       ull_div_t2.obj                 500     0         0      
       fopen.obj                      452     0         4      
       fd_add_t2.obj                  438     0         0      
       defs.obj                       0       0         416    
       trgmsg.obj                     104     0         288    
       fd_div_t2.obj                  310     0         0      
       fputs.obj                      308     0         0      
       fd_cmp_t2.obj                  268     0         0      
       ctype.obj                      0       257       0      
       fd_mul_t2.obj                  252     0         0      
       s_scalbn.obj                   252     0         0      
       write.obj                      40      0         200    
       setvbuf.obj                    220     0         0      
       fflush.obj                     200     0         0      
       open.obj                       188     0         4      
       _io_perm.obj                   172     0         0      
       memcpy_t2.obj                  156     0         0      
       fclose.obj                     152     0         0      
       fputc.obj                      152     0         0      
       vsnprintf.obj                  136     0         0      
       memset_t2.obj                  122     0         0      
       autoinit.obj                   112     0         0      
       getdevice.obj                  112     0         0      
       printf.obj                     112     0         0      
       copy_decompress_lzss.obj       104     0         0      
       hostlseek.obj                  104     0         0      
       hostopen.obj                   96      0         8      
       hostrename.obj                 104     0         0      
       fseek.obj                      100     0         0      
       s_frexp.obj                    100     0         0      
       exit.obj                       84      0         12     
       close.obj                      92      0         0      
       hostread.obj                   88      0         0      
       hostwrite.obj                  88      0         0      
       boot.obj                       84      0         0      
       ltoa.obj                       84      0         0      
       atoi.obj                       76      0         0      
       cpy_tbl.obj                    76      0         0      
       fd_toi_t2.obj                  72      0         0      
       hostclose.obj                  68      0         0      
       hostunlink.obj                 68      0         0      
       strncpy.obj                    54      0         0      
       i_tofd_t2.obj                  46      0         0      
       unlink.obj                     44      0         0      
       lseek.obj                      40      0         0      
       memchr.obj                     32      0         0      
       strcat.obj                     30      0         0      
       _lock.obj                      20      0         8      
       memccpy.obj                    28      0         0      
       args_main.obj                  24      0         0      
       strcmp.obj                     24      0         0      
       strchr.obj                     22      0         0      
       s_copysign.obj                 20      0         0      
       strcpy.obj                     20      0         0      
       strlen.obj                     20      0         0      
       copy_decompress_none.obj       14      0         0      
       copy_zero_init.obj             12      0         0      
       errno.obj                      0       0         4      
       error.obj                      4       0         0      
       pre_init.obj                   4       0         0      
       stkdepth_vars.obj              0       0         4      
       mpu_init.obj                   2       0         0      
       startup.obj                    2       0         0      
    +--+------------------------------+-------+---------+---------+
       Total:                         12678   257       988    
                                                               
       Heap:                          0       0         4096   
       Stack:                         0       0         4096   
       Linker Generated:              0       148       0      
    +--+------------------------------+-------+---------+---------+
       Grand Total:                   14042   1067      9264   


LINKER GENERATED COPY TABLES

__TI_cinit_table @ 00003b08 records: 2, size/record: 8, table size: 16
	.data: load addr=00003a80, load size=00000070 bytes, run addr=20002238, run size=000001f8 bytes, compression=lzss
	.bss: load addr=00003b00, load size=00000008 bytes, run addr=20002000, run size=00000238 bytes, compression=zero_init


LINKER GENERATED HANDLER TABLE

__TI_handler_table @ 00003af0 records: 3, size/record: 4, table size: 12
	index: 0, handler: __TI_decompress_lzss
	index: 1, handler: __TI_decompress_none
	index: 2, handler: __TI_zero_init


GLOBAL SYMBOLS: SORTED ALPHABETICALLY BY Name 

address   name                           
-------   ----                           
0000352d  C$$EXIT                        
0000326b  C$$IO$$                        
000036b5  HOSTclose                      
0000316d  HOSTlseek                      
0000336d  HOSTopen                       
00003429  HOSTread                       
000031d5  HOSTrename                     
000036f9  HOSTunlink                     
00003481  HOSTwrite                      
0000393b  ResetISR                       
UNDEFED   SHT$$INIT_ARRAY$$Base          
UNDEFED   SHT$$INIT_ARRAY$$Limit         
20002000  __CIOBUF_                      
20001000  __STACK_END                    
00001000  __STACK_SIZE                   
20000200  __STACK_TOP                    
00001000  __SYSMEM_SIZE                  
00003b08  __TI_CINIT_Base                
00003b18  __TI_CINIT_Limit               
00003af0  __TI_Handler_Table_Base        
00003afc  __TI_Handler_Table_Limit       
00002fb5  __TI_auto_init                 
00001f65  __TI_cleanup                   
20002400  __TI_cleanup_ptr               
00002c75  __TI_closefile                 
00003105  __TI_decompress_lzss           
00003921  __TI_decompress_none           
000029a9  __TI_doflush                   
20002404  __TI_dtors_ptr                 
20002408  __TI_enable_exit_profile_output
200023f0  __TI_ft_end                    
ffffffff  __TI_pprof_out_hndl            
00000ab1  __TI_printfi                   
ffffffff  __TI_prof_data_size            
ffffffff  __TI_prof_data_start           
00002b8f  __TI_rd_ok                     
0000326f  __TI_readmsg                   
00000000  __TI_static_base__             
20002120  __TI_tmpnams                   
0000323d  __TI_writemsg                  
00002b2d  __TI_wrt_ok                    
0000392f  __TI_zero_init                 
00003947  __abort_execution              
00002e2d  __aeabi_cdcmpeq                
00002e2d  __aeabi_cdcmple                
00002eb3  __aeabi_cdrcmple               
0000366d  __aeabi_d2iz                   
0000206b  __aeabi_dadd                   
00002371  __aeabi_ddiv                   
000025dd  __aeabi_dmul                   
00002061  __aeabi_dsub                   
00003773  __aeabi_i2d                    
00002f39  __aeabi_memclr                 
00002f39  __aeabi_memclr4                
00002f39  __aeabi_memclr8                
00002bd9  __aeabi_memcpy                 
00002bd9  __aeabi_memcpy4                
00002bd9  __aeabi_memcpy8                
00002f3b  __aeabi_memset                 
00002f3b  __aeabi_memset4                
00002f3b  __aeabi_memset8                
200023fc  __aeabi_stderr                 
200023f4  __aeabi_stdin                  
200023f8  __aeabi_stdout                 
00001ca9  __aeabi_uldivmod               
ffffffff  __binit__                      
ffffffff  __c_args__                     
000013ab  __mpu_init                     
20000000  __stack                        
00001b57  __vla_alloc                    
00001a65  __vla_dealloc                  
00001ad7  __vla_dealloc_eh               
00003879  _args_main                     
000034d9  _c_int00                       
0000394e  _ctypes_                       
20002328  _device                        
20002238  _ftable                        
20002418  _lock                          
000038cf  _nop                           
000038c7  _register_lock                 
000038c1  _register_unlock               
200023a0  _stream                        
20001000  _sys_memory                    
00002217  _system_post_cinit             
0000394b  _system_pre_init               
2000241c  _unlock                        
00003531  abort                          
000035d5  atoi                           
ffffffff  binit                          
0000174d  calloc                         
000033cd  close                          
00003621  copy_in                        
000038d5  copysign                       
000038d5  copysignl                      
20002420  errno                          
00003539  exit                           
00002cdb  fclose                         
000029f5  fflush                         
00003025  finddevice                     
00001fbb  fopen                          
00002d0d  fputc                          
000024a9  fputs                          
00001497  free                           
00001f91  freopen                        
00003309  frexp                          
00003309  frexpl                         
000032a5  fseek                          
00000000  g_pfnVectors                   
0000304f  getdevice                      
00003911  lcd_clear                      
00001911  lcd_gotoLine                   
0000177d  lcd_init                       
00001977  lcd_printf                     
00001839  lcd_putc                       
00001871  lcd_puts                       
0000188f  lcd_sendCommand                
000018cd  lcd_sendNibble                 
00001939  lcd_setCursorPos               
000026d9  ldexp                          
000026d9  ldexpl                         
000037cd  lseek                          
00003581  ltoa                           
000027d5  main                           
2000242c  main_func_sp                   
0000142d  malloc                         
00001661  memalign                       
0000385b  memccpy                        
0000381d  memchr                         
00002bd9  memcpy                         
00002f41  memset                         
000013ad  minit                          
00002a71  open                           
20002230  parmbuf                        
0000309d  printf                         
00002d0d  putc                           
00002d91  putchar                        
000025b5  puts                           
00001557  realloc                        
000037a1  remove                         
000026d9  scalbn                         
000026d9  scalbnl                        
000028cd  setvbuf                        
0000383d  strcat                         
000038a9  strchr                         
00003891  strcmp                         
000038e9  strcpy                         
000038fd  strlen                         
0000373d  strncpy                        
00002329  timer_getClock                 
000022dd  timer_startClock               
00002277  timer_startTimer               
0000232f  timer_stopClock                
000022c7  timer_stopTimer                
0000224d  timer_waitMicros               
00002219  timer_waitMillis               
000037a1  unlink                         
00002da5  vsnprintf                      
000037f5  write                          


GLOBAL SYMBOLS: SORTED BY Symbol Address 

address   name                           
-------   ----                           
00000000  __TI_static_base__             
00000000  g_pfnVectors                   
00000ab1  __TI_printfi                   
00001000  __STACK_SIZE                   
00001000  __SYSMEM_SIZE                  
000013ab  __mpu_init                     
000013ad  minit                          
0000142d  malloc                         
00001497  free                           
00001557  realloc                        
00001661  memalign                       
0000174d  calloc                         
0000177d  lcd_init                       
00001839  lcd_putc                       
00001871  lcd_puts                       
0000188f  lcd_sendCommand                
000018cd  lcd_sendNibble                 
00001911  lcd_gotoLine                   
00001939  lcd_setCursorPos               
00001977  lcd_printf                     
00001a65  __vla_dealloc                  
00001ad7  __vla_dealloc_eh               
00001b57  __vla_alloc                    
00001ca9  __aeabi_uldivmod               
00001f65  __TI_cleanup                   
00001f91  freopen                        
00001fbb  fopen                          
00002061  __aeabi_dsub                   
0000206b  __aeabi_dadd                   
00002217  _system_post_cinit             
00002219  timer_waitMillis               
0000224d  timer_waitMicros               
00002277  timer_startTimer               
000022c7  timer_stopTimer                
000022dd  timer_startClock               
00002329  timer_getClock                 
0000232f  timer_stopClock                
00002371  __aeabi_ddiv                   
000024a9  fputs                          
000025b5  puts                           
000025dd  __aeabi_dmul                   
000026d9  ldexp                          
000026d9  ldexpl                         
000026d9  scalbn                         
000026d9  scalbnl                        
000027d5  main                           
000028cd  setvbuf                        
000029a9  __TI_doflush                   
000029f5  fflush                         
00002a71  open                           
00002b2d  __TI_wrt_ok                    
00002b8f  __TI_rd_ok                     
00002bd9  __aeabi_memcpy                 
00002bd9  __aeabi_memcpy4                
00002bd9  __aeabi_memcpy8                
00002bd9  memcpy                         
00002c75  __TI_closefile                 
00002cdb  fclose                         
00002d0d  fputc                          
00002d0d  putc                           
00002d91  putchar                        
00002da5  vsnprintf                      
00002e2d  __aeabi_cdcmpeq                
00002e2d  __aeabi_cdcmple                
00002eb3  __aeabi_cdrcmple               
00002f39  __aeabi_memclr                 
00002f39  __aeabi_memclr4                
00002f39  __aeabi_memclr8                
00002f3b  __aeabi_memset                 
00002f3b  __aeabi_memset4                
00002f3b  __aeabi_memset8                
00002f41  memset                         
00002fb5  __TI_auto_init                 
00003025  finddevice                     
0000304f  getdevice                      
0000309d  printf                         
00003105  __TI_decompress_lzss           
0000316d  HOSTlseek                      
000031d5  HOSTrename                     
0000323d  __TI_writemsg                  
0000326b  C$$IO$$                        
0000326f  __TI_readmsg                   
000032a5  fseek                          
00003309  frexp                          
00003309  frexpl                         
0000336d  HOSTopen                       
000033cd  close                          
00003429  HOSTread                       
00003481  HOSTwrite                      
000034d9  _c_int00                       
0000352d  C$$EXIT                        
00003531  abort                          
00003539  exit                           
00003581  ltoa                           
000035d5  atoi                           
00003621  copy_in                        
0000366d  __aeabi_d2iz                   
000036b5  HOSTclose                      
000036f9  HOSTunlink                     
0000373d  strncpy                        
00003773  __aeabi_i2d                    
000037a1  remove                         
000037a1  unlink                         
000037cd  lseek                          
000037f5  write                          
0000381d  memchr                         
0000383d  strcat                         
0000385b  memccpy                        
00003879  _args_main                     
00003891  strcmp                         
000038a9  strchr                         
000038c1  _register_unlock               
000038c7  _register_lock                 
000038cf  _nop                           
000038d5  copysign                       
000038d5  copysignl                      
000038e9  strcpy                         
000038fd  strlen                         
00003911  lcd_clear                      
00003921  __TI_decompress_none           
0000392f  __TI_zero_init                 
0000393b  ResetISR                       
00003947  __abort_execution              
0000394b  _system_pre_init               
0000394e  _ctypes_                       
00003af0  __TI_Handler_Table_Base        
00003afc  __TI_Handler_Table_Limit       
00003b08  __TI_CINIT_Base                
00003b18  __TI_CINIT_Limit               
20000000  __stack                        
20000200  __STACK_TOP                    
20001000  __STACK_END                    
20001000  _sys_memory                    
20002000  __CIOBUF_                      
20002120  __TI_tmpnams                   
20002230  parmbuf                        
20002238  _ftable                        
20002328  _device                        
200023a0  _stream                        
200023f0  __TI_ft_end                    
200023f4  __aeabi_stdin                  
200023f8  __aeabi_stdout                 
200023fc  __aeabi_stderr                 
20002400  __TI_cleanup_ptr               
20002404  __TI_dtors_ptr                 
20002408  __TI_enable_exit_profile_output
20002418  _lock                          
2000241c  _unlock                        
20002420  errno                          
2000242c  main_func_sp                   
ffffffff  __TI_pprof_out_hndl            
ffffffff  __TI_prof_data_size            
ffffffff  __TI_prof_data_start           
ffffffff  __binit__                      
ffffffff  __c_args__                     
ffffffff  binit                          
UNDEFED   SHT$$INIT_ARRAY$$Base          
UNDEFED   SHT$$INIT_ARRAY$$Limit         

[158 symbols]
