******************************************************************************
                  TI ARM Linker PC v16.9.6                     
******************************************************************************
>> Linked Wed Feb 07 13:26:12 2018

OUTPUT FILE NAME:   <lab4.out>
ENTRY POINT SYMBOL: "_c_int00"  address: 000025b1


MEMORY CONFIGURATION

         name            origin    length      used     unused   attr    fill
----------------------  --------  ---------  --------  --------  ----  --------
  FLASH                 00000000   00040000  00002a53  0003d5ad  R  X
  SRAM                  20000000   00008000  000012ea  00006d16  RW X


SEGMENT ALLOCATION MAP

run origin  load origin   length   init length attrs members
----------  ----------- ---------- ----------- ----- -------
00000000    00000000    00002a58   00002a58    r-x
  00000000    00000000    0000026c   0000026c    r-- .intvecs
  0000026c    0000026c    0000268e   0000268e    r-x .text
  000028fa    000028fa    00000109   00000109    r-- .const
  00002a08    00002a08    00000050   00000050    r-- .cinit
20000000    20000000    000012ed   00000000    rw-
  20000000    20000000    0000026c   00000000    rw- .vtable
  2000026c    2000026c    00001000   00000000    rw- .stack
  2000126c    2000126c    00000055   00000000    rw- .bss
  200012c4    200012c4    00000029   00000000    rw- .data


SECTION ALLOCATION MAP

 output                                  attributes/
section   page    origin      length       input sections
--------  ----  ----------  ----------   ----------------
.intvecs   0    00000000    0000026c     
                  00000000    0000026c     tm4c123gh6pm_startup_ccs.obj (.intvecs)

.text      0    0000026c    0000268e     
                  0000026c    0000113e     rtsv7M4_T_le_v4SPD16_eabi.lib : _printfi.obj (.text)
                  000013aa    00000002                                   : mpu_init.obj (.text)
                  000013ac    000002e8     lcd.obj (.text)
                  00001694    00000210     clock_intr.obj (.text)
                  000018a4    000001f4     rtsv7M4_T_le_v4SPD16_eabi.lib : ull_div_t2.obj (.text)
                  00001a98    000001b6                                   : fd_add_t2.obj (.text)
                  00001c4e    00000002                                   : startup.obj (.text)
                  00001c50    00000158     Timer.obj (.text)
                  00001da8    00000136     rtsv7M4_T_le_v4SPD16_eabi.lib : fd_div_t2.obj (.text)
                  00001ede    000000fc                                   : fd_mul_t2.obj (.text)
                  00001fda    00000002     --HOLE-- [fill = 0]
                  00001fdc    000000fc                                   : s_scalbn.obj (.text)
                  000020d8    000000f0     button.obj (.text)
                  000021c8    0000009c     rtsv7M4_T_le_v4SPD16_eabi.lib : memcpy_t2.obj (.text)
                  00002264    00000088                                   : vsnprintf.obj (.text)
                  000022ec    00000086                                   : fd_cmp_t2.obj (.text:__aeabi_cdcmple)
                  00002372    00000086                                   : fd_cmp_t2.obj (.text:__aeabi_cdrcmple)
                  000023f8    0000007a                                   : memset_t2.obj (.text)
                  00002472    00000002     --HOLE-- [fill = 0]
                  00002474    00000070                                   : autoinit.obj (.text)
                  000024e4    00000068                                   : copy_decompress_lzss.obj (.text:decompress:lzss)
                  0000254c    00000064                                   : s_frexp.obj (.text)
                  000025b0    00000054                                   : boot.obj (.text)
                  00002604    00000054                                   : exit.obj (.text)
                  00002658    00000054                                   : ltoa.obj (.text)
                  000026ac    0000004c                                   : atoi.obj (.text)
                  000026f8    0000004c                                   : cpy_tbl.obj (.text)
                  00002744    00000048                                   : fd_toi_t2.obj (.text)
                  0000278c    00000034     driverlib.lib : interrupt.obj (.text:IntRegister)
                  000027c0    0000002e     rtsv7M4_T_le_v4SPD16_eabi.lib : i_tofd_t2.obj (.text)
                  000027ee    0000001c                                   : memccpy.obj (.text)
                  0000280a    00000002     --HOLE-- [fill = 0]
                  0000280c    00000018                                   : args_main.obj (.text)
                  00002824    00000018                                   : strcmp.obj (.text)
                  0000283c    00000016                                   : strchr.obj (.text)
                  00002852    00000002     --HOLE-- [fill = 0]
                  00002854    00000014                                   : _lock.obj (.text)
                  00002868    00000014                                   : s_copysign.obj (.text)
                  0000287c    00000014                                   : strcpy.obj (.text)
                  00002890    00000014                                   : strlen.obj (.text)
                  000028a4    00000010     driverlib.lib : interrupt.obj (.text:IntMasterEnable)
                  000028b4    00000010     lcd.obj (.text:lcd_clear)
                  000028c4    0000000e     rtsv7M4_T_le_v4SPD16_eabi.lib : copy_decompress_none.obj (.text:decompress:none)
                  000028d2    0000000c     driverlib.lib : cpu.obj (.text:CPUcpsie)
                  000028de    0000000c     rtsv7M4_T_le_v4SPD16_eabi.lib : copy_zero_init.obj (.text:decompress:ZI)
                  000028ea    0000000c     tm4c123gh6pm_startup_ccs.obj (.text)
                  000028f6    00000004     rtsv7M4_T_le_v4SPD16_eabi.lib : pre_init.obj (.text)

.const     0    000028fa    00000109     
                  000028fa    00000101     rtsv7M4_T_le_v4SPD16_eabi.lib : ctype.obj (.const:.string:_ctypes_)
                  000029fb    00000004     lcd.obj (.const:.string:lineAddress$1)
                  000029ff    00000004     lcd.obj (.const:.string:lineAddresses$2)

.cinit     0    00002a08    00000050     
                  00002a08    0000001a     (.cinit..data.load) [load image, compression = lzss]
                  00002a22    00000002     --HOLE-- [fill = 0]
                  00002a24    0000000c     (__TI_handler_table)
                  00002a30    00000008     (.cinit..bss.load) [load image, compression = zero_init]
                  00002a38    00000008     (.cinit..vtable.load) [load image, compression = zero_init]
                  00002a40    00000018     (__TI_cinit_table)

.init_array 
*          0    00000000    00000000     UNINITIALIZED

.vtable    0    20000000    0000026c     UNINITIALIZED
                  20000000    0000026c     driverlib.lib : interrupt.obj (.vtable)

.stack     0    2000026c    00001000     UNINITIALIZED
                  2000026c    00001000     --HOLE--

.bss       0    2000126c    00000055     UNINITIALIZED
                  2000126c    00000054     lcd.obj (.bss:lastbuffer$3)
                  200012c0    00000001     (.common:_prevButton)

.data      0    200012c4    00000029     UNINITIALIZED
                  200012c4    0000000c     rtsv7M4_T_le_v4SPD16_eabi.lib : exit.obj (.data:$O1$$)
                  200012d0    0000000c     clock_intr.obj (.data)
                  200012dc    00000008     rtsv7M4_T_le_v4SPD16_eabi.lib : _lock.obj (.data:$O1$$)
                  200012e4    00000004                                   : errno.obj (.data)
                  200012e8    00000004                                   : stkdepth_vars.obj (.data)
                  200012ec    00000001     button.obj (.data)

MODULE SUMMARY

       Module                         code   ro data   rw data
       ------                         ----   -------   -------
    .\
       lcd.obj                        760    8         84     
       tm4c123gh6pm_startup_ccs.obj   12     620       0      
       clock_intr.obj                 528    0         12     
       Timer.obj                      344    0         0      
       button.obj                     240    0         2      
    +--+------------------------------+------+---------+---------+
       Total:                         1884   628       98     
                                                              
    C:/ti/TivaWare_C_Series-2.1.2.111/driverlib/ccs/Debug/driverlib.lib
       interrupt.obj                  68     0         620    
       cpu.obj                        12     0         0      
    +--+------------------------------+------+---------+---------+
       Total:                         80     0         620    
                                                              
    C:\ti\ccsv7\tools\compiler\ti-cgt-arm_16.9.6.LTS\lib\rtsv7M4_T_le_v4SPD16_eabi.lib
       _printfi.obj                   4414   0         0      
       ull_div_t2.obj                 500    0         0      
       fd_add_t2.obj                  438    0         0      
       fd_div_t2.obj                  310    0         0      
       fd_cmp_t2.obj                  268    0         0      
       ctype.obj                      0      257       0      
       fd_mul_t2.obj                  252    0         0      
       s_scalbn.obj                   252    0         0      
       memcpy_t2.obj                  156    0         0      
       vsnprintf.obj                  136    0         0      
       memset_t2.obj                  122    0         0      
       autoinit.obj                   112    0         0      
       copy_decompress_lzss.obj       104    0         0      
       s_frexp.obj                    100    0         0      
       exit.obj                       84     0         12     
       boot.obj                       84     0         0      
       ltoa.obj                       84     0         0      
       atoi.obj                       76     0         0      
       cpy_tbl.obj                    76     0         0      
       fd_toi_t2.obj                  72     0         0      
       i_tofd_t2.obj                  46     0         0      
       _lock.obj                      20     0         8      
       memccpy.obj                    28     0         0      
       args_main.obj                  24     0         0      
       strcmp.obj                     24     0         0      
       strchr.obj                     22     0         0      
       s_copysign.obj                 20     0         0      
       strcpy.obj                     20     0         0      
       strlen.obj                     20     0         0      
       copy_decompress_none.obj       14     0         0      
       copy_zero_init.obj             12     0         0      
       errno.obj                      0      0         4      
       pre_init.obj                   4      0         0      
       stkdepth_vars.obj              0      0         4      
       mpu_init.obj                   2      0         0      
       startup.obj                    2      0         0      
    +--+------------------------------+------+---------+---------+
       Total:                         7898   257       28     
                                                              
       Stack:                         0      0         4096   
       Linker Generated:              0      78        0      
    +--+------------------------------+------+---------+---------+
       Grand Total:                   9862   963       4842   


LINKER GENERATED COPY TABLES

__TI_cinit_table @ 00002a40 records: 3, size/record: 8, table size: 24
	.data: load addr=00002a08, load size=0000001a bytes, run addr=200012c4, run size=00000029 bytes, compression=lzss
	.bss: load addr=00002a30, load size=00000008 bytes, run addr=2000126c, run size=00000055 bytes, compression=zero_init
	.vtable: load addr=00002a38, load size=00000008 bytes, run addr=20000000, run size=0000026c bytes, compression=zero_init


LINKER GENERATED HANDLER TABLE

__TI_handler_table @ 00002a24 records: 3, size/record: 4, table size: 12
	index: 0, handler: __TI_zero_init
	index: 1, handler: __TI_decompress_lzss
	index: 2, handler: __TI_decompress_none


GLOBAL SYMBOLS: SORTED ALPHABETICALLY BY Name 

address   name                           
-------   ----                           
00002605  C$$EXIT                        
000028d3  CPUcpsie                       
000028a5  IntMasterEnable                
0000278d  IntRegister                    
000028eb  ResetISR                       
UNDEFED   SHT$$INIT_ARRAY$$Base          
UNDEFED   SHT$$INIT_ARRAY$$Limit         
00001695  TIMER4A_Handler                
000016e5  TIMER4B_Handler                
2000126c  __STACK_END                    
00001000  __STACK_SIZE                   
2000046c  __STACK_TOP                    
00002a40  __TI_CINIT_Base                
00002a58  __TI_CINIT_Limit               
00002a24  __TI_Handler_Table_Base        
00002a30  __TI_Handler_Table_Limit       
00002475  __TI_auto_init                 
200012c4  __TI_cleanup_ptr               
000024e5  __TI_decompress_lzss           
000028c5  __TI_decompress_none           
200012c8  __TI_dtors_ptr                 
200012cc  __TI_enable_exit_profile_output
ffffffff  __TI_pprof_out_hndl            
00000ab1  __TI_printfi                   
ffffffff  __TI_prof_data_size            
ffffffff  __TI_prof_data_start           
00000000  __TI_static_base__             
000028df  __TI_zero_init                 
000022ed  __aeabi_cdcmpeq                
000022ed  __aeabi_cdcmple                
00002373  __aeabi_cdrcmple               
00002745  __aeabi_d2iz                   
00001aa3  __aeabi_dadd                   
00001da9  __aeabi_ddiv                   
00001edf  __aeabi_dmul                   
00001a99  __aeabi_dsub                   
000027c1  __aeabi_i2d                    
000023f9  __aeabi_memclr                 
000023f9  __aeabi_memclr4                
000023f9  __aeabi_memclr8                
000021c9  __aeabi_memcpy                 
000021c9  __aeabi_memcpy4                
000021c9  __aeabi_memcpy8                
000023fb  __aeabi_memset                 
000023fb  __aeabi_memset4                
000023fb  __aeabi_memset8                
000018a5  __aeabi_uldivmod               
ffffffff  __binit__                      
ffffffff  __c_args__                     
000013ab  __mpu_init                     
2000026c  __stack                        
0000280d  _args_main                     
000025b1  _c_int00                       
000028fa  _ctypes_                       
200012dc  _lock                          
00002863  _nop                           
200012c0  _prevButton                    
0000285b  _register_lock                 
00002855  _register_unlock               
00001c4f  _system_post_cinit             
000028f7  _system_pre_init               
200012e0  _unlock                        
00002609  abort                          
000026ad  atoi                           
ffffffff  binit                          
00002105  button_checkButtons            
0000210f  button_getButton               
0000215b  button_getButtonBlocking       
0000216f  button_getButtonChange         
00002199  button_getButtonChangeBlocking 
000020d9  button_init                    
000017a5  clock_timer_init               
000026f9  copy_in                        
00002869  copysign                       
00002869  copysignl                      
200012e4  errno                          
00002611  exit                           
0000254d  frexp                          
0000254d  frexpl                         
20000000  g_pfnRAMVectors                
00000000  g_pfnVectors                   
200012d0  hours                          
000028b5  lcd_clear                      
00001541  lcd_gotoLine                   
000013ad  lcd_init                       
000015a7  lcd_printf                     
00001469  lcd_putc                       
000014a1  lcd_puts                       
000014bf  lcd_sendCommand                
000014fd  lcd_sendNibble                 
00001569  lcd_setCursorPos               
00001fdd  ldexp                          
00001fdd  ldexpl                         
00002659  ltoa                           
00001829  main                           
200012e8  main_func_sp                   
000027ef  memccpy                        
000021c9  memcpy                         
00002401  memset                         
200012d4  minutes                        
00001fdd  scalbn                         
00001fdd  scalbnl                        
200012d8  seconds                        
0000283d  strchr                         
00002825  strcmp                         
0000287d  strcpy                         
00002891  strlen                         
00001d61  timer_getClock                 
00001d15  timer_startClock               
00001caf  timer_startTimer               
00001d67  timer_stopClock                
00001cff  timer_stopTimer                
00001c85  timer_waitMicros               
00001c51  timer_waitMillis               
00002265  vsnprintf                      


GLOBAL SYMBOLS: SORTED BY Symbol Address 

address   name                           
-------   ----                           
00000000  __TI_static_base__             
00000000  g_pfnVectors                   
00000ab1  __TI_printfi                   
00001000  __STACK_SIZE                   
000013ab  __mpu_init                     
000013ad  lcd_init                       
00001469  lcd_putc                       
000014a1  lcd_puts                       
000014bf  lcd_sendCommand                
000014fd  lcd_sendNibble                 
00001541  lcd_gotoLine                   
00001569  lcd_setCursorPos               
000015a7  lcd_printf                     
00001695  TIMER4A_Handler                
000016e5  TIMER4B_Handler                
000017a5  clock_timer_init               
00001829  main                           
000018a5  __aeabi_uldivmod               
00001a99  __aeabi_dsub                   
00001aa3  __aeabi_dadd                   
00001c4f  _system_post_cinit             
00001c51  timer_waitMillis               
00001c85  timer_waitMicros               
00001caf  timer_startTimer               
00001cff  timer_stopTimer                
00001d15  timer_startClock               
00001d61  timer_getClock                 
00001d67  timer_stopClock                
00001da9  __aeabi_ddiv                   
00001edf  __aeabi_dmul                   
00001fdd  ldexp                          
00001fdd  ldexpl                         
00001fdd  scalbn                         
00001fdd  scalbnl                        
000020d9  button_init                    
00002105  button_checkButtons            
0000210f  button_getButton               
0000215b  button_getButtonBlocking       
0000216f  button_getButtonChange         
00002199  button_getButtonChangeBlocking 
000021c9  __aeabi_memcpy                 
000021c9  __aeabi_memcpy4                
000021c9  __aeabi_memcpy8                
000021c9  memcpy                         
00002265  vsnprintf                      
000022ed  __aeabi_cdcmpeq                
000022ed  __aeabi_cdcmple                
00002373  __aeabi_cdrcmple               
000023f9  __aeabi_memclr                 
000023f9  __aeabi_memclr4                
000023f9  __aeabi_memclr8                
000023fb  __aeabi_memset                 
000023fb  __aeabi_memset4                
000023fb  __aeabi_memset8                
00002401  memset                         
00002475  __TI_auto_init                 
000024e5  __TI_decompress_lzss           
0000254d  frexp                          
0000254d  frexpl                         
000025b1  _c_int00                       
00002605  C$$EXIT                        
00002609  abort                          
00002611  exit                           
00002659  ltoa                           
000026ad  atoi                           
000026f9  copy_in                        
00002745  __aeabi_d2iz                   
0000278d  IntRegister                    
000027c1  __aeabi_i2d                    
000027ef  memccpy                        
0000280d  _args_main                     
00002825  strcmp                         
0000283d  strchr                         
00002855  _register_unlock               
0000285b  _register_lock                 
00002863  _nop                           
00002869  copysign                       
00002869  copysignl                      
0000287d  strcpy                         
00002891  strlen                         
000028a5  IntMasterEnable                
000028b5  lcd_clear                      
000028c5  __TI_decompress_none           
000028d3  CPUcpsie                       
000028df  __TI_zero_init                 
000028eb  ResetISR                       
000028f7  _system_pre_init               
000028fa  _ctypes_                       
00002a24  __TI_Handler_Table_Base        
00002a30  __TI_Handler_Table_Limit       
00002a40  __TI_CINIT_Base                
00002a58  __TI_CINIT_Limit               
20000000  g_pfnRAMVectors                
2000026c  __stack                        
2000046c  __STACK_TOP                    
2000126c  __STACK_END                    
200012c0  _prevButton                    
200012c4  __TI_cleanup_ptr               
200012c8  __TI_dtors_ptr                 
200012cc  __TI_enable_exit_profile_output
200012d0  hours                          
200012d4  minutes                        
200012d8  seconds                        
200012dc  _lock                          
200012e0  _unlock                        
200012e4  errno                          
200012e8  main_func_sp                   
ffffffff  __TI_pprof_out_hndl            
ffffffff  __TI_prof_data_size            
ffffffff  __TI_prof_data_start           
ffffffff  __binit__                      
ffffffff  __c_args__                     
ffffffff  binit                          
UNDEFED   SHT$$INIT_ARRAY$$Base          
UNDEFED   SHT$$INIT_ARRAY$$Limit         

[115 symbols]
