******************************************************************************
                  TI ARM Linker PC v16.9.6                     
******************************************************************************
>> Linked Wed Feb 21 12:00:58 2018

OUTPUT FILE NAME:   <lab5Final.out>
ENTRY POINT SYMBOL: "_c_int00"  address: 0000278d


MEMORY CONFIGURATION

         name            origin    length      used     unused   attr    fill
----------------------  --------  ---------  --------  --------  ----  --------
  FLASH                 00000000   00040000  00002bd2  0003d42e  R  X
  SRAM                  20000000   00008000  00001072  00006f8e  RW X


SEGMENT ALLOCATION MAP

run origin  load origin   length   init length attrs members
----------  ----------- ---------- ----------- ----- -------
00000000    00000000    00002bd8   00002bd8    r-x
  00000000    00000000    0000026c   0000026c    r-- .intvecs
  0000026c    0000026c    0000281a   0000281a    r-x .text
  00002a86    00002a86    00000114   00000114    r-- .const
  00002ba0    00002ba0    00000038   00000038    r-- .cinit
20000000    20000000    00001075   00000000    rw-
  20000000    20000000    00001000   00000000    rw- .stack
  20001000    20001000    00000055   00000000    rw- .bss
  20001058    20001058    0000001d   00000000    rw- .data


SECTION ALLOCATION MAP

 output                                  attributes/
section   page    origin      length       input sections
--------  ----  ----------  ----------   ----------------
.intvecs   0    00000000    0000026c     
                  00000000    0000026c     tm4c123gh6pm_startup_ccs.obj (.intvecs)

.text      0    0000026c    0000281a     
                  0000026c    0000113e     rtsv7M4_T_le_v4SPD16_eabi.lib : _printfi.obj (.text)
                  000013aa    00000002                                   : mpu_init.obj (.text)
                  000013ac    00000314     uart.obj (.text)
                  000016c0    000002ec     lcd.obj (.text)
                  000019ac    000001f4     rtsv7M4_T_le_v4SPD16_eabi.lib : ull_div_t2.obj (.text)
                  00001ba0    000001b6                                   : fd_add_t2.obj (.text)
                  00001d56    00000002                                   : startup.obj (.text)
                  00001d58    00000158     Timer.obj (.text)
                  00001eb0    00000136     rtsv7M4_T_le_v4SPD16_eabi.lib : fd_div_t2.obj (.text)
                  00001fe6    000000fc                                   : fd_mul_t2.obj (.text)
                  000020e2    00000002     --HOLE-- [fill = 0]
                  000020e4    000000fc                                   : s_scalbn.obj (.text)
                  000021e0    000000f0     button.obj (.text)
                  000022d0    000000d4     WiFi.obj (.text)
                  000023a4    0000009c     rtsv7M4_T_le_v4SPD16_eabi.lib : memcpy_t2.obj (.text)
                  00002440    00000088                                   : vsnprintf.obj (.text)
                  000024c8    00000086                                   : fd_cmp_t2.obj (.text:__aeabi_cdcmple)
                  0000254e    00000086                                   : fd_cmp_t2.obj (.text:__aeabi_cdrcmple)
                  000025d4    0000007a                                   : memset_t2.obj (.text)
                  0000264e    00000002     --HOLE-- [fill = 0]
                  00002650    00000070                                   : autoinit.obj (.text)
                  000026c0    00000068                                   : copy_decompress_lzss.obj (.text:decompress:lzss)
                  00002728    00000064                                   : s_frexp.obj (.text)
                  0000278c    00000054                                   : boot.obj (.text)
                  000027e0    00000054                                   : exit.obj (.text)
                  00002834    00000054                                   : ltoa.obj (.text)
                  00002888    0000004c                                   : atoi.obj (.text)
                  000028d4    0000004c                                   : cpy_tbl.obj (.text)
                  00002920    00000048                                   : fd_toi_t2.obj (.text)
                  00002968    0000002e                                   : i_tofd_t2.obj (.text)
                  00002996    0000001c                                   : memccpy.obj (.text)
                  000029b2    00000002     --HOLE-- [fill = 0]
                  000029b4    00000018                                   : args_main.obj (.text)
                  000029cc    00000018                                   : strcmp.obj (.text)
                  000029e4    00000016                                   : strchr.obj (.text)
                  000029fa    00000002     --HOLE-- [fill = 0]
                  000029fc    00000014                                   : _lock.obj (.text)
                  00002a10    00000014                                   : s_copysign.obj (.text)
                  00002a24    00000014                                   : strcpy.obj (.text)
                  00002a38    00000014                                   : strlen.obj (.text)
                  00002a4c    00000010     lcd.obj (.text:lcd_clear)
                  00002a5c    0000000e     rtsv7M4_T_le_v4SPD16_eabi.lib : copy_decompress_none.obj (.text:decompress:none)
                  00002a6a    0000000c                                   : copy_zero_init.obj (.text:decompress:ZI)
                  00002a76    0000000c     tm4c123gh6pm_startup_ccs.obj (.text)
                  00002a82    00000004     rtsv7M4_T_le_v4SPD16_eabi.lib : pre_init.obj (.text)

.const     0    00002a86    00000114     
                  00002a86    00000101     rtsv7M4_T_le_v4SPD16_eabi.lib : ctype.obj (.const:.string:_ctypes_)
                  00002b87    0000000b     uart.obj (.const:.string:$P$T0$1)
                  00002b92    00000004     lcd.obj (.const:.string:lineAddress$1)
                  00002b96    00000004     lcd.obj (.const:.string:lineAddresses$2)

.cinit     0    00002ba0    00000038     
                  00002ba0    00000011     (.cinit..data.load) [load image, compression = lzss]
                  00002bb1    00000003     --HOLE-- [fill = 0]
                  00002bb4    0000000c     (__TI_handler_table)
                  00002bc0    00000008     (.cinit..bss.load) [load image, compression = zero_init]
                  00002bc8    00000010     (__TI_cinit_table)

.init_array 
*          0    00000000    00000000     UNINITIALIZED

.stack     0    20000000    00001000     UNINITIALIZED
                  20000000    00001000     --HOLE--

.bss       0    20001000    00000055     UNINITIALIZED
                  20001000    00000054     lcd.obj (.bss:lastbuffer$3)
                  20001054    00000001     (.common:_prevButton)

.data      0    20001058    0000001d     UNINITIALIZED
                  20001058    0000000c     rtsv7M4_T_le_v4SPD16_eabi.lib : exit.obj (.data:$O1$$)
                  20001064    00000008                                   : _lock.obj (.data:$O1$$)
                  2000106c    00000004                                   : errno.obj (.data)
                  20001070    00000004                                   : stkdepth_vars.obj (.data)
                  20001074    00000001     button.obj (.data)

MODULE SUMMARY

       Module                         code    ro data   rw data
       ------                         ----    -------   -------
    .\
       lcd.obj                        764     8         84     
       uart.obj                       788     11        0      
       tm4c123gh6pm_startup_ccs.obj   12      620       0      
       Timer.obj                      344     0         0      
       button.obj                     240     0         2      
       WiFi.obj                       212     0         0      
    +--+------------------------------+-------+---------+---------+
       Total:                         2360    639       86     
                                                               
    C:\ti\ccsv7\tools\compiler\ti-cgt-arm_16.9.6.LTS\lib\rtsv7M4_T_le_v4SPD16_eabi.lib
       _printfi.obj                   4414    0         0      
       ull_div_t2.obj                 500     0         0      
       fd_add_t2.obj                  438     0         0      
       fd_div_t2.obj                  310     0         0      
       fd_cmp_t2.obj                  268     0         0      
       ctype.obj                      0       257       0      
       fd_mul_t2.obj                  252     0         0      
       s_scalbn.obj                   252     0         0      
       memcpy_t2.obj                  156     0         0      
       vsnprintf.obj                  136     0         0      
       memset_t2.obj                  122     0         0      
       autoinit.obj                   112     0         0      
       copy_decompress_lzss.obj       104     0         0      
       s_frexp.obj                    100     0         0      
       exit.obj                       84      0         12     
       boot.obj                       84      0         0      
       ltoa.obj                       84      0         0      
       atoi.obj                       76      0         0      
       cpy_tbl.obj                    76      0         0      
       fd_toi_t2.obj                  72      0         0      
       i_tofd_t2.obj                  46      0         0      
       _lock.obj                      20      0         8      
       memccpy.obj                    28      0         0      
       args_main.obj                  24      0         0      
       strcmp.obj                     24      0         0      
       strchr.obj                     22      0         0      
       s_copysign.obj                 20      0         0      
       strcpy.obj                     20      0         0      
       strlen.obj                     20      0         0      
       copy_decompress_none.obj       14      0         0      
       copy_zero_init.obj             12      0         0      
       errno.obj                      0       0         4      
       pre_init.obj                   4       0         0      
       stkdepth_vars.obj              0       0         4      
       mpu_init.obj                   2       0         0      
       startup.obj                    2       0         0      
    +--+------------------------------+-------+---------+---------+
       Total:                         7898    257       28     
                                                               
       Stack:                         0       0         4096   
       Linker Generated:              0       53        0      
    +--+------------------------------+-------+---------+---------+
       Grand Total:                   10258   949       4210   


LINKER GENERATED COPY TABLES

__TI_cinit_table @ 00002bc8 records: 2, size/record: 8, table size: 16
	.data: load addr=00002ba0, load size=00000011 bytes, run addr=20001058, run size=0000001d bytes, compression=lzss
	.bss: load addr=00002bc0, load size=00000008 bytes, run addr=20001000, run size=00000055 bytes, compression=zero_init


LINKER GENERATED HANDLER TABLE

__TI_handler_table @ 00002bb4 records: 3, size/record: 4, table size: 12
	index: 0, handler: __TI_decompress_lzss
	index: 1, handler: __TI_decompress_none
	index: 2, handler: __TI_zero_init


GLOBAL SYMBOLS: SORTED ALPHABETICALLY BY Name 

address   name                           
-------   ----                           
000027e1  C$$EXIT                        
00002a77  ResetISR                       
UNDEFED   SHT$$INIT_ARRAY$$Base          
UNDEFED   SHT$$INIT_ARRAY$$Limit         
000022d1  WiFi_start                     
0000232d  WiFi_stop                      
20001000  __STACK_END                    
00001000  __STACK_SIZE                   
20000200  __STACK_TOP                    
00002bc8  __TI_CINIT_Base                
00002bd8  __TI_CINIT_Limit               
00002bb4  __TI_Handler_Table_Base        
00002bc0  __TI_Handler_Table_Limit       
00002651  __TI_auto_init                 
20001058  __TI_cleanup_ptr               
000026c1  __TI_decompress_lzss           
00002a5d  __TI_decompress_none           
2000105c  __TI_dtors_ptr                 
20001060  __TI_enable_exit_profile_output
ffffffff  __TI_pprof_out_hndl            
00000ab1  __TI_printfi                   
ffffffff  __TI_prof_data_size            
ffffffff  __TI_prof_data_start           
00000000  __TI_static_base__             
00002a6b  __TI_zero_init                 
000024c9  __aeabi_cdcmpeq                
000024c9  __aeabi_cdcmple                
0000254f  __aeabi_cdrcmple               
00002921  __aeabi_d2iz                   
00001bab  __aeabi_dadd                   
00001eb1  __aeabi_ddiv                   
00001fe7  __aeabi_dmul                   
00001ba1  __aeabi_dsub                   
00002969  __aeabi_i2d                    
000025d5  __aeabi_memclr                 
000025d5  __aeabi_memclr4                
000025d5  __aeabi_memclr8                
000023a5  __aeabi_memcpy                 
000023a5  __aeabi_memcpy4                
000023a5  __aeabi_memcpy8                
000025d7  __aeabi_memset                 
000025d7  __aeabi_memset4                
000025d7  __aeabi_memset8                
000019ad  __aeabi_uldivmod               
ffffffff  __binit__                      
ffffffff  __c_args__                     
000013ab  __mpu_init                     
20000000  __stack                        
000029b5  _args_main                     
0000278d  _c_int00                       
00002a86  _ctypes_                       
20001064  _lock                          
00002a0b  _nop                           
20001054  _prevButton                    
00002a03  _register_lock                 
000029fd  _register_unlock               
0000233b  _sendCommand                   
00001d57  _system_post_cinit             
00002a83  _system_pre_init               
20001068  _unlock                        
000027e5  abort                          
00002889  atoi                           
ffffffff  binit                          
0000220d  button_checkButtons            
00002217  button_getButton               
00002263  button_getButtonBlocking       
00002277  button_getButtonChange         
000022a1  button_getButtonChangeBlocking 
000021e1  button_init                    
000028d5  copy_in                        
00002a11  copysign                       
00002a11  copysignl                      
2000106c  errno                          
000027ed  exit                           
00002729  frexp                          
00002729  frexpl                         
00000000  g_pfnVectors                   
00002a4d  lcd_clear                      
00001859  lcd_gotoLine                   
000016c1  lcd_init                       
000018bf  lcd_printf                     
00001781  lcd_putc                       
000017b9  lcd_puts                       
000017d7  lcd_sendCommand                
00001815  lcd_sendNibble                 
00001881  lcd_setCursorPos               
000020e5  ldexp                          
000020e5  ldexpl                         
00002835  ltoa                           
00001537  main                           
20001070  main_func_sp                   
00002997  memccpy                        
000023a5  memcpy                         
000025dd  memset                         
000020e5  scalbn                         
000020e5  scalbnl                        
000029e5  strchr                         
000029cd  strcmp                         
00002a25  strcpy                         
00002a39  strlen                         
00001e69  timer_getClock                 
00001e1d  timer_startClock               
00001db7  timer_startTimer               
00001e6f  timer_stopClock                
00001e07  timer_stopTimer                
00001d8d  timer_waitMicros               
00001d59  timer_waitMillis               
000013ad  uart_init                      
00001457  uart_receive                   
0000143b  uart_sendChar                  
0000150f  uart_sendStr                   
00002441  vsnprintf                      


GLOBAL SYMBOLS: SORTED BY Symbol Address 

address   name                           
-------   ----                           
00000000  __TI_static_base__             
00000000  g_pfnVectors                   
00000ab1  __TI_printfi                   
00001000  __STACK_SIZE                   
000013ab  __mpu_init                     
000013ad  uart_init                      
0000143b  uart_sendChar                  
00001457  uart_receive                   
0000150f  uart_sendStr                   
00001537  main                           
000016c1  lcd_init                       
00001781  lcd_putc                       
000017b9  lcd_puts                       
000017d7  lcd_sendCommand                
00001815  lcd_sendNibble                 
00001859  lcd_gotoLine                   
00001881  lcd_setCursorPos               
000018bf  lcd_printf                     
000019ad  __aeabi_uldivmod               
00001ba1  __aeabi_dsub                   
00001bab  __aeabi_dadd                   
00001d57  _system_post_cinit             
00001d59  timer_waitMillis               
00001d8d  timer_waitMicros               
00001db7  timer_startTimer               
00001e07  timer_stopTimer                
00001e1d  timer_startClock               
00001e69  timer_getClock                 
00001e6f  timer_stopClock                
00001eb1  __aeabi_ddiv                   
00001fe7  __aeabi_dmul                   
000020e5  ldexp                          
000020e5  ldexpl                         
000020e5  scalbn                         
000020e5  scalbnl                        
000021e1  button_init                    
0000220d  button_checkButtons            
00002217  button_getButton               
00002263  button_getButtonBlocking       
00002277  button_getButtonChange         
000022a1  button_getButtonChangeBlocking 
000022d1  WiFi_start                     
0000232d  WiFi_stop                      
0000233b  _sendCommand                   
000023a5  __aeabi_memcpy                 
000023a5  __aeabi_memcpy4                
000023a5  __aeabi_memcpy8                
000023a5  memcpy                         
00002441  vsnprintf                      
000024c9  __aeabi_cdcmpeq                
000024c9  __aeabi_cdcmple                
0000254f  __aeabi_cdrcmple               
000025d5  __aeabi_memclr                 
000025d5  __aeabi_memclr4                
000025d5  __aeabi_memclr8                
000025d7  __aeabi_memset                 
000025d7  __aeabi_memset4                
000025d7  __aeabi_memset8                
000025dd  memset                         
00002651  __TI_auto_init                 
000026c1  __TI_decompress_lzss           
00002729  frexp                          
00002729  frexpl                         
0000278d  _c_int00                       
000027e1  C$$EXIT                        
000027e5  abort                          
000027ed  exit                           
00002835  ltoa                           
00002889  atoi                           
000028d5  copy_in                        
00002921  __aeabi_d2iz                   
00002969  __aeabi_i2d                    
00002997  memccpy                        
000029b5  _args_main                     
000029cd  strcmp                         
000029e5  strchr                         
000029fd  _register_unlock               
00002a03  _register_lock                 
00002a0b  _nop                           
00002a11  copysign                       
00002a11  copysignl                      
00002a25  strcpy                         
00002a39  strlen                         
00002a4d  lcd_clear                      
00002a5d  __TI_decompress_none           
00002a6b  __TI_zero_init                 
00002a77  ResetISR                       
00002a83  _system_pre_init               
00002a86  _ctypes_                       
00002bb4  __TI_Handler_Table_Base        
00002bc0  __TI_Handler_Table_Limit       
00002bc8  __TI_CINIT_Base                
00002bd8  __TI_CINIT_Limit               
20000000  __stack                        
20000200  __STACK_TOP                    
20001000  __STACK_END                    
20001054  _prevButton                    
20001058  __TI_cleanup_ptr               
2000105c  __TI_dtors_ptr                 
20001060  __TI_enable_exit_profile_output
20001064  _lock                          
20001068  _unlock                        
2000106c  errno                          
20001070  main_func_sp                   
ffffffff  __TI_pprof_out_hndl            
ffffffff  __TI_prof_data_size            
ffffffff  __TI_prof_data_start           
ffffffff  __binit__                      
ffffffff  __c_args__                     
ffffffff  binit                          
UNDEFED   SHT$$INIT_ARRAY$$Base          
UNDEFED   SHT$$INIT_ARRAY$$Limit         

[112 symbols]
