******************************************************************************
                  TI ARM Linker PC v16.9.6                     
******************************************************************************
>> Linked Thu Mar 08 07:53:08 2018

OUTPUT FILE NAME:   <Lab7.out>
ENTRY POINT SYMBOL: "_c_int00"  address: 0000307d


MEMORY CONFIGURATION

         name            origin    length      used     unused   attr    fill
----------------------  --------  ---------  --------  --------  ----  --------
  FLASH                 00000000   00040000  000035ae  0003ca52  R  X
  SRAM                  20000000   00008000  000012e5  00006d1b  RW X


SEGMENT ALLOCATION MAP

run origin  load origin   length   init length attrs members
----------  ----------- ---------- ----------- ----- -------
00000000    00000000    000035b8   000035b8    r-x
  00000000    00000000    0000026c   0000026c    r-- .intvecs
  0000026c    0000026c    000031be   000031be    r-x .text
  00003430    00003430    0000013c   0000013c    r-- .const
  00003570    00003570    00000048   00000048    r-- .cinit
20000000    20000000    000012e8   00000000    rw-
  20000000    20000000    0000026c   00000000    rw- .vtable
  2000026c    2000026c    00001000   00000000    rw- .stack
  2000126c    2000126c    0000005d   00000000    rw- .bss
  200012cc    200012cc    0000001c   00000000    rw- .data


SECTION ALLOCATION MAP

 output                                  attributes/
section   page    origin      length       input sections
--------  ----  ----------  ----------   ----------------
.intvecs   0    00000000    0000026c     
                  00000000    0000026c     tm4c123gh6pm_startup_ccs.obj (.intvecs)

.text      0    0000026c    000031be     
                  0000026c    0000113e     rtsv7M4_T_le_v4SPD16_eabi.lib : _printfi.obj (.text)
                  000013aa    00000002                                   : mpu_init.obj (.text)
                  000013ac    000009ac                                   : e_pow.obj (.text)
                  00001d58    000002ec     lcd.obj (.text)
                  00002044    000002ac     Sonar.obj (.text)
                  000022f0    000001f4     rtsv7M4_T_le_v4SPD16_eabi.lib : ull_div_t2.obj (.text)
                  000024e4    000001b6                                   : fd_add_t2.obj (.text)
                  0000269a    00000002                                   : startup.obj (.text)
                  0000269c    00000170                                   : e_sqrt.obj (.text)
                  0000280c    00000158     Timer.obj (.text)
                  00002964    00000136     rtsv7M4_T_le_v4SPD16_eabi.lib : fd_div_t2.obj (.text)
                  00002a9a    000000fc                                   : fd_mul_t2.obj (.text)
                  00002b96    00000002     --HOLE-- [fill = 0]
                  00002b98    000000fc                                   : s_scalbn.obj (.text)
                  00002c94    0000009c                                   : memcpy_t2.obj (.text)
                  00002d30    00000088                                   : vsnprintf.obj (.text)
                  00002db8    00000086                                   : fd_cmp_t2.obj (.text:__aeabi_cdcmple)
                  00002e3e    00000086                                   : fd_cmp_t2.obj (.text:__aeabi_cdrcmple)
                  00002ec4    0000007a                                   : memset_t2.obj (.text)
                  00002f3e    00000002     --HOLE-- [fill = 0]
                  00002f40    00000070                                   : autoinit.obj (.text)
                  00002fb0    00000068                                   : copy_decompress_lzss.obj (.text:decompress:lzss)
                  00003018    00000064                                   : s_frexp.obj (.text)
                  0000307c    00000054                                   : boot.obj (.text)
                  000030d0    00000054                                   : exit.obj (.text)
                  00003124    00000054                                   : ltoa.obj (.text)
                  00003178    0000004c                                   : atoi.obj (.text)
                  000031c4    0000004c                                   : cpy_tbl.obj (.text)
                  00003210    00000048                                   : fd_toi_t2.obj (.text)
                  00003258    00000044                                   : fd_tou_t2.obj (.text)
                  0000329c    00000034     driverlib.lib : interrupt.obj (.text:IntRegister)
                  000032d0    0000002e     rtsv7M4_T_le_v4SPD16_eabi.lib : i_tofd_t2.obj (.text)
                  000032fe    00000020                                   : u_tofd_t2.obj (.text)
                  0000331e    0000001c                                   : memccpy.obj (.text)
                  0000333a    00000002     --HOLE-- [fill = 0]
                  0000333c    00000018                                   : args_main.obj (.text)
                  00003354    00000018                                   : strcmp.obj (.text)
                  0000336c    00000016                                   : strchr.obj (.text)
                  00003382    00000002     --HOLE-- [fill = 0]
                  00003384    00000014                                   : _lock.obj (.text)
                  00003398    00000014                                   : s_copysign.obj (.text)
                  000033ac    00000014                                   : strcpy.obj (.text)
                  000033c0    00000014                                   : strlen.obj (.text)
                  000033d4    00000010     driverlib.lib : interrupt.obj (.text:IntMasterEnable)
                  000033e4    00000010     lcd.obj (.text:lcd_clear)
                  000033f4    0000000e     rtsv7M4_T_le_v4SPD16_eabi.lib : copy_decompress_none.obj (.text:decompress:none)
                  00003402    0000000c     driverlib.lib : cpu.obj (.text:CPUcpsie)
                  0000340e    0000000c     rtsv7M4_T_le_v4SPD16_eabi.lib : copy_zero_init.obj (.text:decompress:ZI)
                  0000341a    0000000c     tm4c123gh6pm_startup_ccs.obj (.text)
                  00003426    00000004     rtsv7M4_T_le_v4SPD16_eabi.lib : pre_init.obj (.text)

.const     0    00003430    0000013c     
                  00003430    00000101     rtsv7M4_T_le_v4SPD16_eabi.lib : ctype.obj (.const:.string:_ctypes_)
                  00003531    00000004     lcd.obj (.const:.string:lineAddress$1)
                  00003535    00000003     --HOLE-- [fill = 0]
                  00003538    00000030     rtsv7M4_T_le_v4SPD16_eabi.lib : e_pow.obj (.const:$O1$$)
                  00003568    00000004     lcd.obj (.const:.string:lineAddresses$2)

.cinit     0    00003570    00000048     
                  00003570    00000011     (.cinit..data.load) [load image, compression = lzss]
                  00003581    00000003     --HOLE-- [fill = 0]
                  00003584    0000000c     (__TI_handler_table)
                  00003590    00000008     (.cinit..bss.load) [load image, compression = zero_init]
                  00003598    00000008     (.cinit..vtable.load) [load image, compression = zero_init]
                  000035a0    00000018     (__TI_cinit_table)

.init_array 
*          0    00000000    00000000     UNINITIALIZED

.vtable    0    20000000    0000026c     UNINITIALIZED
                  20000000    0000026c     driverlib.lib : interrupt.obj (.vtable)

.stack     0    2000026c    00001000     UNINITIALIZED
                  2000026c    00001000     --HOLE--

.bss       0    2000126c    0000005d     UNINITIALIZED
                  2000126c    00000054     lcd.obj (.bss:lastbuffer$3)
                  200012c0    00000004     (.common:falling_edge_time)
                  200012c4    00000004     (.common:rising_edge_time)
                  200012c8    00000001     (.common:state)

.data      0    200012cc    0000001c     UNINITIALIZED
                  200012cc    0000000c     rtsv7M4_T_le_v4SPD16_eabi.lib : exit.obj (.data:$O1$$)
                  200012d8    00000008                                   : _lock.obj (.data:$O1$$)
                  200012e0    00000004                                   : errno.obj (.data)
                  200012e4    00000004                                   : stkdepth_vars.obj (.data)

MODULE SUMMARY

       Module                         code    ro data   rw data
       ------                         ----    -------   -------
    .\
       lcd.obj                        764     8         84     
       Sonar.obj                      684     0         9      
       tm4c123gh6pm_startup_ccs.obj   12      620       0      
       Timer.obj                      344     0         0      
    +--+------------------------------+-------+---------+---------+
       Total:                         1804    628       93     
                                                               
    C:/ti/TivaWare_C_Series-2.1.2.111/driverlib/ccs/Debug/driverlib.lib
       interrupt.obj                  68      0         620    
       cpu.obj                        12      0         0      
    +--+------------------------------+-------+---------+---------+
       Total:                         80      0         620    
                                                               
    C:\ti\ccsv7\tools\compiler\ti-cgt-arm_16.9.6.LTS\lib\rtsv7M4_T_le_v4SPD16_eabi.lib
       _printfi.obj                   4414    0         0      
       e_pow.obj                      2476    48        0      
       ull_div_t2.obj                 500     0         0      
       fd_add_t2.obj                  438     0         0      
       e_sqrt.obj                     368     0         0      
       fd_div_t2.obj                  310     0         0      
       fd_cmp_t2.obj                  268     0         0      
       ctype.obj                      0       257       0      
       fd_mul_t2.obj                  252     0         0      
       s_scalbn.obj                   252     0         0      
       memcpy_t2.obj                  156     0         0      
       vsnprintf.obj                  136     0         0      
       memset_t2.obj                  122     0         0      
       autoinit.obj                   112     0         0      
       copy_decompress_lzss.obj       104     0         0      
       s_frexp.obj                    100     0         0      
       exit.obj                       84      0         12     
       boot.obj                       84      0         0      
       ltoa.obj                       84      0         0      
       atoi.obj                       76      0         0      
       cpy_tbl.obj                    76      0         0      
       fd_toi_t2.obj                  72      0         0      
       fd_tou_t2.obj                  68      0         0      
       i_tofd_t2.obj                  46      0         0      
       u_tofd_t2.obj                  32      0         0      
       _lock.obj                      20      0         8      
       memccpy.obj                    28      0         0      
       args_main.obj                  24      0         0      
       strcmp.obj                     24      0         0      
       strchr.obj                     22      0         0      
       s_copysign.obj                 20      0         0      
       strcpy.obj                     20      0         0      
       strlen.obj                     20      0         0      
       copy_decompress_none.obj       14      0         0      
       copy_zero_init.obj             12      0         0      
       errno.obj                      0       0         4      
       pre_init.obj                   4       0         0      
       stkdepth_vars.obj              0       0         4      
       mpu_init.obj                   2       0         0      
       startup.obj                    2       0         0      
    +--+------------------------------+-------+---------+---------+
       Total:                         10842   305       28     
                                                               
       Stack:                         0       0         4096   
       Linker Generated:              0       69        0      
    +--+------------------------------+-------+---------+---------+
       Grand Total:                   12726   1002      4837   


LINKER GENERATED COPY TABLES

__TI_cinit_table @ 000035a0 records: 3, size/record: 8, table size: 24
	.data: load addr=00003570, load size=00000011 bytes, run addr=200012cc, run size=0000001c bytes, compression=lzss
	.bss: load addr=00003590, load size=00000008 bytes, run addr=2000126c, run size=0000005d bytes, compression=zero_init
	.vtable: load addr=00003598, load size=00000008 bytes, run addr=20000000, run size=0000026c bytes, compression=zero_init


LINKER GENERATED HANDLER TABLE

__TI_handler_table @ 00003584 records: 3, size/record: 4, table size: 12
	index: 0, handler: __TI_zero_init
	index: 1, handler: __TI_decompress_lzss
	index: 2, handler: __TI_decompress_none


GLOBAL SYMBOLS: SORTED ALPHABETICALLY BY Name 

address   name                           
-------   ----                           
000030d1  C$$EXIT                        
00003403  CPUcpsie                       
000033d5  IntMasterEnable                
0000329d  IntRegister                    
00002045  PING_INIT                      
0000341b  ResetISR                       
UNDEFED   SHT$$INIT_ARRAY$$Base          
UNDEFED   SHT$$INIT_ARRAY$$Limit         
00002079  TIMER3B_Handler                
000020a7  TIMER_INIT                     
2000126c  __STACK_END                    
00001000  __STACK_SIZE                   
2000046c  __STACK_TOP                    
000035a0  __TI_CINIT_Base                
000035b8  __TI_CINIT_Limit               
00003584  __TI_Handler_Table_Base        
00003590  __TI_Handler_Table_Limit       
00002f41  __TI_auto_init                 
200012cc  __TI_cleanup_ptr               
00002fb1  __TI_decompress_lzss           
000033f5  __TI_decompress_none           
200012d0  __TI_dtors_ptr                 
200012d4  __TI_enable_exit_profile_output
ffffffff  __TI_pprof_out_hndl            
00000ab1  __TI_printfi                   
ffffffff  __TI_prof_data_size            
ffffffff  __TI_prof_data_start           
00000000  __TI_static_base__             
0000340f  __TI_zero_init                 
00002db9  __aeabi_cdcmpeq                
00002db9  __aeabi_cdcmple                
00002e3f  __aeabi_cdrcmple               
00003211  __aeabi_d2iz                   
00003259  __aeabi_d2uiz                  
000024ef  __aeabi_dadd                   
00002965  __aeabi_ddiv                   
00002a9b  __aeabi_dmul                   
000024e5  __aeabi_dsub                   
000032d1  __aeabi_i2d                    
00002ec5  __aeabi_memclr                 
00002ec5  __aeabi_memclr4                
00002ec5  __aeabi_memclr8                
00002c95  __aeabi_memcpy                 
00002c95  __aeabi_memcpy4                
00002c95  __aeabi_memcpy8                
00002ec7  __aeabi_memset                 
00002ec7  __aeabi_memset4                
00002ec7  __aeabi_memset8                
000032ff  __aeabi_ui2d                   
000022f1  __aeabi_uldivmod               
ffffffff  __binit__                      
ffffffff  __c_args__                     
000013ab  __mpu_init                     
2000026c  __stack                        
0000333d  _args_main                     
0000307d  _c_int00                       
00003430  _ctypes_                       
200012d8  _lock                          
00003393  _nop                           
0000338b  _register_lock                 
00003385  _register_unlock               
0000269b  _system_post_cinit             
00003427  _system_pre_init               
200012dc  _unlock                        
000030d5  abort                          
00003179  atoi                           
ffffffff  binit                          
000031c5  copy_in                        
00003399  copysign                       
00003399  copysignl                      
200012e0  errno                          
000030dd  exit                           
200012c0  falling_edge_time              
00003019  frexp                          
00003019  frexpl                         
20000000  g_pfnRAMVectors                
00000000  g_pfnVectors                   
000033e5  lcd_clear                      
00001ef1  lcd_gotoLine                   
00001d59  lcd_init                       
00001f57  lcd_printf                     
00001e19  lcd_putc                       
00001e51  lcd_puts                       
00001e6f  lcd_sendCommand                
00001ead  lcd_sendNibble                 
00001f19  lcd_setCursorPos               
00002b99  ldexp                          
00002b99  ldexpl                         
00003125  ltoa                           
00002223  main                           
200012e4  main_func_sp                   
0000331f  memccpy                        
00002c95  memcpy                         
00002ecd  memset                         
00002199  ping_read                      
000013ad  pow                            
000013ad  powl                           
200012c4  rising_edge_time               
00002b99  scalbn                         
00002b99  scalbnl                        
00002139  send_pulse                     
0000269d  sqrt                           
0000269d  sqrtl                          
200012c8  state                          
0000336d  strchr                         
00003355  strcmp                         
000033ad  strcpy                         
000033c1  strlen                         
0000291d  timer_getClock                 
000028d1  timer_startClock               
0000286b  timer_startTimer               
00002923  timer_stopClock                
000028bb  timer_stopTimer                
00002841  timer_waitMicros               
0000280d  timer_waitMillis               
00002d31  vsnprintf                      


GLOBAL SYMBOLS: SORTED BY Symbol Address 

address   name                           
-------   ----                           
00000000  __TI_static_base__             
00000000  g_pfnVectors                   
00000ab1  __TI_printfi                   
00001000  __STACK_SIZE                   
000013ab  __mpu_init                     
000013ad  pow                            
000013ad  powl                           
00001d59  lcd_init                       
00001e19  lcd_putc                       
00001e51  lcd_puts                       
00001e6f  lcd_sendCommand                
00001ead  lcd_sendNibble                 
00001ef1  lcd_gotoLine                   
00001f19  lcd_setCursorPos               
00001f57  lcd_printf                     
00002045  PING_INIT                      
00002079  TIMER3B_Handler                
000020a7  TIMER_INIT                     
00002139  send_pulse                     
00002199  ping_read                      
00002223  main                           
000022f1  __aeabi_uldivmod               
000024e5  __aeabi_dsub                   
000024ef  __aeabi_dadd                   
0000269b  _system_post_cinit             
0000269d  sqrt                           
0000269d  sqrtl                          
0000280d  timer_waitMillis               
00002841  timer_waitMicros               
0000286b  timer_startTimer               
000028bb  timer_stopTimer                
000028d1  timer_startClock               
0000291d  timer_getClock                 
00002923  timer_stopClock                
00002965  __aeabi_ddiv                   
00002a9b  __aeabi_dmul                   
00002b99  ldexp                          
00002b99  ldexpl                         
00002b99  scalbn                         
00002b99  scalbnl                        
00002c95  __aeabi_memcpy                 
00002c95  __aeabi_memcpy4                
00002c95  __aeabi_memcpy8                
00002c95  memcpy                         
00002d31  vsnprintf                      
00002db9  __aeabi_cdcmpeq                
00002db9  __aeabi_cdcmple                
00002e3f  __aeabi_cdrcmple               
00002ec5  __aeabi_memclr                 
00002ec5  __aeabi_memclr4                
00002ec5  __aeabi_memclr8                
00002ec7  __aeabi_memset                 
00002ec7  __aeabi_memset4                
00002ec7  __aeabi_memset8                
00002ecd  memset                         
00002f41  __TI_auto_init                 
00002fb1  __TI_decompress_lzss           
00003019  frexp                          
00003019  frexpl                         
0000307d  _c_int00                       
000030d1  C$$EXIT                        
000030d5  abort                          
000030dd  exit                           
00003125  ltoa                           
00003179  atoi                           
000031c5  copy_in                        
00003211  __aeabi_d2iz                   
00003259  __aeabi_d2uiz                  
0000329d  IntRegister                    
000032d1  __aeabi_i2d                    
000032ff  __aeabi_ui2d                   
0000331f  memccpy                        
0000333d  _args_main                     
00003355  strcmp                         
0000336d  strchr                         
00003385  _register_unlock               
0000338b  _register_lock                 
00003393  _nop                           
00003399  copysign                       
00003399  copysignl                      
000033ad  strcpy                         
000033c1  strlen                         
000033d5  IntMasterEnable                
000033e5  lcd_clear                      
000033f5  __TI_decompress_none           
00003403  CPUcpsie                       
0000340f  __TI_zero_init                 
0000341b  ResetISR                       
00003427  _system_pre_init               
00003430  _ctypes_                       
00003584  __TI_Handler_Table_Base        
00003590  __TI_Handler_Table_Limit       
000035a0  __TI_CINIT_Base                
000035b8  __TI_CINIT_Limit               
20000000  g_pfnRAMVectors                
2000026c  __stack                        
2000046c  __STACK_TOP                    
2000126c  __STACK_END                    
200012c0  falling_edge_time              
200012c4  rising_edge_time               
200012c8  state                          
200012cc  __TI_cleanup_ptr               
200012d0  __TI_dtors_ptr                 
200012d4  __TI_enable_exit_profile_output
200012d8  _lock                          
200012dc  _unlock                        
200012e0  errno                          
200012e4  main_func_sp                   
ffffffff  __TI_pprof_out_hndl            
ffffffff  __TI_prof_data_size            
ffffffff  __TI_prof_data_start           
ffffffff  __binit__                      
ffffffff  __c_args__                     
ffffffff  binit                          
UNDEFED   SHT$$INIT_ARRAY$$Base          
UNDEFED   SHT$$INIT_ARRAY$$Limit         

[116 symbols]
