******************************************************************************
                  TI ARM Linker PC v16.9.1                     
******************************************************************************
>> Linked Wed Mar 21 14:21:55 2018

OUTPUT FILE NAME:   <Lab8.out>
ENTRY POINT SYMBOL: "_c_int00"  address: 00000a71


MEMORY CONFIGURATION

         name            origin    length      used     unused   attr    fill
----------------------  --------  ---------  --------  --------  ----  --------
  FLASH                 00000000   00040000  00000c66  0003f39a  R  X
  SRAM                  20000000   00008000  0000102a  00006fd6  RW X


SEGMENT ALLOCATION MAP

run origin  load origin   length   init length attrs members
----------  ----------- ---------- ----------- ----- -------
00000000    00000000    00000c68   00000c68    r-x
  00000000    00000000    0000026c   0000026c    r-- .intvecs
  0000026c    0000026c    000009b2   000009b2    r-x .text
  00000c20    00000c20    00000048   00000048    r-- .cinit
20000000    20000000    0000102a   00000000    rw-
  20000000    20000000    00001000   00000000    rw- .stack
  20001000    20001000    00000029   00000000    rw- .data
  20001029    20001029    00000001   00000000    rw- .bss


SECTION ALLOCATION MAP

 output                                  attributes/
section   page    origin      length       input sections
--------  ----  ----------  ----------   ----------------
.intvecs   0    00000000    0000026c     
                  00000000    0000026c     tm4c123gh6pm_startup_ccs.obj (.intvecs)

.text      0    0000026c    000009b2     
                  0000026c    00000270     Servo.obj (.text)
                  000004dc    000001b6     rtsv7M4_T_le_v4SPD16_eabi.lib : fd_add_t2.obj (.text)
                  00000692    000000fc                                   : fd_mul_t2.obj (.text)
                  0000078e    00000002                                   : mpu_init.obj (.text)
                  00000790    000000f0     button.obj (.text)
                  00000880    0000009c     rtsv7M4_T_le_v4SPD16_eabi.lib : memcpy_t2.obj (.text)
                  0000091c    0000007a                                   : memset_t2.obj (.text)
                  00000996    00000002                                   : startup.obj (.text)
                  00000998    00000070                                   : autoinit.obj (.text)
                  00000a08    00000068                                   : copy_decompress_lzss.obj (.text:decompress:lzss)
                  00000a70    00000054                                   : boot.obj (.text)
                  00000ac4    00000054                                   : exit.obj (.text)
                  00000b18    0000004c                                   : cpy_tbl.obj (.text)
                  00000b64    00000044                                   : fd_tou_t2.obj (.text)
                  00000ba8    00000020                                   : u_tofd_t2.obj (.text)
                  00000bc8    00000018                                   : args_main.obj (.text)
                  00000be0    00000014                                   : _lock.obj (.text)
                  00000bf4    0000000e                                   : copy_decompress_none.obj (.text:decompress:none)
                  00000c02    0000000c                                   : copy_zero_init.obj (.text:decompress:ZI)
                  00000c0e    0000000c     tm4c123gh6pm_startup_ccs.obj (.text)
                  00000c1a    00000004     rtsv7M4_T_le_v4SPD16_eabi.lib : pre_init.obj (.text)

.cinit     0    00000c20    00000048     
                  00000c20    0000001d     (.cinit..data.load) [load image, compression = lzss]
                  00000c3d    00000003     --HOLE-- [fill = 0]
                  00000c40    0000000c     (__TI_handler_table)
                  00000c4c    00000004     --HOLE-- [fill = 0]
                  00000c50    00000008     (.cinit..bss.load) [load image, compression = zero_init]
                  00000c58    00000010     (__TI_cinit_table)

.init_array 
*          0    00000000    00000000     UNINITIALIZED

.stack     0    20000000    00001000     UNINITIALIZED
                  20000000    00001000     --HOLE--

.data      0    20001000    00000029     UNINITIALIZED
                  20001000    00000010     Servo.obj (.data)
                  20001010    0000000c     rtsv7M4_T_le_v4SPD16_eabi.lib : exit.obj (.data:$O1$$)
                  2000101c    00000008                                   : _lock.obj (.data:$O1$$)
                  20001024    00000004                                   : stkdepth_vars.obj (.data)
                  20001028    00000001     button.obj (.data)

.bss       0    20001029    00000001     UNINITIALIZED
                  20001029    00000001     (.common:_prevButton)

MODULE SUMMARY

       Module                         code   ro data   rw data
       ------                         ----   -------   -------
    .\
       Servo.obj                      624    0         16     
       tm4c123gh6pm_startup_ccs.obj   12     620       0      
       button.obj                     240    0         2      
    +--+------------------------------+------+---------+---------+
       Total:                         876    620       18     
                                                              
    C:\ti\ccsv7\tools\compiler\ti-cgt-arm_16.9.1.LTS\lib\rtsv7M4_T_le_v4SPD16_eabi.lib
       fd_add_t2.obj                  438    0         0      
       fd_mul_t2.obj                  252    0         0      
       memcpy_t2.obj                  156    0         0      
       memset_t2.obj                  122    0         0      
       autoinit.obj                   112    0         0      
       copy_decompress_lzss.obj       104    0         0      
       exit.obj                       84     0         12     
       boot.obj                       84     0         0      
       cpy_tbl.obj                    76     0         0      
       fd_tou_t2.obj                  68     0         0      
       u_tofd_t2.obj                  32     0         0      
       _lock.obj                      20     0         8      
       args_main.obj                  24     0         0      
       copy_decompress_none.obj       14     0         0      
       copy_zero_init.obj             12     0         0      
       pre_init.obj                   4      0         0      
       stkdepth_vars.obj              0      0         4      
       mpu_init.obj                   2      0         0      
       startup.obj                    2      0         0      
    +--+------------------------------+------+---------+---------+
       Total:                         1606   0         24     
                                                              
       Stack:                         0      0         4096   
       Linker Generated:              0      65        0      
    +--+------------------------------+------+---------+---------+
       Grand Total:                   2482   685       4138   


LINKER GENERATED COPY TABLES

__TI_cinit_table @ 00000c58 records: 2, size/record: 8, table size: 16
	.data: load addr=00000c20, load size=0000001d bytes, run addr=20001000, run size=00000029 bytes, compression=lzss
	.bss: load addr=00000c50, load size=00000008 bytes, run addr=20001029, run size=00000001 bytes, compression=zero_init


LINKER GENERATED HANDLER TABLE

__TI_handler_table @ 00000c40 records: 3, size/record: 4, table size: 12
	index: 0, handler: __TI_decompress_lzss
	index: 1, handler: __TI_decompress_none
	index: 2, handler: __TI_zero_init


GLOBAL SYMBOLS: SORTED ALPHABETICALLY BY Name 

address   name                           
-------   ----                           
00000ac5  C$$EXIT                        
00000c0f  ResetISR                       
0000026d  SERVO_INIT                     
UNDEFED   SHT$$INIT_ARRAY$$Base          
UNDEFED   SHT$$INIT_ARRAY$$Limit         
000002a1  TIMER_INIT                     
20001000  __STACK_END                    
00001000  __STACK_SIZE                   
20000200  __STACK_TOP                    
00000c58  __TI_CINIT_Base                
00000c68  __TI_CINIT_Limit               
00000c40  __TI_Handler_Table_Base        
00000c4c  __TI_Handler_Table_Limit       
00000999  __TI_auto_init                 
20001010  __TI_cleanup_ptr               
00000a09  __TI_decompress_lzss           
00000bf5  __TI_decompress_none           
20001014  __TI_dtors_ptr                 
20001018  __TI_enable_exit_profile_output
ffffffff  __TI_pprof_out_hndl            
ffffffff  __TI_prof_data_size            
ffffffff  __TI_prof_data_start           
00000000  __TI_static_base__             
00000c03  __TI_zero_init                 
00000b65  __aeabi_d2uiz                  
000004e7  __aeabi_dadd                   
00000693  __aeabi_dmul                   
000004dd  __aeabi_dsub                   
0000091d  __aeabi_memclr                 
0000091d  __aeabi_memclr4                
0000091d  __aeabi_memclr8                
00000881  __aeabi_memcpy                 
00000881  __aeabi_memcpy4                
00000881  __aeabi_memcpy8                
0000091f  __aeabi_memset                 
0000091f  __aeabi_memset4                
0000091f  __aeabi_memset8                
00000ba9  __aeabi_ui2d                   
ffffffff  __binit__                      
ffffffff  __c_args__                     
0000078f  __mpu_init                     
20000000  __stack                        
00000bc9  _args_main                     
00000a71  _c_int00                       
2000101c  _lock                          
00000bef  _nop                           
20001029  _prevButton                    
00000be7  _register_lock                 
00000be1  _register_unlock               
00000997  _system_post_cinit             
00000c1b  _system_pre_init               
20001020  _unlock                        
00000ac9  abort                          
ffffffff  binit                          
00000307  buttonMove                     
000007bd  button_checkButtons            
000007c7  button_getButton               
00000813  button_getButtonBlocking       
00000827  button_getButtonChange         
00000851  button_getButtonChangeBlocking 
00000791  button_init                    
00000b19  copy_in                        
2000100c  direction                      
00000ad1  exit                           
00000000  g_pfnVectors                   
20001008  lastButton                     
00000465  main                           
20001024  main_func_sp                   
00000881  memcpy                         
00000925  memset                         
20001004  pwm_match                      
20001000  pwm_period                     
000003a9  setPulseByButton               


GLOBAL SYMBOLS: SORTED BY Symbol Address 

address   name                           
-------   ----                           
00000000  __TI_static_base__             
00000000  g_pfnVectors                   
0000026d  SERVO_INIT                     
000002a1  TIMER_INIT                     
00000307  buttonMove                     
000003a9  setPulseByButton               
00000465  main                           
000004dd  __aeabi_dsub                   
000004e7  __aeabi_dadd                   
00000693  __aeabi_dmul                   
0000078f  __mpu_init                     
00000791  button_init                    
000007bd  button_checkButtons            
000007c7  button_getButton               
00000813  button_getButtonBlocking       
00000827  button_getButtonChange         
00000851  button_getButtonChangeBlocking 
00000881  __aeabi_memcpy                 
00000881  __aeabi_memcpy4                
00000881  __aeabi_memcpy8                
00000881  memcpy                         
0000091d  __aeabi_memclr                 
0000091d  __aeabi_memclr4                
0000091d  __aeabi_memclr8                
0000091f  __aeabi_memset                 
0000091f  __aeabi_memset4                
0000091f  __aeabi_memset8                
00000925  memset                         
00000997  _system_post_cinit             
00000999  __TI_auto_init                 
00000a09  __TI_decompress_lzss           
00000a71  _c_int00                       
00000ac5  C$$EXIT                        
00000ac9  abort                          
00000ad1  exit                           
00000b19  copy_in                        
00000b65  __aeabi_d2uiz                  
00000ba9  __aeabi_ui2d                   
00000bc9  _args_main                     
00000be1  _register_unlock               
00000be7  _register_lock                 
00000bef  _nop                           
00000bf5  __TI_decompress_none           
00000c03  __TI_zero_init                 
00000c0f  ResetISR                       
00000c1b  _system_pre_init               
00000c40  __TI_Handler_Table_Base        
00000c4c  __TI_Handler_Table_Limit       
00000c58  __TI_CINIT_Base                
00000c68  __TI_CINIT_Limit               
00001000  __STACK_SIZE                   
20000000  __stack                        
20000200  __STACK_TOP                    
20001000  __STACK_END                    
20001000  pwm_period                     
20001004  pwm_match                      
20001008  lastButton                     
2000100c  direction                      
20001010  __TI_cleanup_ptr               
20001014  __TI_dtors_ptr                 
20001018  __TI_enable_exit_profile_output
2000101c  _lock                          
20001020  _unlock                        
20001024  main_func_sp                   
20001029  _prevButton                    
ffffffff  __TI_pprof_out_hndl            
ffffffff  __TI_prof_data_size            
ffffffff  __TI_prof_data_start           
ffffffff  __binit__                      
ffffffff  __c_args__                     
ffffffff  binit                          
UNDEFED   SHT$$INIT_ARRAY$$Base          
UNDEFED   SHT$$INIT_ARRAY$$Limit         

[73 symbols]
